<?xml version="1.0" encoding="ISO-8859-1" ?>
<link_info>
   <banner>TMS320C2000 Linker PC v18.1.2.LTS</banner>
   <copyright>Copyright (c) 1996-2017 Texas Instruments Incorporated</copyright>
   <link_time>0x65c7dd63</link_time>
   <link_errors>0x0</link_errors>
   <output_file>C:/Work/sespel/tractor_drive/main_CPU_(real)/../RAM/MainCPU.out</output_file>
   <entry_point>
      <name>_c_int00</name>
      <address>0x9c5c</address>
   </entry_point>
   <input_file_list>
      <input_file id="fl-4">
         <path>C:\Work\sespel\tractor_drive\RAM\</path>
         <kind>object</kind>
         <file>MainCPU-Main(1).obj</file>
         <name>MainCPU-Main(1).obj</name>
      </input_file>
      <input_file id="fl-5">
         <path>C:\Work\sespel\tractor_drive\RAM\</path>
         <kind>object</kind>
         <file>BaseDrive.obj</file>
         <name>BaseDrive.obj</name>
      </input_file>
      <input_file id="fl-6">
         <path>C:\Work\sespel\tractor_drive\RAM\</path>
         <kind>object</kind>
         <file>DSP2833x_ADC_cal.obj</file>
         <name>DSP2833x_ADC_cal.obj</name>
      </input_file>
      <input_file id="fl-7">
         <path>C:\Work\sespel\tractor_drive\RAM\</path>
         <kind>object</kind>
         <file>DSP2833x_CodeStartBranch.obj</file>
         <name>DSP2833x_CodeStartBranch.obj</name>
      </input_file>
      <input_file id="fl-8">
         <path>C:\Work\sespel\tractor_drive\RAM\</path>
         <kind>object</kind>
         <file>DSP2833x_DefaultIsr.obj</file>
         <name>DSP2833x_DefaultIsr.obj</name>
      </input_file>
      <input_file id="fl-9">
         <path>C:\Work\sespel\tractor_drive\RAM\</path>
         <kind>object</kind>
         <file>DSP2833x_GlobalVariableDefs.obj</file>
         <name>DSP2833x_GlobalVariableDefs.obj</name>
      </input_file>
      <input_file id="fl-a">
         <path>C:\Work\sespel\tractor_drive\RAM\</path>
         <kind>object</kind>
         <file>DSP2833x_PieCtrl.obj</file>
         <name>DSP2833x_PieCtrl.obj</name>
      </input_file>
      <input_file id="fl-b">
         <path>C:\Work\sespel\tractor_drive\RAM\</path>
         <kind>object</kind>
         <file>DSP2833x_PieVect.obj</file>
         <name>DSP2833x_PieVect.obj</name>
      </input_file>
      <input_file id="fl-c">
         <path>C:\Work\sespel\tractor_drive\RAM\</path>
         <kind>object</kind>
         <file>DSP2833x_SysCtrl.obj</file>
         <name>DSP2833x_SysCtrl.obj</name>
      </input_file>
      <input_file id="fl-d">
         <path>C:\Work\sespel\tractor_drive\RAM\</path>
         <kind>object</kind>
         <file>FuncDrive.obj</file>
         <name>FuncDrive.obj</name>
      </input_file>
      <input_file id="fl-e">
         <path>C:\Work\sespel\tractor_drive\RAM\</path>
         <kind>object</kind>
         <file>MainCpuAdc.obj</file>
         <name>MainCpuAdc.obj</name>
      </input_file>
      <input_file id="fl-f">
         <path>C:\Work\sespel\tractor_drive\RAM\</path>
         <kind>object</kind>
         <file>MainCpuEpwm.obj</file>
         <name>MainCpuEpwm.obj</name>
      </input_file>
      <input_file id="fl-10">
         <path>C:\Work\sespel\tractor_drive\RAM\</path>
         <kind>object</kind>
         <file>MainCpuSci.obj</file>
         <name>MainCpuSci.obj</name>
      </input_file>
      <input_file id="fl-11">
         <path>C:\Work\sespel\tractor_drive\RAM\</path>
         <kind>object</kind>
         <file>MainCpuSpi.obj</file>
         <name>MainCpuSpi.obj</name>
      </input_file>
      <input_file id="fl-12">
         <path>C:\Work\sespel\tractor_drive\RAM\</path>
         <kind>object</kind>
         <file>MainInit.obj</file>
         <name>MainInit.obj</name>
      </input_file>
      <input_file id="fl-13">
         <path>C:\Work\sespel\tractor_drive\RAM\</path>
         <kind>object</kind>
         <file>MainLedIndctn.obj</file>
         <name>MainLedIndctn.obj</name>
      </input_file>
      <input_file id="fl-14">
         <path>C:\Work\sespel\tractor_drive\RAM\</path>
         <kind>object</kind>
         <file>MainModbus.obj</file>
         <name>MainModbus.obj</name>
      </input_file>
      <input_file id="fl-15">
         <path>C:\Work\sespel\tractor_drive\RAM\</path>
         <kind>object</kind>
         <file>MainPanel.obj</file>
         <name>MainPanel.obj</name>
      </input_file>
      <input_file id="fl-16">
         <path>C:\Work\sespel\tractor_drive\RAM\</path>
         <kind>object</kind>
         <file>MainSetting.obj</file>
         <name>MainSetting.obj</name>
      </input_file>
      <input_file id="fl-17">
         <path>C:\Work\sespel\tractor_drive\RAM\</path>
         <kind>object</kind>
         <file>Main_CPU_CpuTimers.obj</file>
         <name>Main_CPU_CpuTimers.obj</name>
      </input_file>
      <input_file id="fl-18">
         <path>C:\Work\sespel\tractor_drive\RAM\</path>
         <kind>object</kind>
         <file>MeasExtrnlDevice.obj</file>
         <name>MeasExtrnlDevice.obj</name>
      </input_file>
      <input_file id="fl-19">
         <path>C:\Work\sespel\tractor_drive\RAM\</path>
         <kind>object</kind>
         <file>MenuModbus.obj</file>
         <name>MenuModbus.obj</name>
      </input_file>
      <input_file id="fl-1a">
         <path>C:\Work\sespel\tractor_drive\RAM\</path>
         <kind>object</kind>
         <file>ProtectnDrive.obj</file>
         <name>ProtectnDrive.obj</name>
      </input_file>
      <input_file id="fl-1b">
         <path>C:\Work\sespel\tractor_drive\RAM\</path>
         <kind>object</kind>
         <file>Smpl_table.obj</file>
         <name>Smpl_table.obj</name>
      </input_file>
      <input_file id="fl-1c">
         <path>C:\Work\sespel\tractor_drive\RAM\</path>
         <kind>object</kind>
         <file>SysSrvc.obj</file>
         <name>SysSrvc.obj</name>
      </input_file>
      <input_file id="fl-20">
         <kind>object</kind>
         <file>&lt;internal&gt;</file>
         <name>&lt;internal&gt;</name>
      </input_file>
      <input_file id="fl-21">
         <path>C:\Work\sespel\tractor_drive\lib\</path>
         <kind>archive</kind>
         <file>rts2800_fpu32.lib</file>
         <name>boot.obj</name>
      </input_file>
      <input_file id="fl-22">
         <path>C:\Work\sespel\tractor_drive\lib\</path>
         <kind>archive</kind>
         <file>rts2800_fpu32.lib</file>
         <name>exit.obj</name>
      </input_file>
      <input_file id="fl-23">
         <path>C:\Work\sespel\tractor_drive\lib\</path>
         <kind>archive</kind>
         <file>rts2800_fpu32.lib</file>
         <name>fs_div.obj</name>
      </input_file>
      <input_file id="fl-24">
         <path>C:\Work\sespel\tractor_drive\lib\</path>
         <kind>archive</kind>
         <file>rts2800_fpu32.lib</file>
         <name>l_div.obj</name>
      </input_file>
      <input_file id="fl-25">
         <path>C:\Work\sespel\tractor_drive\lib\</path>
         <kind>archive</kind>
         <file>rts2800_fpu32.lib</file>
         <name>_lock.obj</name>
      </input_file>
      <input_file id="fl-26">
         <path>C:\Work\sespel\tractor_drive\lib\</path>
         <kind>archive</kind>
         <file>rts2800_fpu32.lib</file>
         <name>args_main.obj</name>
      </input_file>
   </input_file_list>
   <object_component_list>
      <object_component id="oc-5f">
         <name>codestart</name>
         <load_address>0x0</load_address>
         <run_address>0x0</run_address>
         <size>0x2</size>
         <input_file_ref idref="fl-7"/>
      </object_component>
      <object_component id="oc-132">
         <name>.text</name>
         <load_address>0x8700</load_address>
         <run_address>0x8700</run_address>
         <size>0x3f0</size>
         <input_file_ref idref="fl-c"/>
      </object_component>
      <object_component id="oc-124">
         <name>.text</name>
         <load_address>0x8af0</load_address>
         <run_address>0x8af0</run_address>
         <size>0x3de</size>
         <input_file_ref idref="fl-d"/>
      </object_component>
      <object_component id="oc-65">
         <name>.text:retain</name>
         <load_address>0x8ece</load_address>
         <run_address>0x8ece</run_address>
         <size>0x316</size>
         <input_file_ref idref="fl-8"/>
      </object_component>
      <object_component id="oc-122">
         <name>.text</name>
         <load_address>0x91e4</load_address>
         <run_address>0x91e4</run_address>
         <size>0x242</size>
         <input_file_ref idref="fl-5"/>
      </object_component>
      <object_component id="oc-125">
         <name>.text</name>
         <load_address>0x9426</load_address>
         <run_address>0x9426</run_address>
         <size>0x1d6</size>
         <input_file_ref idref="fl-13"/>
      </object_component>
      <object_component id="oc-120">
         <name>.text</name>
         <load_address>0x95fc</load_address>
         <run_address>0x95fc</run_address>
         <size>0x171</size>
         <input_file_ref idref="fl-e"/>
      </object_component>
      <object_component id="oc-123">
         <name>.text</name>
         <load_address>0x976d</load_address>
         <run_address>0x976d</run_address>
         <size>0x13b</size>
         <input_file_ref idref="fl-f"/>
      </object_component>
      <object_component id="oc-126">
         <name>.text</name>
         <load_address>0x98a8</load_address>
         <run_address>0x98a8</run_address>
         <size>0x102</size>
         <input_file_ref idref="fl-1a"/>
      </object_component>
      <object_component id="oc-130">
         <name>.text</name>
         <load_address>0x99aa</load_address>
         <run_address>0x99aa</run_address>
         <size>0xbb</size>
         <input_file_ref idref="fl-1c"/>
      </object_component>
      <object_component id="oc-10e">
         <name>.text</name>
         <load_address>0x9a65</load_address>
         <run_address>0x9a65</run_address>
         <size>0x88</size>
         <input_file_ref idref="fl-23"/>
      </object_component>
      <object_component id="oc-136">
         <name>.text</name>
         <load_address>0x9aed</load_address>
         <run_address>0x9aed</run_address>
         <size>0x7b</size>
         <input_file_ref idref="fl-17"/>
      </object_component>
      <object_component id="oc-131">
         <name>.text</name>
         <load_address>0x9b68</load_address>
         <run_address>0x9b68</run_address>
         <size>0x57</size>
         <input_file_ref idref="fl-12"/>
      </object_component>
      <object_component id="oc-4e">
         <name>.text:retain</name>
         <load_address>0x9bbf</load_address>
         <run_address>0x9bbf</run_address>
         <size>0x55</size>
         <input_file_ref idref="fl-4"/>
      </object_component>
      <object_component id="oc-135">
         <name>.text</name>
         <load_address>0x9c14</load_address>
         <run_address>0x9c14</run_address>
         <size>0x48</size>
         <input_file_ref idref="fl-11"/>
      </object_component>
      <object_component id="oc-4a">
         <name>.text</name>
         <load_address>0x9c5c</load_address>
         <run_address>0x9c5c</run_address>
         <size>0x46</size>
         <input_file_ref idref="fl-21"/>
      </object_component>
      <object_component id="oc-112">
         <name>.text</name>
         <load_address>0x9ca2</load_address>
         <run_address>0x9ca2</run_address>
         <size>0x2a</size>
         <input_file_ref idref="fl-24"/>
      </object_component>
      <object_component id="oc-133">
         <name>.text</name>
         <load_address>0x9ccc</load_address>
         <run_address>0x9ccc</run_address>
         <size>0x28</size>
         <input_file_ref idref="fl-a"/>
      </object_component>
      <object_component id="oc-134">
         <name>.text</name>
         <load_address>0x9cf4</load_address>
         <run_address>0x9cf4</run_address>
         <size>0x20</size>
         <input_file_ref idref="fl-b"/>
      </object_component>
      <object_component id="oc-11c">
         <name>.text</name>
         <load_address>0x9d14</load_address>
         <run_address>0x9d14</run_address>
         <size>0x1b</size>
         <input_file_ref idref="fl-26"/>
      </object_component>
      <object_component id="oc-108">
         <name>.text</name>
         <load_address>0x9d2f</load_address>
         <run_address>0x9d2f</run_address>
         <size>0x19</size>
         <input_file_ref idref="fl-22"/>
      </object_component>
      <object_component id="oc-121">
         <name>.text</name>
         <load_address>0x9d48</load_address>
         <run_address>0x9d48</run_address>
         <size>0x14</size>
         <input_file_ref idref="fl-16"/>
      </object_component>
      <object_component id="oc-127">
         <name>.text</name>
         <load_address>0x9d5c</load_address>
         <run_address>0x9d5c</run_address>
         <size>0xe</size>
         <input_file_ref idref="fl-4"/>
      </object_component>
      <object_component id="oc-116">
         <name>.text</name>
         <load_address>0x9d6a</load_address>
         <run_address>0x9d6a</run_address>
         <size>0x9</size>
         <input_file_ref idref="fl-25"/>
      </object_component>
      <object_component id="oc-5e">
         <name>.text</name>
         <load_address>0x9d73</load_address>
         <run_address>0x9d73</run_address>
         <size>0x8</size>
         <input_file_ref idref="fl-7"/>
      </object_component>
      <object_component id="oc-ad">
         <name>.cinit</name>
         <load_address>0x8000</load_address>
         <run_address>0x8000</run_address>
         <size>0x31</size>
         <input_file_ref idref="fl-d"/>
      </object_component>
      <object_component id="oc-cd">
         <name>.cinit</name>
         <load_address>0x8031</load_address>
         <run_address>0x8031</run_address>
         <size>0x31</size>
         <input_file_ref idref="fl-13"/>
      </object_component>
      <object_component id="oc-f4">
         <name>.cinit</name>
         <load_address>0x8062</load_address>
         <run_address>0x8062</run_address>
         <size>0x1e</size>
         <input_file_ref idref="fl-1a"/>
      </object_component>
      <object_component id="oc-118">
         <name>.cinit</name>
         <load_address>0x8080</load_address>
         <run_address>0x8080</run_address>
         <size>0xa</size>
         <input_file_ref idref="fl-25"/>
      </object_component>
      <object_component id="oc-10a">
         <name>.cinit</name>
         <load_address>0x808a</load_address>
         <run_address>0x808a</run_address>
         <size>0xa</size>
         <input_file_ref idref="fl-22"/>
      </object_component>
      <object_component id="oc-fd">
         <name>.cinit</name>
         <load_address>0x8094</load_address>
         <run_address>0x8094</run_address>
         <size>0x4</size>
         <input_file_ref idref="fl-1c"/>
      </object_component>
      <object_component id="oc-103">
         <name>.stack</name>
         <uninitialized>true</uninitialized>
         <run_address>0x380</run_address>
         <size>0x0</size>
         <input_file_ref idref="fl-21"/>
      </object_component>
      <object_component id="oc-18b">
         <name>.stack</name>
         <uninitialized>true</uninitialized>
         <run_address>0x380</run_address>
         <size>0x0</size>
      </object_component>
      <object_component id="oc-4d">
         <name>.ebss</name>
         <uninitialized>true</uninitialized>
         <run_address>0xc000</run_address>
         <size>0x1d2</size>
         <input_file_ref idref="fl-4"/>
      </object_component>
      <object_component id="oc-54">
         <name>.ebss</name>
         <uninitialized>true</uninitialized>
         <run_address>0xc240</run_address>
         <size>0xa</size>
         <input_file_ref idref="fl-5"/>
      </object_component>
      <object_component id="oc-ae">
         <name>.ebss</name>
         <uninitialized>true</uninitialized>
         <run_address>0xc218</run_address>
         <size>0x16</size>
         <input_file_ref idref="fl-d"/>
      </object_component>
      <object_component id="oc-ce">
         <name>.ebss</name>
         <uninitialized>true</uninitialized>
         <run_address>0xc1d2</run_address>
         <size>0x28</size>
         <input_file_ref idref="fl-13"/>
      </object_component>
      <object_component id="oc-d4">
         <name>.ebss</name>
         <uninitialized>true</uninitialized>
         <run_address>0xc1fe</run_address>
         <size>0x1</size>
         <input_file_ref idref="fl-14"/>
      </object_component>
      <object_component id="oc-e4">
         <name>.ebss</name>
         <uninitialized>true</uninitialized>
         <run_address>0xc200</run_address>
         <size>0x18</size>
         <input_file_ref idref="fl-17"/>
      </object_component>
      <object_component id="oc-f5">
         <name>.ebss</name>
         <uninitialized>true</uninitialized>
         <run_address>0xc22e</run_address>
         <size>0xc</size>
         <input_file_ref idref="fl-1a"/>
      </object_component>
      <object_component id="oc-fe">
         <name>.ebss</name>
         <uninitialized>true</uninitialized>
         <run_address>0xc1ff</run_address>
         <size>0x1</size>
         <input_file_ref idref="fl-1c"/>
      </object_component>
      <object_component id="oc-10b">
         <name>.ebss</name>
         <uninitialized>true</uninitialized>
         <run_address>0xc23a</run_address>
         <size>0x4</size>
         <input_file_ref idref="fl-22"/>
      </object_component>
      <object_component id="oc-119">
         <name>.ebss</name>
         <uninitialized>true</uninitialized>
         <run_address>0xc1fa</run_address>
         <size>0x4</size>
         <input_file_ref idref="fl-25"/>
      </object_component>
      <object_component id="oc-129">
         <name>.econst:_SQRT175</name>
         <load_address>0xd500</load_address>
         <run_address>0xd500</run_address>
         <size>0x162</size>
         <input_file_ref idref="fl-1b"/>
      </object_component>
      <object_component id="oc-137">
         <name>.econst:_PieVectTableInit</name>
         <load_address>0xd662</load_address>
         <run_address>0xd662</run_address>
         <size>0x100</size>
         <input_file_ref idref="fl-b"/>
      </object_component>
      <object_component id="oc-128">
         <name>.econst:_Tabl_sin_90</name>
         <load_address>0xd762</load_address>
         <run_address>0xd762</run_address>
         <size>0xb6</size>
         <input_file_ref idref="fl-1b"/>
      </object_component>
      <object_component id="oc-12d">
         <name>.econst:_TABL_UU1</name>
         <load_address>0xd818</load_address>
         <run_address>0xd818</run_address>
         <size>0x18</size>
         <input_file_ref idref="fl-1b"/>
      </object_component>
      <object_component id="oc-12a">
         <name>.econst:_TABL_UU</name>
         <load_address>0xd830</load_address>
         <run_address>0xd830</run_address>
         <size>0x18</size>
         <input_file_ref idref="fl-1b"/>
      </object_component>
      <object_component id="oc-12e">
         <name>.econst:_TABL_UV1</name>
         <load_address>0xd848</load_address>
         <run_address>0xd848</run_address>
         <size>0x18</size>
         <input_file_ref idref="fl-1b"/>
      </object_component>
      <object_component id="oc-12b">
         <name>.econst:_TABL_UV</name>
         <load_address>0xd860</load_address>
         <run_address>0xd860</run_address>
         <size>0x18</size>
         <input_file_ref idref="fl-1b"/>
      </object_component>
      <object_component id="oc-12f">
         <name>.econst:_TABL_UW1</name>
         <load_address>0xd878</load_address>
         <run_address>0xd878</run_address>
         <size>0x18</size>
         <input_file_ref idref="fl-1b"/>
      </object_component>
      <object_component id="oc-12c">
         <name>.econst:_TABL_UW</name>
         <load_address>0xd890</load_address>
         <run_address>0xd890</run_address>
         <size>0x18</size>
         <input_file_ref idref="fl-1b"/>
      </object_component>
      <object_component id="oc-104">
         <name>.reset</name>
         <load_address>0x3fffc0</load_address>
         <run_address>0x3fffc0</run_address>
         <size>0x2</size>
         <input_file_ref idref="fl-21"/>
      </object_component>
      <object_component id="oc-59">
         <name>.adc_cal</name>
         <load_address>0x380080</load_address>
         <run_address>0x380080</run_address>
         <size>0x7</size>
         <input_file_ref idref="fl-6"/>
      </object_component>
      <object_component id="oc-9b">
         <name>PieVectTableFile</name>
         <uninitialized>true</uninitialized>
         <run_address>0xd00</run_address>
         <size>0x100</size>
         <input_file_ref idref="fl-9"/>
      </object_component>
      <object_component id="oc-97">
         <name>DevEmuRegsFile</name>
         <uninitialized>true</uninitialized>
         <run_address>0x880</run_address>
         <size>0xd0</size>
         <input_file_ref idref="fl-9"/>
      </object_component>
      <object_component id="oc-6d">
         <name>FlashRegsFile</name>
         <uninitialized>true</uninitialized>
         <run_address>0xa80</run_address>
         <size>0x8</size>
         <input_file_ref idref="fl-9"/>
      </object_component>
      <object_component id="oc-77">
         <name>CsmRegsFile</name>
         <uninitialized>true</uninitialized>
         <run_address>0xae0</run_address>
         <size>0x10</size>
         <input_file_ref idref="fl-9"/>
      </object_component>
      <object_component id="oc-76">
         <name>AdcMirrorFile</name>
         <uninitialized>true</uninitialized>
         <run_address>0xb00</run_address>
         <size>0x10</size>
         <input_file_ref idref="fl-9"/>
      </object_component>
      <object_component id="oc-7a">
         <name>XintfRegsFile</name>
         <uninitialized>true</uninitialized>
         <run_address>0xb20</run_address>
         <size>0x1e</size>
         <input_file_ref idref="fl-9"/>
      </object_component>
      <object_component id="oc-6e">
         <name>CpuTimer0RegsFile</name>
         <uninitialized>true</uninitialized>
         <run_address>0xc00</run_address>
         <size>0x8</size>
         <input_file_ref idref="fl-9"/>
      </object_component>
      <object_component id="oc-6c">
         <name>CpuTimer1RegsFile</name>
         <uninitialized>true</uninitialized>
         <run_address>0xc08</run_address>
         <size>0x8</size>
         <input_file_ref idref="fl-9"/>
      </object_component>
      <object_component id="oc-6b">
         <name>CpuTimer2RegsFile</name>
         <uninitialized>true</uninitialized>
         <run_address>0xc10</run_address>
         <size>0x8</size>
         <input_file_ref idref="fl-9"/>
      </object_component>
      <object_component id="oc-78">
         <name>PieCtrlRegsFile</name>
         <uninitialized>true</uninitialized>
         <run_address>0xce0</run_address>
         <size>0x1a</size>
         <input_file_ref idref="fl-9"/>
      </object_component>
      <object_component id="oc-98">
         <name>DmaRegsFile</name>
         <uninitialized>true</uninitialized>
         <run_address>0x1000</run_address>
         <size>0xe0</size>
         <input_file_ref idref="fl-9"/>
      </object_component>
      <object_component id="oc-8a">
         <name>McbspaRegsFile</name>
         <uninitialized>true</uninitialized>
         <run_address>0x5000</run_address>
         <size>0x25</size>
         <input_file_ref idref="fl-9"/>
      </object_component>
      <object_component id="oc-8b">
         <name>McbspbRegsFile</name>
         <uninitialized>true</uninitialized>
         <run_address>0x5040</run_address>
         <size>0x25</size>
         <input_file_ref idref="fl-9"/>
      </object_component>
      <object_component id="oc-8e">
         <name>ECanaRegsFile</name>
         <uninitialized>true</uninitialized>
         <run_address>0x6000</run_address>
         <size>0x34</size>
         <input_file_ref idref="fl-9"/>
      </object_component>
      <object_component id="oc-91">
         <name>ECanaLAMRegsFile</name>
         <uninitialized>true</uninitialized>
         <run_address>0x6040</run_address>
         <size>0x40</size>
         <input_file_ref idref="fl-9"/>
      </object_component>
      <object_component id="oc-9a">
         <name>ECanaMboxesFile</name>
         <uninitialized>true</uninitialized>
         <run_address>0x6100</run_address>
         <size>0x100</size>
         <input_file_ref idref="fl-9"/>
      </object_component>
      <object_component id="oc-92">
         <name>ECanaMOTSRegsFile</name>
         <uninitialized>true</uninitialized>
         <run_address>0x6080</run_address>
         <size>0x40</size>
         <input_file_ref idref="fl-9"/>
      </object_component>
      <object_component id="oc-8f">
         <name>ECanaMOTORegsFile</name>
         <uninitialized>true</uninitialized>
         <run_address>0x60c0</run_address>
         <size>0x40</size>
         <input_file_ref idref="fl-9"/>
      </object_component>
      <object_component id="oc-8d">
         <name>ECanbRegsFile</name>
         <uninitialized>true</uninitialized>
         <run_address>0x6200</run_address>
         <size>0x34</size>
         <input_file_ref idref="fl-9"/>
      </object_component>
      <object_component id="oc-95">
         <name>ECanbLAMRegsFile</name>
         <uninitialized>true</uninitialized>
         <run_address>0x6240</run_address>
         <size>0x40</size>
         <input_file_ref idref="fl-9"/>
      </object_component>
      <object_component id="oc-99">
         <name>ECanbMboxesFile</name>
         <uninitialized>true</uninitialized>
         <run_address>0x6300</run_address>
         <size>0x100</size>
         <input_file_ref idref="fl-9"/>
      </object_component>
      <object_component id="oc-90">
         <name>ECanbMOTSRegsFile</name>
         <uninitialized>true</uninitialized>
         <run_address>0x6280</run_address>
         <size>0x40</size>
         <input_file_ref idref="fl-9"/>
      </object_component>
      <object_component id="oc-93">
         <name>ECanbMOTORegsFile</name>
         <uninitialized>true</uninitialized>
         <run_address>0x62c0</run_address>
         <size>0x40</size>
         <input_file_ref idref="fl-9"/>
      </object_component>
      <object_component id="oc-85">
         <name>EPwm1RegsFile</name>
         <uninitialized>true</uninitialized>
         <run_address>0x6800</run_address>
         <size>0x22</size>
         <input_file_ref idref="fl-9"/>
      </object_component>
      <object_component id="oc-84">
         <name>EPwm2RegsFile</name>
         <uninitialized>true</uninitialized>
         <run_address>0x6840</run_address>
         <size>0x22</size>
         <input_file_ref idref="fl-9"/>
      </object_component>
      <object_component id="oc-86">
         <name>EPwm3RegsFile</name>
         <uninitialized>true</uninitialized>
         <run_address>0x6880</run_address>
         <size>0x22</size>
         <input_file_ref idref="fl-9"/>
      </object_component>
      <object_component id="oc-88">
         <name>EPwm4RegsFile</name>
         <uninitialized>true</uninitialized>
         <run_address>0x68c0</run_address>
         <size>0x22</size>
         <input_file_ref idref="fl-9"/>
      </object_component>
      <object_component id="oc-87">
         <name>EPwm5RegsFile</name>
         <uninitialized>true</uninitialized>
         <run_address>0x6900</run_address>
         <size>0x22</size>
         <input_file_ref idref="fl-9"/>
      </object_component>
      <object_component id="oc-89">
         <name>EPwm6RegsFile</name>
         <uninitialized>true</uninitialized>
         <run_address>0x6940</run_address>
         <size>0x22</size>
         <input_file_ref idref="fl-9"/>
      </object_component>
      <object_component id="oc-81">
         <name>ECap1RegsFile</name>
         <uninitialized>true</uninitialized>
         <run_address>0x6a00</run_address>
         <size>0x20</size>
         <input_file_ref idref="fl-9"/>
      </object_component>
      <object_component id="oc-7d">
         <name>ECap2RegsFile</name>
         <uninitialized>true</uninitialized>
         <run_address>0x6a20</run_address>
         <size>0x20</size>
         <input_file_ref idref="fl-9"/>
      </object_component>
      <object_component id="oc-7e">
         <name>ECap3RegsFile</name>
         <uninitialized>true</uninitialized>
         <run_address>0x6a40</run_address>
         <size>0x20</size>
         <input_file_ref idref="fl-9"/>
      </object_component>
      <object_component id="oc-7b">
         <name>ECap4RegsFile</name>
         <uninitialized>true</uninitialized>
         <run_address>0x6a60</run_address>
         <size>0x20</size>
         <input_file_ref idref="fl-9"/>
      </object_component>
      <object_component id="oc-7c">
         <name>ECap5RegsFile</name>
         <uninitialized>true</uninitialized>
         <run_address>0x6a80</run_address>
         <size>0x20</size>
         <input_file_ref idref="fl-9"/>
      </object_component>
      <object_component id="oc-82">
         <name>ECap6RegsFile</name>
         <uninitialized>true</uninitialized>
         <run_address>0x6aa0</run_address>
         <size>0x20</size>
         <input_file_ref idref="fl-9"/>
      </object_component>
      <object_component id="oc-96">
         <name>EQep1RegsFile</name>
         <uninitialized>true</uninitialized>
         <run_address>0x6b00</run_address>
         <size>0x40</size>
         <input_file_ref idref="fl-9"/>
      </object_component>
      <object_component id="oc-94">
         <name>EQep2RegsFile</name>
         <uninitialized>true</uninitialized>
         <run_address>0x6b40</run_address>
         <size>0x40</size>
         <input_file_ref idref="fl-9"/>
      </object_component>
      <object_component id="oc-8c">
         <name>GpioCtrlRegsFile</name>
         <uninitialized>true</uninitialized>
         <run_address>0x6f80</run_address>
         <size>0x2e</size>
         <input_file_ref idref="fl-9"/>
      </object_component>
      <object_component id="oc-7f">
         <name>GpioDataRegsFile</name>
         <uninitialized>true</uninitialized>
         <run_address>0x6fc0</run_address>
         <size>0x20</size>
         <input_file_ref idref="fl-9"/>
      </object_component>
      <object_component id="oc-70">
         <name>GpioIntRegsFile</name>
         <uninitialized>true</uninitialized>
         <run_address>0x6fe0</run_address>
         <size>0xa</size>
         <input_file_ref idref="fl-9"/>
      </object_component>
      <object_component id="oc-80">
         <name>SysCtrlRegsFile</name>
         <uninitialized>true</uninitialized>
         <run_address>0x7010</run_address>
         <size>0x20</size>
         <input_file_ref idref="fl-9"/>
      </object_component>
      <object_component id="oc-73">
         <name>SpiaRegsFile</name>
         <uninitialized>true</uninitialized>
         <run_address>0x7040</run_address>
         <size>0x10</size>
         <input_file_ref idref="fl-9"/>
      </object_component>
      <object_component id="oc-74">
         <name>SciaRegsFile</name>
         <uninitialized>true</uninitialized>
         <run_address>0x7050</run_address>
         <size>0x10</size>
         <input_file_ref idref="fl-9"/>
      </object_component>
      <object_component id="oc-75">
         <name>XIntruptRegsFile</name>
         <uninitialized>true</uninitialized>
         <run_address>0x7070</run_address>
         <size>0x10</size>
         <input_file_ref idref="fl-9"/>
      </object_component>
      <object_component id="oc-79">
         <name>AdcRegsFile</name>
         <uninitialized>true</uninitialized>
         <run_address>0x7100</run_address>
         <size>0x1e</size>
         <input_file_ref idref="fl-9"/>
      </object_component>
      <object_component id="oc-72">
         <name>ScibRegsFile</name>
         <uninitialized>true</uninitialized>
         <run_address>0x7750</run_address>
         <size>0x10</size>
         <input_file_ref idref="fl-9"/>
      </object_component>
      <object_component id="oc-71">
         <name>ScicRegsFile</name>
         <uninitialized>true</uninitialized>
         <run_address>0x7770</run_address>
         <size>0x10</size>
         <input_file_ref idref="fl-9"/>
      </object_component>
      <object_component id="oc-83">
         <name>I2caRegsFile</name>
         <uninitialized>true</uninitialized>
         <run_address>0x7900</run_address>
         <size>0x22</size>
         <input_file_ref idref="fl-9"/>
      </object_component>
      <object_component id="oc-6f">
         <name>CsmPwlFile</name>
         <uninitialized>true</uninitialized>
         <run_address>0x33fff8</run_address>
         <size>0x8</size>
         <input_file_ref idref="fl-9"/>
      </object_component>
      <object_component id="oc-4c">
         <name>.debug_info</name>
         <load_address>0x0</load_address>
         <run_address>0x0</run_address>
         <size>0x2966</size>
         <input_file_ref idref="fl-4"/>
      </object_component>
      <object_component id="oc-53">
         <name>.debug_info</name>
         <load_address>0x2966</load_address>
         <run_address>0x2966</run_address>
         <size>0x23ff</size>
         <input_file_ref idref="fl-5"/>
      </object_component>
      <object_component id="oc-5a">
         <name>.debug_info</name>
         <load_address>0x4d65</load_address>
         <run_address>0x4d65</run_address>
         <size>0x134</size>
         <input_file_ref idref="fl-6"/>
      </object_component>
      <object_component id="oc-60">
         <name>.debug_info</name>
         <load_address>0x4e99</load_address>
         <run_address>0x4e99</run_address>
         <size>0x18c</size>
         <input_file_ref idref="fl-7"/>
      </object_component>
      <object_component id="oc-64">
         <name>.debug_info</name>
         <load_address>0x5025</load_address>
         <run_address>0x5025</run_address>
         <size>0x349c</size>
         <input_file_ref idref="fl-8"/>
      </object_component>
      <object_component id="oc-6a">
         <name>.debug_info</name>
         <load_address>0x84c1</load_address>
         <run_address>0x84c1</run_address>
         <size>0x132ed</size>
         <input_file_ref idref="fl-9"/>
      </object_component>
      <object_component id="oc-9d">
         <name>.debug_info</name>
         <load_address>0x1b7ae</load_address>
         <run_address>0x1b7ae</run_address>
         <size>0xbff</size>
         <input_file_ref idref="fl-a"/>
      </object_component>
      <object_component id="oc-a2">
         <name>.debug_info</name>
         <load_address>0x1c3ad</load_address>
         <run_address>0x1c3ad</run_address>
         <size>0x232f</size>
         <input_file_ref idref="fl-b"/>
      </object_component>
      <object_component id="oc-a7">
         <name>.debug_info</name>
         <load_address>0x1e6dc</load_address>
         <run_address>0x1e6dc</run_address>
         <size>0x3886</size>
         <input_file_ref idref="fl-c"/>
      </object_component>
      <object_component id="oc-ac">
         <name>.debug_info</name>
         <load_address>0x21f62</load_address>
         <run_address>0x21f62</run_address>
         <size>0x26b1</size>
         <input_file_ref idref="fl-d"/>
      </object_component>
      <object_component id="oc-b3">
         <name>.debug_info</name>
         <load_address>0x24613</load_address>
         <run_address>0x24613</run_address>
         <size>0x1c09</size>
         <input_file_ref idref="fl-e"/>
      </object_component>
      <object_component id="oc-b8">
         <name>.debug_info</name>
         <load_address>0x2621c</load_address>
         <run_address>0x2621c</run_address>
         <size>0x2bcd</size>
         <input_file_ref idref="fl-f"/>
      </object_component>
      <object_component id="oc-bd">
         <name>.debug_info</name>
         <load_address>0x28de9</load_address>
         <run_address>0x28de9</run_address>
         <size>0x3489</size>
         <input_file_ref idref="fl-10"/>
      </object_component>
      <object_component id="oc-c2">
         <name>.debug_info</name>
         <load_address>0x2c272</load_address>
         <run_address>0x2c272</run_address>
         <size>0x2685</size>
         <input_file_ref idref="fl-11"/>
      </object_component>
      <object_component id="oc-c7">
         <name>.debug_info</name>
         <load_address>0x2e8f7</load_address>
         <run_address>0x2e8f7</run_address>
         <size>0x44ae</size>
         <input_file_ref idref="fl-12"/>
      </object_component>
      <object_component id="oc-cc">
         <name>.debug_info</name>
         <load_address>0x32da5</load_address>
         <run_address>0x32da5</run_address>
         <size>0x1c53</size>
         <input_file_ref idref="fl-13"/>
      </object_component>
      <object_component id="oc-d3">
         <name>.debug_info</name>
         <load_address>0x349f8</load_address>
         <run_address>0x349f8</run_address>
         <size>0x6c5</size>
         <input_file_ref idref="fl-14"/>
      </object_component>
      <object_component id="oc-d9">
         <name>.debug_info</name>
         <load_address>0x350bd</load_address>
         <run_address>0x350bd</run_address>
         <size>0x36e</size>
         <input_file_ref idref="fl-15"/>
      </object_component>
      <object_component id="oc-de">
         <name>.debug_info</name>
         <load_address>0x3542b</load_address>
         <run_address>0x3542b</run_address>
         <size>0xd0c</size>
         <input_file_ref idref="fl-16"/>
      </object_component>
      <object_component id="oc-e3">
         <name>.debug_info</name>
         <load_address>0x36137</load_address>
         <run_address>0x36137</run_address>
         <size>0xa57</size>
         <input_file_ref idref="fl-17"/>
      </object_component>
      <object_component id="oc-e9">
         <name>.debug_info</name>
         <load_address>0x36b8e</load_address>
         <run_address>0x36b8e</run_address>
         <size>0xbb9</size>
         <input_file_ref idref="fl-18"/>
      </object_component>
      <object_component id="oc-ee">
         <name>.debug_info</name>
         <load_address>0x37747</load_address>
         <run_address>0x37747</run_address>
         <size>0x1ac1</size>
         <input_file_ref idref="fl-19"/>
      </object_component>
      <object_component id="oc-f3">
         <name>.debug_info</name>
         <load_address>0x39208</load_address>
         <run_address>0x39208</run_address>
         <size>0xe08</size>
         <input_file_ref idref="fl-1a"/>
      </object_component>
      <object_component id="oc-fa">
         <name>.debug_info</name>
         <load_address>0x3a010</load_address>
         <run_address>0x3a010</run_address>
         <size>0x2d1</size>
         <input_file_ref idref="fl-1b"/>
      </object_component>
      <object_component id="oc-fc">
         <name>.debug_info</name>
         <load_address>0x3a2e1</load_address>
         <run_address>0x3a2e1</run_address>
         <size>0x1fa7</size>
         <input_file_ref idref="fl-1c"/>
      </object_component>
      <object_component id="oc-105">
         <name>.debug_info</name>
         <load_address>0x3c288</load_address>
         <run_address>0x3c288</run_address>
         <size>0x119</size>
         <input_file_ref idref="fl-21"/>
      </object_component>
      <object_component id="oc-109">
         <name>.debug_info</name>
         <load_address>0x3c3a1</load_address>
         <run_address>0x3c3a1</run_address>
         <size>0x6ce</size>
         <input_file_ref idref="fl-22"/>
      </object_component>
      <object_component id="oc-10f">
         <name>.debug_info</name>
         <load_address>0x3ca6f</load_address>
         <run_address>0x3ca6f</run_address>
         <size>0xfb</size>
         <input_file_ref idref="fl-23"/>
      </object_component>
      <object_component id="oc-113">
         <name>.debug_info</name>
         <load_address>0x3cb6a</load_address>
         <run_address>0x3cb6a</run_address>
         <size>0x189</size>
         <input_file_ref idref="fl-24"/>
      </object_component>
      <object_component id="oc-117">
         <name>.debug_info</name>
         <load_address>0x3ccf3</load_address>
         <run_address>0x3ccf3</run_address>
         <size>0x595</size>
         <input_file_ref idref="fl-25"/>
      </object_component>
      <object_component id="oc-11d">
         <name>.debug_info</name>
         <load_address>0x3d288</load_address>
         <run_address>0x3d288</run_address>
         <size>0x54b</size>
         <input_file_ref idref="fl-26"/>
      </object_component>
      <object_component id="oc-18c">
         <name>.debug_info</name>
         <load_address>0x3d7d3</load_address>
         <run_address>0x3d7d3</run_address>
         <size>0xab</size>
      </object_component>
      <object_component id="oc-4f">
         <name>.debug_frame</name>
         <load_address>0x0</load_address>
         <run_address>0x0</run_address>
         <size>0xd0</size>
         <input_file_ref idref="fl-4"/>
      </object_component>
      <object_component id="oc-55">
         <name>.debug_frame</name>
         <load_address>0xd0</load_address>
         <run_address>0xd0</run_address>
         <size>0x110</size>
         <input_file_ref idref="fl-5"/>
      </object_component>
      <object_component id="oc-66">
         <name>.debug_frame</name>
         <load_address>0x1e0</load_address>
         <run_address>0x1e0</run_address>
         <size>0xc88</size>
         <input_file_ref idref="fl-8"/>
      </object_component>
      <object_component id="oc-9e">
         <name>.debug_frame</name>
         <load_address>0xe68</load_address>
         <run_address>0xe68</run_address>
         <size>0x60</size>
         <input_file_ref idref="fl-a"/>
      </object_component>
      <object_component id="oc-a3">
         <name>.debug_frame</name>
         <load_address>0xec8</load_address>
         <run_address>0xec8</run_address>
         <size>0x4c</size>
         <input_file_ref idref="fl-b"/>
      </object_component>
      <object_component id="oc-a8">
         <name>.debug_frame</name>
         <load_address>0xf14</load_address>
         <run_address>0xf14</run_address>
         <size>0xc4</size>
         <input_file_ref idref="fl-c"/>
      </object_component>
      <object_component id="oc-af">
         <name>.debug_frame</name>
         <load_address>0xfd8</load_address>
         <run_address>0xfd8</run_address>
         <size>0x1b8</size>
         <input_file_ref idref="fl-d"/>
      </object_component>
      <object_component id="oc-b4">
         <name>.debug_frame</name>
         <load_address>0x1190</load_address>
         <run_address>0x1190</run_address>
         <size>0x68</size>
         <input_file_ref idref="fl-e"/>
      </object_component>
      <object_component id="oc-b9">
         <name>.debug_frame</name>
         <load_address>0x11f8</load_address>
         <run_address>0x11f8</run_address>
         <size>0x6c</size>
         <input_file_ref idref="fl-f"/>
      </object_component>
      <object_component id="oc-be">
         <name>.debug_frame</name>
         <load_address>0x1264</load_address>
         <run_address>0x1264</run_address>
         <size>0x30</size>
         <input_file_ref idref="fl-10"/>
      </object_component>
      <object_component id="oc-c3">
         <name>.debug_frame</name>
         <load_address>0x1294</load_address>
         <run_address>0x1294</run_address>
         <size>0x64</size>
         <input_file_ref idref="fl-11"/>
      </object_component>
      <object_component id="oc-c8">
         <name>.debug_frame</name>
         <load_address>0x12f8</load_address>
         <run_address>0x12f8</run_address>
         <size>0x4c</size>
         <input_file_ref idref="fl-12"/>
      </object_component>
      <object_component id="oc-cf">
         <name>.debug_frame</name>
         <load_address>0x1344</load_address>
         <run_address>0x1344</run_address>
         <size>0x274</size>
         <input_file_ref idref="fl-13"/>
      </object_component>
      <object_component id="oc-d5">
         <name>.debug_frame</name>
         <load_address>0x15b8</load_address>
         <run_address>0x15b8</run_address>
         <size>0x30</size>
         <input_file_ref idref="fl-14"/>
      </object_component>
      <object_component id="oc-da">
         <name>.debug_frame</name>
         <load_address>0x15e8</load_address>
         <run_address>0x15e8</run_address>
         <size>0x30</size>
         <input_file_ref idref="fl-15"/>
      </object_component>
      <object_component id="oc-df">
         <name>.debug_frame</name>
         <load_address>0x1618</load_address>
         <run_address>0x1618</run_address>
         <size>0x68</size>
         <input_file_ref idref="fl-16"/>
      </object_component>
      <object_component id="oc-e5">
         <name>.debug_frame</name>
         <load_address>0x1680</load_address>
         <run_address>0x1680</run_address>
         <size>0x64</size>
         <input_file_ref idref="fl-17"/>
      </object_component>
      <object_component id="oc-ea">
         <name>.debug_frame</name>
         <load_address>0x16e4</load_address>
         <run_address>0x16e4</run_address>
         <size>0x30</size>
         <input_file_ref idref="fl-18"/>
      </object_component>
      <object_component id="oc-ef">
         <name>.debug_frame</name>
         <load_address>0x1714</load_address>
         <run_address>0x1714</run_address>
         <size>0x30</size>
         <input_file_ref idref="fl-19"/>
      </object_component>
      <object_component id="oc-f6">
         <name>.debug_frame</name>
         <load_address>0x1744</load_address>
         <run_address>0x1744</run_address>
         <size>0xe4</size>
         <input_file_ref idref="fl-1a"/>
      </object_component>
      <object_component id="oc-ff">
         <name>.debug_frame</name>
         <load_address>0x1828</load_address>
         <run_address>0x1828</run_address>
         <size>0xb8</size>
         <input_file_ref idref="fl-1c"/>
      </object_component>
      <object_component id="oc-50">
         <name>.debug_line</name>
         <load_address>0x0</load_address>
         <run_address>0x0</run_address>
         <size>0xa2</size>
         <input_file_ref idref="fl-4"/>
      </object_component>
      <object_component id="oc-56">
         <name>.debug_line</name>
         <load_address>0xa2</load_address>
         <run_address>0xa2</run_address>
         <size>0x149</size>
         <input_file_ref idref="fl-5"/>
      </object_component>
      <object_component id="oc-5b">
         <name>.debug_line</name>
         <load_address>0x1eb</load_address>
         <run_address>0x1eb</run_address>
         <size>0x6a</size>
         <input_file_ref idref="fl-6"/>
      </object_component>
      <object_component id="oc-61">
         <name>.debug_line</name>
         <load_address>0x255</load_address>
         <run_address>0x255</run_address>
         <size>0x82</size>
         <input_file_ref idref="fl-7"/>
      </object_component>
      <object_component id="oc-67">
         <name>.debug_line</name>
         <load_address>0x2d7</load_address>
         <run_address>0x2d7</run_address>
         <size>0x76f</size>
         <input_file_ref idref="fl-8"/>
      </object_component>
      <object_component id="oc-9f">
         <name>.debug_line</name>
         <load_address>0xa46</load_address>
         <run_address>0xa46</run_address>
         <size>0xa6</size>
         <input_file_ref idref="fl-a"/>
      </object_component>
      <object_component id="oc-a4">
         <name>.debug_line</name>
         <load_address>0xaec</load_address>
         <run_address>0xaec</run_address>
         <size>0x89</size>
         <input_file_ref idref="fl-b"/>
      </object_component>
      <object_component id="oc-a9">
         <name>.debug_line</name>
         <load_address>0xb75</load_address>
         <run_address>0xb75</run_address>
         <size>0x28a</size>
         <input_file_ref idref="fl-c"/>
      </object_component>
      <object_component id="oc-b0">
         <name>.debug_line</name>
         <load_address>0xdff</load_address>
         <run_address>0xdff</run_address>
         <size>0x20d</size>
         <input_file_ref idref="fl-d"/>
      </object_component>
      <object_component id="oc-b5">
         <name>.debug_line</name>
         <load_address>0x100c</load_address>
         <run_address>0x100c</run_address>
         <size>0xbb</size>
         <input_file_ref idref="fl-e"/>
      </object_component>
      <object_component id="oc-ba">
         <name>.debug_line</name>
         <load_address>0x10c7</load_address>
         <run_address>0x10c7</run_address>
         <size>0xe3</size>
         <input_file_ref idref="fl-f"/>
      </object_component>
      <object_component id="oc-bf">
         <name>.debug_line</name>
         <load_address>0x11aa</load_address>
         <run_address>0x11aa</run_address>
         <size>0x37</size>
         <input_file_ref idref="fl-10"/>
      </object_component>
      <object_component id="oc-c4">
         <name>.debug_line</name>
         <load_address>0x11e1</load_address>
         <run_address>0x11e1</run_address>
         <size>0x8f</size>
         <input_file_ref idref="fl-11"/>
      </object_component>
      <object_component id="oc-c9">
         <name>.debug_line</name>
         <load_address>0x1270</load_address>
         <run_address>0x1270</run_address>
         <size>0x6c</size>
         <input_file_ref idref="fl-12"/>
      </object_component>
      <object_component id="oc-d0">
         <name>.debug_line</name>
         <load_address>0x12dc</load_address>
         <run_address>0x12dc</run_address>
         <size>0x2e5</size>
         <input_file_ref idref="fl-13"/>
      </object_component>
      <object_component id="oc-d6">
         <name>.debug_line</name>
         <load_address>0x15c1</load_address>
         <run_address>0x15c1</run_address>
         <size>0x51</size>
         <input_file_ref idref="fl-14"/>
      </object_component>
      <object_component id="oc-db">
         <name>.debug_line</name>
         <load_address>0x1612</load_address>
         <run_address>0x1612</run_address>
         <size>0x36</size>
         <input_file_ref idref="fl-15"/>
      </object_component>
      <object_component id="oc-e0">
         <name>.debug_line</name>
         <load_address>0x1648</load_address>
         <run_address>0x1648</run_address>
         <size>0x61</size>
         <input_file_ref idref="fl-16"/>
      </object_component>
      <object_component id="oc-e6">
         <name>.debug_line</name>
         <load_address>0x16a9</load_address>
         <run_address>0x16a9</run_address>
         <size>0xa9</size>
         <input_file_ref idref="fl-17"/>
      </object_component>
      <object_component id="oc-eb">
         <name>.debug_line</name>
         <load_address>0x1752</load_address>
         <run_address>0x1752</run_address>
         <size>0x3d</size>
         <input_file_ref idref="fl-18"/>
      </object_component>
      <object_component id="oc-f0">
         <name>.debug_line</name>
         <load_address>0x178f</load_address>
         <run_address>0x178f</run_address>
         <size>0x37</size>
         <input_file_ref idref="fl-19"/>
      </object_component>
      <object_component id="oc-f7">
         <name>.debug_line</name>
         <load_address>0x17c6</load_address>
         <run_address>0x17c6</run_address>
         <size>0x11a</size>
         <input_file_ref idref="fl-1a"/>
      </object_component>
      <object_component id="oc-100">
         <name>.debug_line</name>
         <load_address>0x18e0</load_address>
         <run_address>0x18e0</run_address>
         <size>0xeb</size>
         <input_file_ref idref="fl-1c"/>
      </object_component>
      <object_component id="oc-106">
         <name>.debug_line</name>
         <load_address>0x19cb</load_address>
         <run_address>0x19cb</run_address>
         <size>0x6e</size>
         <input_file_ref idref="fl-21"/>
      </object_component>
      <object_component id="oc-10c">
         <name>.debug_line</name>
         <load_address>0x1a39</load_address>
         <run_address>0x1a39</run_address>
         <size>0x73</size>
         <input_file_ref idref="fl-22"/>
      </object_component>
      <object_component id="oc-110">
         <name>.debug_line</name>
         <load_address>0x1aac</load_address>
         <run_address>0x1aac</run_address>
         <size>0xaa</size>
         <input_file_ref idref="fl-23"/>
      </object_component>
      <object_component id="oc-114">
         <name>.debug_line</name>
         <load_address>0x1b56</load_address>
         <run_address>0x1b56</run_address>
         <size>0x88</size>
         <input_file_ref idref="fl-24"/>
      </object_component>
      <object_component id="oc-11a">
         <name>.debug_line</name>
         <load_address>0x1bde</load_address>
         <run_address>0x1bde</run_address>
         <size>0x5e</size>
         <input_file_ref idref="fl-25"/>
      </object_component>
      <object_component id="oc-11e">
         <name>.debug_line</name>
         <load_address>0x1c3c</load_address>
         <run_address>0x1c3c</run_address>
         <size>0x59</size>
         <input_file_ref idref="fl-26"/>
      </object_component>
      <object_component id="oc-51">
         <name>.debug_abbrev</name>
         <load_address>0x0</load_address>
         <run_address>0x0</run_address>
         <size>0x17f</size>
         <input_file_ref idref="fl-4"/>
      </object_component>
      <object_component id="oc-57">
         <name>.debug_abbrev</name>
         <load_address>0x17f</load_address>
         <run_address>0x17f</run_address>
         <size>0x155</size>
         <input_file_ref idref="fl-5"/>
      </object_component>
      <object_component id="oc-5c">
         <name>.debug_abbrev</name>
         <load_address>0x2d4</load_address>
         <run_address>0x2d4</run_address>
         <size>0x2f</size>
         <input_file_ref idref="fl-6"/>
      </object_component>
      <object_component id="oc-62">
         <name>.debug_abbrev</name>
         <load_address>0x303</load_address>
         <run_address>0x303</run_address>
         <size>0x21</size>
         <input_file_ref idref="fl-7"/>
      </object_component>
      <object_component id="oc-68">
         <name>.debug_abbrev</name>
         <load_address>0x324</load_address>
         <run_address>0x324</run_address>
         <size>0xa8</size>
         <input_file_ref idref="fl-8"/>
      </object_component>
      <object_component id="oc-9c">
         <name>.debug_abbrev</name>
         <load_address>0x3cc</load_address>
         <run_address>0x3cc</run_address>
         <size>0xb7</size>
         <input_file_ref idref="fl-9"/>
      </object_component>
      <object_component id="oc-a0">
         <name>.debug_abbrev</name>
         <load_address>0x483</load_address>
         <run_address>0x483</run_address>
         <size>0xc8</size>
         <input_file_ref idref="fl-a"/>
      </object_component>
      <object_component id="oc-a5">
         <name>.debug_abbrev</name>
         <load_address>0x54b</load_address>
         <run_address>0x54b</run_address>
         <size>0x116</size>
         <input_file_ref idref="fl-b"/>
      </object_component>
      <object_component id="oc-aa">
         <name>.debug_abbrev</name>
         <load_address>0x661</load_address>
         <run_address>0x661</run_address>
         <size>0x162</size>
         <input_file_ref idref="fl-c"/>
      </object_component>
      <object_component id="oc-b1">
         <name>.debug_abbrev</name>
         <load_address>0x7c3</load_address>
         <run_address>0x7c3</run_address>
         <size>0x161</size>
         <input_file_ref idref="fl-d"/>
      </object_component>
      <object_component id="oc-b6">
         <name>.debug_abbrev</name>
         <load_address>0x924</load_address>
         <run_address>0x924</run_address>
         <size>0xff</size>
         <input_file_ref idref="fl-e"/>
      </object_component>
      <object_component id="oc-bb">
         <name>.debug_abbrev</name>
         <load_address>0xa23</load_address>
         <run_address>0xa23</run_address>
         <size>0x13a</size>
         <input_file_ref idref="fl-f"/>
      </object_component>
      <object_component id="oc-c0">
         <name>.debug_abbrev</name>
         <load_address>0xb5d</load_address>
         <run_address>0xb5d</run_address>
         <size>0x153</size>
         <input_file_ref idref="fl-10"/>
      </object_component>
      <object_component id="oc-c5">
         <name>.debug_abbrev</name>
         <load_address>0xcb0</load_address>
         <run_address>0xcb0</run_address>
         <size>0x113</size>
         <input_file_ref idref="fl-11"/>
      </object_component>
      <object_component id="oc-ca">
         <name>.debug_abbrev</name>
         <load_address>0xdc3</load_address>
         <run_address>0xdc3</run_address>
         <size>0x13c</size>
         <input_file_ref idref="fl-12"/>
      </object_component>
      <object_component id="oc-d1">
         <name>.debug_abbrev</name>
         <load_address>0xeff</load_address>
         <run_address>0xeff</run_address>
         <size>0x1f9</size>
         <input_file_ref idref="fl-13"/>
      </object_component>
      <object_component id="oc-d7">
         <name>.debug_abbrev</name>
         <load_address>0x10f8</load_address>
         <run_address>0x10f8</run_address>
         <size>0x18c</size>
         <input_file_ref idref="fl-14"/>
      </object_component>
      <object_component id="oc-dc">
         <name>.debug_abbrev</name>
         <load_address>0x1284</load_address>
         <run_address>0x1284</run_address>
         <size>0x63</size>
         <input_file_ref idref="fl-15"/>
      </object_component>
      <object_component id="oc-e1">
         <name>.debug_abbrev</name>
         <load_address>0x12e7</load_address>
         <run_address>0x12e7</run_address>
         <size>0xb5</size>
         <input_file_ref idref="fl-16"/>
      </object_component>
      <object_component id="oc-e7">
         <name>.debug_abbrev</name>
         <load_address>0x139c</load_address>
         <run_address>0x139c</run_address>
         <size>0xfd</size>
         <input_file_ref idref="fl-17"/>
      </object_component>
      <object_component id="oc-ec">
         <name>.debug_abbrev</name>
         <load_address>0x1499</load_address>
         <run_address>0x1499</run_address>
         <size>0xb5</size>
         <input_file_ref idref="fl-18"/>
      </object_component>
      <object_component id="oc-f1">
         <name>.debug_abbrev</name>
         <load_address>0x154e</load_address>
         <run_address>0x154e</run_address>
         <size>0xc9</size>
         <input_file_ref idref="fl-19"/>
      </object_component>
      <object_component id="oc-f8">
         <name>.debug_abbrev</name>
         <load_address>0x1617</load_address>
         <run_address>0x1617</run_address>
         <size>0xc9</size>
         <input_file_ref idref="fl-1a"/>
      </object_component>
      <object_component id="oc-fb">
         <name>.debug_abbrev</name>
         <load_address>0x16e0</load_address>
         <run_address>0x16e0</run_address>
         <size>0x6f</size>
         <input_file_ref idref="fl-1b"/>
      </object_component>
      <object_component id="oc-101">
         <name>.debug_abbrev</name>
         <load_address>0x174f</load_address>
         <run_address>0x174f</run_address>
         <size>0x12a</size>
         <input_file_ref idref="fl-1c"/>
      </object_component>
      <object_component id="oc-107">
         <name>.debug_abbrev</name>
         <load_address>0x1879</load_address>
         <run_address>0x1879</run_address>
         <size>0x46</size>
         <input_file_ref idref="fl-21"/>
      </object_component>
      <object_component id="oc-10d">
         <name>.debug_abbrev</name>
         <load_address>0x18bf</load_address>
         <run_address>0x18bf</run_address>
         <size>0x12e</size>
         <input_file_ref idref="fl-22"/>
      </object_component>
      <object_component id="oc-111">
         <name>.debug_abbrev</name>
         <load_address>0x19ed</load_address>
         <run_address>0x19ed</run_address>
         <size>0x38</size>
         <input_file_ref idref="fl-23"/>
      </object_component>
      <object_component id="oc-115">
         <name>.debug_abbrev</name>
         <load_address>0x1a25</load_address>
         <run_address>0x1a25</run_address>
         <size>0x38</size>
         <input_file_ref idref="fl-24"/>
      </object_component>
      <object_component id="oc-11b">
         <name>.debug_abbrev</name>
         <load_address>0x1a5d</load_address>
         <run_address>0x1a5d</run_address>
         <size>0x9c</size>
         <input_file_ref idref="fl-25"/>
      </object_component>
      <object_component id="oc-11f">
         <name>.debug_abbrev</name>
         <load_address>0x1af9</load_address>
         <run_address>0x1af9</run_address>
         <size>0x111</size>
         <input_file_ref idref="fl-26"/>
      </object_component>
      <object_component id="oc-18d">
         <name>.debug_abbrev</name>
         <load_address>0x1c0a</load_address>
         <run_address>0x1c0a</run_address>
         <size>0xf</size>
      </object_component>
      <object_component id="oc-52">
         <name>.debug_aranges</name>
         <load_address>0x0</load_address>
         <run_address>0x0</run_address>
         <size>0x30</size>
         <input_file_ref idref="fl-4"/>
      </object_component>
      <object_component id="oc-58">
         <name>.debug_aranges</name>
         <load_address>0x30</load_address>
         <run_address>0x30</run_address>
         <size>0x58</size>
         <input_file_ref idref="fl-5"/>
      </object_component>
      <object_component id="oc-5d">
         <name>.debug_aranges</name>
         <load_address>0x88</load_address>
         <run_address>0x88</run_address>
         <size>0x20</size>
         <input_file_ref idref="fl-6"/>
      </object_component>
      <object_component id="oc-63">
         <name>.debug_aranges</name>
         <load_address>0xa8</load_address>
         <run_address>0xa8</run_address>
         <size>0x28</size>
         <input_file_ref idref="fl-7"/>
      </object_component>
      <object_component id="oc-69">
         <name>.debug_aranges</name>
         <load_address>0xd0</load_address>
         <run_address>0xd0</run_address>
         <size>0x290</size>
         <input_file_ref idref="fl-8"/>
      </object_component>
      <object_component id="oc-a1">
         <name>.debug_aranges</name>
         <load_address>0x360</load_address>
         <run_address>0x360</run_address>
         <size>0x28</size>
         <input_file_ref idref="fl-a"/>
      </object_component>
      <object_component id="oc-a6">
         <name>.debug_aranges</name>
         <load_address>0x388</load_address>
         <run_address>0x388</run_address>
         <size>0x20</size>
         <input_file_ref idref="fl-b"/>
      </object_component>
      <object_component id="oc-ab">
         <name>.debug_aranges</name>
         <load_address>0x3a8</load_address>
         <run_address>0x3a8</run_address>
         <size>0x48</size>
         <input_file_ref idref="fl-c"/>
      </object_component>
      <object_component id="oc-b2">
         <name>.debug_aranges</name>
         <load_address>0x3f0</load_address>
         <run_address>0x3f0</run_address>
         <size>0x88</size>
         <input_file_ref idref="fl-d"/>
      </object_component>
      <object_component id="oc-b7">
         <name>.debug_aranges</name>
         <load_address>0x478</load_address>
         <run_address>0x478</run_address>
         <size>0x28</size>
         <input_file_ref idref="fl-e"/>
      </object_component>
      <object_component id="oc-bc">
         <name>.debug_aranges</name>
         <load_address>0x4a0</load_address>
         <run_address>0x4a0</run_address>
         <size>0x28</size>
         <input_file_ref idref="fl-f"/>
      </object_component>
      <object_component id="oc-c1">
         <name>.debug_aranges</name>
         <load_address>0x4c8</load_address>
         <run_address>0x4c8</run_address>
         <size>0x18</size>
         <input_file_ref idref="fl-10"/>
      </object_component>
      <object_component id="oc-c6">
         <name>.debug_aranges</name>
         <load_address>0x4e0</load_address>
         <run_address>0x4e0</run_address>
         <size>0x28</size>
         <input_file_ref idref="fl-11"/>
      </object_component>
      <object_component id="oc-cb">
         <name>.debug_aranges</name>
         <load_address>0x508</load_address>
         <run_address>0x508</run_address>
         <size>0x20</size>
         <input_file_ref idref="fl-12"/>
      </object_component>
      <object_component id="oc-d2">
         <name>.debug_aranges</name>
         <load_address>0x528</load_address>
         <run_address>0x528</run_address>
         <size>0xd0</size>
         <input_file_ref idref="fl-13"/>
      </object_component>
      <object_component id="oc-d8">
         <name>.debug_aranges</name>
         <load_address>0x5f8</load_address>
         <run_address>0x5f8</run_address>
         <size>0x18</size>
         <input_file_ref idref="fl-14"/>
      </object_component>
      <object_component id="oc-dd">
         <name>.debug_aranges</name>
         <load_address>0x610</load_address>
         <run_address>0x610</run_address>
         <size>0x18</size>
         <input_file_ref idref="fl-15"/>
      </object_component>
      <object_component id="oc-e2">
         <name>.debug_aranges</name>
         <load_address>0x628</load_address>
         <run_address>0x628</run_address>
         <size>0x28</size>
         <input_file_ref idref="fl-16"/>
      </object_component>
      <object_component id="oc-e8">
         <name>.debug_aranges</name>
         <load_address>0x650</load_address>
         <run_address>0x650</run_address>
         <size>0x28</size>
         <input_file_ref idref="fl-17"/>
      </object_component>
      <object_component id="oc-ed">
         <name>.debug_aranges</name>
         <load_address>0x678</load_address>
         <run_address>0x678</run_address>
         <size>0x18</size>
         <input_file_ref idref="fl-18"/>
      </object_component>
      <object_component id="oc-f2">
         <name>.debug_aranges</name>
         <load_address>0x690</load_address>
         <run_address>0x690</run_address>
         <size>0x18</size>
         <input_file_ref idref="fl-19"/>
      </object_component>
      <object_component id="oc-f9">
         <name>.debug_aranges</name>
         <load_address>0x6a8</load_address>
         <run_address>0x6a8</run_address>
         <size>0x48</size>
         <input_file_ref idref="fl-1a"/>
      </object_component>
      <object_component id="oc-102">
         <name>.debug_aranges</name>
         <load_address>0x6f0</load_address>
         <run_address>0x6f0</run_address>
         <size>0x40</size>
         <input_file_ref idref="fl-1c"/>
      </object_component>
   </object_component_list>
   <logical_group_list>
      <logical_group id="lg-2" display="no" color="cyan">
         <name>codestart</name>
         <load_address>0x0</load_address>
         <run_address>0x0</run_address>
         <size>0x2</size>
         <contents>
            <object_component_ref idref="oc-5f"/>
         </contents>
      </logical_group>
      <logical_group id="lg-3" display="no" color="cyan">
         <name>ramfuncs</name>
         <run_address>0x0</run_address>
         <size>0x0</size>
         <contents>
         </contents>
      </logical_group>
      <logical_group id="lg-4" display="no" color="cyan">
         <name>.text</name>
         <load_address>0x8700</load_address>
         <run_address>0x8700</run_address>
         <size>0x167b</size>
         <contents>
            <object_component_ref idref="oc-132"/>
            <object_component_ref idref="oc-124"/>
            <object_component_ref idref="oc-65"/>
            <object_component_ref idref="oc-122"/>
            <object_component_ref idref="oc-125"/>
            <object_component_ref idref="oc-120"/>
            <object_component_ref idref="oc-123"/>
            <object_component_ref idref="oc-126"/>
            <object_component_ref idref="oc-130"/>
            <object_component_ref idref="oc-10e"/>
            <object_component_ref idref="oc-136"/>
            <object_component_ref idref="oc-131"/>
            <object_component_ref idref="oc-4e"/>
            <object_component_ref idref="oc-135"/>
            <object_component_ref idref="oc-4a"/>
            <object_component_ref idref="oc-112"/>
            <object_component_ref idref="oc-133"/>
            <object_component_ref idref="oc-134"/>
            <object_component_ref idref="oc-11c"/>
            <object_component_ref idref="oc-108"/>
            <object_component_ref idref="oc-121"/>
            <object_component_ref idref="oc-127"/>
            <object_component_ref idref="oc-116"/>
            <object_component_ref idref="oc-5e"/>
         </contents>
      </logical_group>
      <logical_group id="lg-5" display="no" color="cyan">
         <name>.cinit</name>
         <load_address>0x8000</load_address>
         <run_address>0x8000</run_address>
         <size>0x9a</size>
         <contents>
            <object_component_ref idref="oc-ad"/>
            <object_component_ref idref="oc-cd"/>
            <object_component_ref idref="oc-f4"/>
            <object_component_ref idref="oc-118"/>
            <object_component_ref idref="oc-10a"/>
            <object_component_ref idref="oc-fd"/>
         </contents>
      </logical_group>
      <logical_group id="lg-6" display="no" color="cyan">
         <name>.pinit</name>
         <run_address>0x0</run_address>
         <size>0x0</size>
         <contents>
         </contents>
      </logical_group>
      <logical_group id="lg-7" display="no" color="cyan">
         <name>.switch</name>
         <run_address>0x0</run_address>
         <size>0x0</size>
         <contents>
         </contents>
      </logical_group>
      <logical_group id="lg-8" display="no" color="cyan">
         <name>.stack</name>
         <run_address>0x380</run_address>
         <size>0x300</size>
         <contents>
            <object_component_ref idref="oc-103"/>
            <object_component_ref idref="oc-18b"/>
         </contents>
      </logical_group>
      <logical_group id="lg-9" display="no" color="cyan">
         <name>.ebss</name>
         <run_address>0xc000</run_address>
         <size>0x24a</size>
         <contents>
            <object_component_ref idref="oc-4d"/>
            <object_component_ref idref="oc-54"/>
            <object_component_ref idref="oc-ae"/>
            <object_component_ref idref="oc-ce"/>
            <object_component_ref idref="oc-d4"/>
            <object_component_ref idref="oc-e4"/>
            <object_component_ref idref="oc-f5"/>
            <object_component_ref idref="oc-fe"/>
            <object_component_ref idref="oc-10b"/>
            <object_component_ref idref="oc-119"/>
         </contents>
      </logical_group>
      <logical_group id="lg-a" display="no" color="cyan">
         <name>.econst</name>
         <load_address>0xd500</load_address>
         <run_address>0xd500</run_address>
         <size>0x3a8</size>
         <contents>
            <object_component_ref idref="oc-129"/>
            <object_component_ref idref="oc-137"/>
            <object_component_ref idref="oc-128"/>
            <object_component_ref idref="oc-12d"/>
            <object_component_ref idref="oc-12a"/>
            <object_component_ref idref="oc-12e"/>
            <object_component_ref idref="oc-12b"/>
            <object_component_ref idref="oc-12f"/>
            <object_component_ref idref="oc-12c"/>
         </contents>
      </logical_group>
      <logical_group id="lg-b" display="no" color="cyan">
         <name>.esysmem</name>
         <run_address>0x0</run_address>
         <size>0x0</size>
         <contents>
         </contents>
      </logical_group>
      <logical_group id="lg-c" display="no" color="cyan">
         <name>IQmath</name>
         <run_address>0x0</run_address>
         <size>0x0</size>
         <contents>
         </contents>
      </logical_group>
      <logical_group id="lg-d" display="no" color="cyan">
         <name>IQmathTables</name>
         <run_address>0x0</run_address>
         <size>0x0</size>
         <contents>
         </contents>
      </logical_group>
      <logical_group id="lg-e" display="no" color="cyan">
         <name>FPUmathTables</name>
         <run_address>0x0</run_address>
         <size>0x0</size>
         <contents>
         </contents>
      </logical_group>
      <logical_group id="lg-f" display="no" color="cyan">
         <name>DMARAML4</name>
         <run_address>0x0</run_address>
         <size>0x0</size>
         <contents>
         </contents>
      </logical_group>
      <logical_group id="lg-10" display="no" color="cyan">
         <name>DMARAML5</name>
         <run_address>0x0</run_address>
         <size>0x0</size>
         <contents>
         </contents>
      </logical_group>
      <logical_group id="lg-11" display="no" color="cyan">
         <name>DMARAML6</name>
         <run_address>0x0</run_address>
         <size>0x0</size>
         <contents>
         </contents>
      </logical_group>
      <logical_group id="lg-12" display="no" color="cyan">
         <name>DMARAML7</name>
         <run_address>0x0</run_address>
         <size>0x0</size>
         <contents>
         </contents>
      </logical_group>
      <logical_group id="lg-13" display="no" color="cyan">
         <name>ZONE7DATA</name>
         <run_address>0x0</run_address>
         <size>0x0</size>
         <contents>
         </contents>
      </logical_group>
      <logical_group id="lg-14" display="no" color="cyan">
         <name>.reset</name>
         <load_address>0x3fffc0</load_address>
         <run_address>0x3fffc0</run_address>
         <size>0x2</size>
         <contents>
            <object_component_ref idref="oc-104"/>
         </contents>
      </logical_group>
      <logical_group id="lg-15" display="no" color="cyan">
         <name>csm_rsvd</name>
         <run_address>0x33ff80</run_address>
         <size>0x0</size>
         <contents>
         </contents>
      </logical_group>
      <logical_group id="lg-16" display="no" color="cyan">
         <name>csmpasswds</name>
         <run_address>0x33fff8</run_address>
         <size>0x0</size>
         <contents>
         </contents>
      </logical_group>
      <logical_group id="lg-17" display="no" color="cyan">
         <name>.adc_cal</name>
         <load_address>0x380080</load_address>
         <run_address>0x380080</run_address>
         <size>0x7</size>
         <contents>
            <object_component_ref idref="oc-59"/>
         </contents>
      </logical_group>
      <logical_group id="lg-18" display="no" color="cyan">
         <name>PieVectTableFile</name>
         <run_address>0xd00</run_address>
         <size>0x100</size>
         <contents>
            <object_component_ref idref="oc-9b"/>
         </contents>
      </logical_group>
      <logical_group id="lg-19" display="no" color="cyan">
         <name>DevEmuRegsFile</name>
         <run_address>0x880</run_address>
         <size>0xd0</size>
         <contents>
            <object_component_ref idref="oc-97"/>
         </contents>
      </logical_group>
      <logical_group id="lg-1a" display="no" color="cyan">
         <name>FlashRegsFile</name>
         <run_address>0xa80</run_address>
         <size>0x8</size>
         <contents>
            <object_component_ref idref="oc-6d"/>
         </contents>
      </logical_group>
      <logical_group id="lg-1b" display="no" color="cyan">
         <name>CsmRegsFile</name>
         <run_address>0xae0</run_address>
         <size>0x10</size>
         <contents>
            <object_component_ref idref="oc-77"/>
         </contents>
      </logical_group>
      <logical_group id="lg-1c" display="no" color="cyan">
         <name>AdcMirrorFile</name>
         <run_address>0xb00</run_address>
         <size>0x10</size>
         <contents>
            <object_component_ref idref="oc-76"/>
         </contents>
      </logical_group>
      <logical_group id="lg-1d" display="no" color="cyan">
         <name>XintfRegsFile</name>
         <run_address>0xb20</run_address>
         <size>0x1e</size>
         <contents>
            <object_component_ref idref="oc-7a"/>
         </contents>
      </logical_group>
      <logical_group id="lg-1e" display="no" color="cyan">
         <name>CpuTimer0RegsFile</name>
         <run_address>0xc00</run_address>
         <size>0x8</size>
         <contents>
            <object_component_ref idref="oc-6e"/>
         </contents>
      </logical_group>
      <logical_group id="lg-1f" display="no" color="cyan">
         <name>CpuTimer1RegsFile</name>
         <run_address>0xc08</run_address>
         <size>0x8</size>
         <contents>
            <object_component_ref idref="oc-6c"/>
         </contents>
      </logical_group>
      <logical_group id="lg-20" display="no" color="cyan">
         <name>CpuTimer2RegsFile</name>
         <run_address>0xc10</run_address>
         <size>0x8</size>
         <contents>
            <object_component_ref idref="oc-6b"/>
         </contents>
      </logical_group>
      <logical_group id="lg-21" display="no" color="cyan">
         <name>PieCtrlRegsFile</name>
         <run_address>0xce0</run_address>
         <size>0x1a</size>
         <contents>
            <object_component_ref idref="oc-78"/>
         </contents>
      </logical_group>
      <logical_group id="lg-22" display="no" color="cyan">
         <name>DmaRegsFile</name>
         <run_address>0x1000</run_address>
         <size>0xe0</size>
         <contents>
            <object_component_ref idref="oc-98"/>
         </contents>
      </logical_group>
      <logical_group id="lg-23" display="no" color="cyan">
         <name>McbspaRegsFile</name>
         <run_address>0x5000</run_address>
         <size>0x25</size>
         <contents>
            <object_component_ref idref="oc-8a"/>
         </contents>
      </logical_group>
      <logical_group id="lg-24" display="no" color="cyan">
         <name>McbspbRegsFile</name>
         <run_address>0x5040</run_address>
         <size>0x25</size>
         <contents>
            <object_component_ref idref="oc-8b"/>
         </contents>
      </logical_group>
      <logical_group id="lg-25" display="no" color="cyan">
         <name>ECanaRegsFile</name>
         <run_address>0x6000</run_address>
         <size>0x34</size>
         <contents>
            <object_component_ref idref="oc-8e"/>
         </contents>
      </logical_group>
      <logical_group id="lg-26" display="no" color="cyan">
         <name>ECanaLAMRegsFile</name>
         <run_address>0x6040</run_address>
         <size>0x40</size>
         <contents>
            <object_component_ref idref="oc-91"/>
         </contents>
      </logical_group>
      <logical_group id="lg-27" display="no" color="cyan">
         <name>ECanaMboxesFile</name>
         <run_address>0x6100</run_address>
         <size>0x100</size>
         <contents>
[...]
      </symbol>
      <symbol id="sm-230">
         <name>_ECap1Regs</name>
         <value>0x6a00</value>
         <object_component_ref idref="oc-81"/>
      </symbol>
      <symbol id="sm-231">
         <name>_EQep1Regs</name>
         <value>0x6b00</value>
         <object_component_ref idref="oc-96"/>
      </symbol>
      <symbol id="sm-232">
         <name>_McbspaRegs</name>
         <value>0x5000</value>
         <object_component_ref idref="oc-8a"/>
      </symbol>
      <symbol id="sm-233">
         <name>_EPwm1Regs</name>
         <value>0x6800</value>
         <object_component_ref idref="oc-85"/>
      </symbol>
      <symbol id="sm-234">
         <name>_ECanbRegs</name>
         <value>0x6200</value>
         <object_component_ref idref="oc-8d"/>
      </symbol>
      <symbol id="sm-235">
         <name>_ScibRegs</name>
         <value>0x7750</value>
         <object_component_ref idref="oc-72"/>
      </symbol>
      <symbol id="sm-236">
         <name>_ECap2Regs</name>
         <value>0x6a20</value>
         <object_component_ref idref="oc-7d"/>
      </symbol>
      <symbol id="sm-237">
         <name>_GpioIntRegs</name>
         <value>0x6fe0</value>
         <object_component_ref idref="oc-70"/>
      </symbol>
      <symbol id="sm-238">
         <name>_EQep2Regs</name>
         <value>0x6b40</value>
         <object_component_ref idref="oc-94"/>
      </symbol>
      <symbol id="sm-239">
         <name>_EPwm2Regs</name>
         <value>0x6840</value>
         <object_component_ref idref="oc-84"/>
      </symbol>
      <symbol id="sm-23a">
         <name>_ECanaMboxes</name>
         <value>0x6100</value>
         <object_component_ref idref="oc-9a"/>
      </symbol>
      <symbol id="sm-23b">
         <name>_ECap3Regs</name>
         <value>0x6a40</value>
         <object_component_ref idref="oc-7e"/>
      </symbol>
      <symbol id="sm-23c">
         <name>_ECanaMOTORegs</name>
         <value>0x60c0</value>
         <object_component_ref idref="oc-8f"/>
      </symbol>
      <symbol id="sm-23d">
         <name>_EPwm3Regs</name>
         <value>0x6880</value>
         <object_component_ref idref="oc-86"/>
      </symbol>
      <symbol id="sm-23e">
         <name>_ECanbLAMRegs</name>
         <value>0x6240</value>
         <object_component_ref idref="oc-95"/>
      </symbol>
      <symbol id="sm-23f">
         <name>_I2caRegs</name>
         <value>0x7900</value>
         <object_component_ref idref="oc-83"/>
      </symbol>
      <symbol id="sm-24b">
         <name>_InitPieCtrl</name>
         <value>0x9ccc</value>
         <object_component_ref idref="oc-133"/>
      </symbol>
      <symbol id="sm-24c">
         <name>_EnableInterrupts</name>
         <value>0x9ceb</value>
         <object_component_ref idref="oc-133"/>
      </symbol>
      <symbol id="sm-25c">
         <name>_PieVectTableInit</name>
         <value>0xd662</value>
         <object_component_ref idref="oc-137"/>
      </symbol>
      <symbol id="sm-25d">
         <name>_InitPieVectTable</name>
         <value>0x9cf4</value>
         <object_component_ref idref="oc-134"/>
      </symbol>
      <symbol id="sm-26f">
         <name>_InitPll</name>
         <value>0x872e</value>
         <object_component_ref idref="oc-132"/>
      </symbol>
      <symbol id="sm-270">
         <name>_DisableDog</name>
         <value>0x8726</value>
         <object_component_ref idref="oc-132"/>
      </symbol>
      <symbol id="sm-271">
         <name>_InitPeripheralClocks</name>
         <value>0x876b</value>
         <object_component_ref idref="oc-132"/>
      </symbol>
      <symbol id="sm-272">
         <name>_InitFlash</name>
         <value>0x870b</value>
         <object_component_ref idref="oc-132"/>
      </symbol>
      <symbol id="sm-273">
         <name>_GpioConf</name>
         <value>0x87a4</value>
         <object_component_ref idref="oc-132"/>
      </symbol>
      <symbol id="sm-274">
         <name>_InitSysCtrl</name>
         <value>0x8700</value>
         <object_component_ref idref="oc-132"/>
      </symbol>
      <symbol id="sm-296">
         <name>_Calc3To2</name>
         <value>0x8d15</value>
         <object_component_ref idref="oc-124"/>
      </symbol>
      <symbol id="sm-297">
         <name>_CalcSinCos_0_90</name>
         <value>0x8af5</value>
         <object_component_ref idref="oc-124"/>
      </symbol>
      <symbol id="sm-298">
         <name>_CalculateConditionPMS</name>
         <value>0x8e73</value>
         <object_component_ref idref="oc-124"/>
      </symbol>
      <symbol id="sm-299">
         <name>_CalcSpeedRtr</name>
         <value>0x8da0</value>
         <object_component_ref idref="oc-124"/>
      </symbol>
      <symbol id="sm-29a">
         <name>_CalcSinCos_180_270</name>
         <value>0x8baa</value>
         <object_component_ref idref="oc-124"/>
      </symbol>
      <symbol id="sm-29b">
         <name>_CalcSinCos_270_360</name>
         <value>0x8c0d</value>
         <object_component_ref idref="oc-124"/>
      </symbol>
      <symbol id="sm-29c">
         <name>_SpeedRef</name>
         <value>0x8c6e</value>
         <object_component_ref idref="oc-124"/>
      </symbol>
      <symbol id="sm-29d">
         <name>_Stop</name>
         <value>0x8af0</value>
         <object_component_ref idref="oc-124"/>
      </symbol>
      <symbol id="sm-29e">
         <name>_CalcSinCos</name>
         <value>0xc226</value>
         <object_component_ref idref="oc-ae"/>
      </symbol>
      <symbol id="sm-29f">
         <name>_CalcSinCos_90_180</name>
         <value>0x8b4e</value>
         <object_component_ref idref="oc-124"/>
      </symbol>
      <symbol id="sm-2a0">
         <name>_CalcIm</name>
         <value>0x8d0c</value>
         <object_component_ref idref="oc-124"/>
      </symbol>
      <symbol id="sm-2a1">
         <name>_PID_Regltr</name>
         <value>0x8cb6</value>
         <object_component_ref idref="oc-124"/>
      </symbol>
      <symbol id="sm-2a2">
         <name>_ApprdFltr</name>
         <value>0x8c99</value>
         <object_component_ref idref="oc-124"/>
      </symbol>
      <symbol id="sm-2a3">
         <name>_Calc2To3Cos</name>
         <value>0x8d31</value>
         <object_component_ref idref="oc-124"/>
      </symbol>
      <symbol id="sm-2a4">
         <name>_pCalcSinCos</name>
         <value>0xc21c</value>
         <object_component_ref idref="oc-ae"/>
      </symbol>
      <symbol id="sm-2a5">
         <name>_CalcLengthVect2In</name>
         <value>0x8d60</value>
         <object_component_ref idref="oc-124"/>
      </symbol>
      <symbol id="sm-2b1">
         <name>_HandlrADC</name>
         <value>0x9662</value>
         <object_component_ref idref="oc-120"/>
      </symbol>
      <symbol id="sm-2b2">
         <name>_AdcInitDrive</name>
         <value>0x95fc</value>
         <object_component_ref idref="oc-120"/>
      </symbol>
      <symbol id="sm-2be">
         <name>_Handlr_ePwm</name>
         <value>0x9889</value>
         <object_component_ref idref="oc-123"/>
      </symbol>
      <symbol id="sm-2bf">
         <name>_InitEPwm_1_2_3_4_5_6_Timers</name>
         <value>0x976d</value>
         <object_component_ref idref="oc-123"/>
      </symbol>
      <symbol id="sm-2d8">
         <name>_InitSPIA</name>
         <value>0x9c14</value>
         <object_component_ref idref="oc-135"/>
      </symbol>
      <symbol id="sm-2d9">
         <name>_RXRotorPostnSPI</name>
         <value>0x9c3c</value>
         <object_component_ref idref="oc-135"/>
      </symbol>
      <symbol id="sm-2e5">
         <name>_MainInit</name>
         <value>0x9b68</value>
         <object_component_ref idref="oc-131"/>
      </symbol>
      <symbol id="sm-2fa">
         <name>_ExtrctPstnIndctn_2_Fl_3_2</name>
         <value>0x957c</value>
         <object_component_ref idref="oc-125"/>
      </symbol>
      <symbol id="sm-2fb">
         <name>_HlNumb9</name>
         <value>0x94d1</value>
         <object_component_ref idref="oc-125"/>
      </symbol>
      <symbol id="sm-2fc">
         <name>_HlNumb8</name>
         <value>0x94be</value>
         <object_component_ref idref="oc-125"/>
      </symbol>
      <symbol id="sm-2fd">
         <name>_HlNumb3</name>
         <value>0x945f</value>
         <object_component_ref idref="oc-125"/>
      </symbol>
      <symbol id="sm-2fe">
         <name>_HlNumb2</name>
         <value>0x944c</value>
         <object_component_ref idref="oc-125"/>
      </symbol>
      <symbol id="sm-2ff">
         <name>_HlNumb1</name>
         <value>0x9439</value>
         <object_component_ref idref="oc-125"/>
      </symbol>
      <symbol id="sm-300">
         <name>_HlNumb0</name>
         <value>0x9426</value>
         <object_component_ref idref="oc-125"/>
      </symbol>
      <symbol id="sm-301">
         <name>_HlNumb7</name>
         <value>0x94ab</value>
         <object_component_ref idref="oc-125"/>
      </symbol>
      <symbol id="sm-302">
         <name>_HlNumb6</name>
         <value>0x9498</value>
         <object_component_ref idref="oc-125"/>
      </symbol>
      <symbol id="sm-303">
         <name>_HlNumb5</name>
         <value>0x9485</value>
         <object_component_ref idref="oc-125"/>
      </symbol>
      <symbol id="sm-304">
         <name>_HlNumb4</name>
         <value>0x9472</value>
         <object_component_ref idref="oc-125"/>
      </symbol>
      <symbol id="sm-305">
         <name>_VDHl2</name>
         <value>0x94f1</value>
         <object_component_ref idref="oc-125"/>
      </symbol>
      <symbol id="sm-306">
         <name>_VDHl3</name>
         <value>0x94fe</value>
         <object_component_ref idref="oc-125"/>
      </symbol>
      <symbol id="sm-307">
         <name>_VDHl1</name>
         <value>0x94e4</value>
         <object_component_ref idref="oc-125"/>
      </symbol>
      <symbol id="sm-308">
         <name>_VDHl4</name>
         <value>0x950b</value>
         <object_component_ref idref="oc-125"/>
      </symbol>
      <symbol id="sm-309">
         <name>_VDHl5</name>
         <value>0x9518</value>
         <object_component_ref idref="oc-125"/>
      </symbol>
      <symbol id="sm-30a">
         <name>_VDHLIndctnVar</name>
         <value>0x95d1</value>
         <object_component_ref idref="oc-125"/>
      </symbol>
      <symbol id="sm-30b">
         <name>_ExtrctPstnIndctn_Fl_3_2</name>
         <value>0xc1d2</value>
         <object_component_ref idref="oc-ce"/>
      </symbol>
      <symbol id="sm-30c">
         <name>_HLNumb</name>
         <value>0xc1e6</value>
         <object_component_ref idref="oc-ce"/>
      </symbol>
      <symbol id="sm-30d">
         <name>_ExtrctPstnIndctn_4_Fl_3_2</name>
         <value>0x95bd</value>
         <object_component_ref idref="oc-125"/>
      </symbol>
      <symbol id="sm-30e">
         <name>_ExtrctPstnIndctn_1_Fl_3_2</name>
         <value>0x9564</value>
         <object_component_ref idref="oc-125"/>
      </symbol>
      <symbol id="sm-30f">
         <name>_VDHlOff</name>
         <value>0x9525</value>
         <object_component_ref idref="oc-125"/>
      </symbol>
      <symbol id="sm-310">
         <name>_VDHLIndctn</name>
         <value>0x9532</value>
         <object_component_ref idref="oc-125"/>
      </symbol>
      <symbol id="sm-311">
         <name>_ExtrctPstnIndctn_0_Fl_3_2</name>
         <value>0x9549</value>
         <object_component_ref idref="oc-125"/>
      </symbol>
      <symbol id="sm-312">
         <name>_ExtrctPstnIndctn_3_Fl_3_2</name>
         <value>0x959a</value>
         <object_component_ref idref="oc-125"/>
      </symbol>
      <symbol id="sm-313">
         <name>_VDHL</name>
         <value>0xc1dc</value>
         <object_component_ref idref="oc-ce"/>
      </symbol>
      <symbol id="sm-31f">
         <name>_usCRC16</name>
         <value>0xc1fe</value>
         <object_component_ref idref="oc-d4"/>
      </symbol>
      <symbol id="sm-334">
         <name>_CalcVarblsSttng</name>
         <value>0x9d48</value>
         <object_component_ref idref="oc-121"/>
      </symbol>
      <symbol id="sm-335">
         <name>_CalcFastVarblsSttng</name>
         <value>0x9d4c</value>
         <object_component_ref idref="oc-121"/>
      </symbol>
      <symbol id="sm-343">
         <name>_CpuTimer2</name>
         <value>0xc208</value>
         <object_component_ref idref="oc-e4"/>
      </symbol>
      <symbol id="sm-344">
         <name>_CpuTimer0</name>
         <value>0xc210</value>
         <object_component_ref idref="oc-e4"/>
      </symbol>
      <symbol id="sm-345">
         <name>_CpuTimer1</name>
         <value>0xc200</value>
         <object_component_ref idref="oc-e4"/>
      </symbol>
      <symbol id="sm-346">
         <name>_InitCpuTimers</name>
         <value>0x9aed</value>
         <object_component_ref idref="oc-136"/>
      </symbol>
      <symbol id="sm-347">
         <name>_ConfigCpuTimer</name>
         <value>0x9b2e</value>
         <object_component_ref idref="oc-136"/>
      </symbol>
      <symbol id="sm-373">
         <name>_pMaxUDCMotorPrtctn</name>
         <value>0xc232</value>
         <object_component_ref idref="oc-f5"/>
      </symbol>
      <symbol id="sm-374">
         <name>_MaxUDCMotorPrtctn</name>
         <value>0x9972</value>
         <object_component_ref idref="oc-126"/>
      </symbol>
      <symbol id="sm-375">
         <name>_pTimeIMotorPrtctn</name>
         <value>0xc234</value>
         <object_component_ref idref="oc-f5"/>
      </symbol>
      <symbol id="sm-376">
         <name>_pBreakPhasePrtctn</name>
         <value>0xc236</value>
         <object_component_ref idref="oc-f5"/>
      </symbol>
      <symbol id="sm-377">
         <name>_pMinUDCMotorPrtctn</name>
         <value>0xc22e</value>
         <object_component_ref idref="oc-f5"/>
      </symbol>
      <symbol id="sm-378">
         <name>_pPressFaultMotorPrtctn</name>
         <value>0xc230</value>
         <object_component_ref idref="oc-f5"/>
      </symbol>
      <symbol id="sm-379">
         <name>_MinUDCMotorPrtctn</name>
         <value>0x9989</value>
         <object_component_ref idref="oc-126"/>
      </symbol>
      <symbol id="sm-37a">
         <name>_MaxMotorIPrtctn</name>
         <value>0x98a8</value>
         <object_component_ref idref="oc-126"/>
      </symbol>
      <symbol id="sm-37b">
         <name>_BreakPhasePrtctn</name>
         <value>0x9914</value>
         <object_component_ref idref="oc-126"/>
      </symbol>
      <symbol id="sm-37c">
         <name>_TimeIMotorPrtctn</name>
         <value>0x98e3</value>
         <object_component_ref idref="oc-126"/>
      </symbol>
      <symbol id="sm-37d">
         <name>_PressFaultMotorPrtctn</name>
         <value>0x99a0</value>
         <object_component_ref idref="oc-126"/>
      </symbol>
      <symbol id="sm-37e">
         <name>_pMaxMotorIPrtctn</name>
         <value>0xc238</value>
         <object_component_ref idref="oc-f5"/>
      </symbol>
      <symbol id="sm-394">
         <name>_SQRT175</name>
         <value>0xd500</value>
         <object_component_ref idref="oc-129"/>
      </symbol>
      <symbol id="sm-395">
         <name>_TABL_UW</name>
         <value>0xd890</value>
         <object_component_ref idref="oc-12c"/>
      </symbol>
      <symbol id="sm-396">
         <name>_TABL_UV</name>
         <value>0xd860</value>
         <object_component_ref idref="oc-12b"/>
      </symbol>
      <symbol id="sm-397">
         <name>_TABL_UU</name>
         <value>0xd830</value>
         <object_component_ref idref="oc-12a"/>
      </symbol>
      <symbol id="sm-398">
         <name>_Tabl_sin_90</name>
         <value>0xd762</value>
         <object_component_ref idref="oc-128"/>
      </symbol>
      <symbol id="sm-399">
         <name>_TABL_UW1</name>
         <value>0xd878</value>
         <object_component_ref idref="oc-12f"/>
      </symbol>
      <symbol id="sm-39a">
         <name>_TABL_UV1</name>
         <value>0xd848</value>
         <object_component_ref idref="oc-12e"/>
      </symbol>
      <symbol id="sm-39b">
         <name>_TABL_UU1</name>
         <value>0xd818</value>
         <object_component_ref idref="oc-12d"/>
      </symbol>
      <symbol id="sm-3b7">
         <name>_TimeDelaySys</name>
         <value>0x99aa</value>
         <object_component_ref idref="oc-130"/>
      </symbol>
      <symbol id="sm-3b8">
         <name>_FltrMas6Var</name>
         <value>0x9a31</value>
         <object_component_ref idref="oc-130"/>
      </symbol>
      <symbol id="sm-3b9">
         <name>_Init_GPIO_0_5_in_PWM</name>
         <value>0x99c9</value>
         <object_component_ref idref="oc-130"/>
      </symbol>
      <symbol id="sm-3ba">
         <name>_HandlrBttn</name>
         <value>0x99f5</value>
         <object_component_ref idref="oc-130"/>
      </symbol>
      <symbol id="sm-3bb">
         <name>_LimitVar</name>
         <value>0x9a12</value>
         <object_component_ref idref="oc-130"/>
      </symbol>
      <symbol id="sm-3c7">
         <name>__stack</name>
         <value>0x380</value>
         <object_component_ref idref="oc-103"/>
      </symbol>
      <symbol id="sm-3c8">
         <name>_c_int00</name>
         <value>0x9c5c</value>
         <object_component_ref idref="oc-4a"/>
      </symbol>
      <symbol id="sm-3d6">
         <name>__dtors_ptr</name>
         <value>0xc23c</value>
         <object_component_ref idref="oc-10b"/>
      </symbol>
      <symbol id="sm-3d7">
         <name>C$$EXIT</name>
         <value>0x9d2f</value>
         <object_component_ref idref="oc-108"/>
      </symbol>
      <symbol id="sm-3d8">
         <name>_abort</name>
         <value>0x9d2f</value>
         <object_component_ref idref="oc-108"/>
      </symbol>
      <symbol id="sm-3d9">
         <name>_exit</name>
         <value>0x9d31</value>
         <object_component_ref idref="oc-108"/>
      </symbol>
      <symbol id="sm-3da">
         <name>__cleanup_ptr</name>
         <value>0xc23a</value>
         <object_component_ref idref="oc-10b"/>
      </symbol>
      <symbol id="sm-3e2">
         <name>FS$$DIV</name>
         <value>0x9a65</value>
         <object_component_ref idref="oc-10e"/>
      </symbol>
      <symbol id="sm-3ea">
         <name>L$$DIV</name>
         <value>0x9ca2</value>
         <object_component_ref idref="oc-112"/>
      </symbol>
      <symbol id="sm-3eb">
         <name>UL$$MOD</name>
         <value>0x9cc6</value>
         <object_component_ref idref="oc-112"/>
      </symbol>
      <symbol id="sm-3ec">
         <name>UL$$DIV</name>
         <value>0x9cbf</value>
         <object_component_ref idref="oc-112"/>
      </symbol>
      <symbol id="sm-3ed">
         <name>L$$MOD</name>
         <value>0x9cb1</value>
         <object_component_ref idref="oc-112"/>
      </symbol>
      <symbol id="sm-3fb">
         <name>__lock</name>
         <value>0xc1fc</value>
         <object_component_ref idref="oc-119"/>
      </symbol>
      <symbol id="sm-3fc">
         <name>__register_unlock</name>
         <value>0x9d6a</value>
         <object_component_ref idref="oc-116"/>
      </symbol>
      <symbol id="sm-3fd">
         <name>__nop</name>
         <value>0x9d72</value>
         <object_component_ref idref="oc-116"/>
      </symbol>
      <symbol id="sm-3fe">
         <name>__register_lock</name>
         <value>0x9d6e</value>
         <object_component_ref idref="oc-116"/>
      </symbol>
      <symbol id="sm-3ff">
         <name>__unlock</name>
         <value>0xc1fa</value>
         <object_component_ref idref="oc-119"/>
      </symbol>
      <symbol id="sm-409">
         <name>__TI_args_main</name>
         <value>0x1</value>
      </symbol>
      <symbol id="sm-40a">
         <name>__args_main</name>
         <value>0x9d14</value>
         <object_component_ref idref="oc-11c"/>
      </symbol>
   </symbol_table>
   <title>Link successful</title>
</link_info>
