******************************************************************************
             TMS320C2000 Linker PC v18.1.2                     
******************************************************************************
>> Linked Mon Feb 26 02:21:23 2024

OUTPUT FILE NAME:   <C:/Work/sespel/tractor_drive/main_CPU_(real)/../RAM/MainCPU.out>
ENTRY POINT SYMBOL: "_c_int00"  address: 00009a49


MEMORY CONFIGURATION

         name            origin    length      used     unused   attr    fill
----------------------  --------  ---------  --------  --------  ----  --------
PAGE 0:
  BEGIN                 00000000   00000002  00000002  00000000  RWIX
  RAMM0                 00000050   000003b0  00000000  000003b0  RWIX
  RAML0                 00008000   00000700  00000057  000006a9  RWIX
  RAML1L2L3             00008700   00003300  0000146c  00001e94  RWIX
  ZONE7A                00200000   0000fc00  00000000  0000fc00  RWIX
  CSM_RSVD              0033ff80   00000076  00000000  00000076  RWIX
  CSM_PWL               0033fff8   00000008  00000000  00000008  RWIX
  ADC_CAL               00380080   00000009  00000007  00000002  RWIX
  IQTABLES              003fe000   00000b50  00000000  00000b50  RWIX
  IQTABLES2             003feb50   0000008c  00000000  0000008c  RWIX
  FPUTABLES             003febdc   000006a0  00000000  000006a0  RWIX
  BOOTROM               003ff27c   00000d44  00000000  00000d44  RWIX
  RESET                 003fffc0   00000002  00000000  00000002  RWIX

PAGE 1:
  BOOT_RSVD             00000002   0000004e  00000000  0000004e  RWIX
  RAMM1                 00000380   00000380  00000300  00000080  RWIX
  DEV_EMU               00000880   00000180  000000d0  000000b0  RWIX
  FLASH_REGS            00000a80   00000060  00000008  00000058  RWIX
  CSM                   00000ae0   00000010  00000010  00000000  RWIX
  ADC_MIRROR            00000b00   00000010  00000010  00000000  RWIX
  XINTF                 00000b20   00000020  0000001e  00000002  RWIX
  CPU_TIMER0            00000c00   00000008  00000008  00000000  RWIX
  CPU_TIMER1            00000c08   00000008  00000008  00000000  RWIX
  CPU_TIMER2            00000c10   00000008  00000008  00000000  RWIX
  PIE_CTRL              00000ce0   00000020  0000001a  00000006  RWIX
  PIE_VECT              00000d00   00000100  00000100  00000000  RWIX
  DMA                   00001000   00000200  000000e0  00000120  RWIX
  MCBSPA                00005000   00000040  00000025  0000001b  RWIX
  MCBSPB                00005040   00000040  00000025  0000001b  RWIX
  ECANA                 00006000   00000040  00000034  0000000c  RWIX
  ECANA_LAM             00006040   00000040  00000040  00000000  RWIX
  ECANA_MOTS            00006080   00000040  00000040  00000000  RWIX
  ECANA_MOTO            000060c0   00000040  00000040  00000000  RWIX
  ECANA_MBOX            00006100   00000100  00000100  00000000  RWIX
  ECANB                 00006200   00000040  00000034  0000000c  RWIX
  ECANB_LAM             00006240   00000040  00000040  00000000  RWIX
  ECANB_MOTS            00006280   00000040  00000040  00000000  RWIX
  ECANB_MOTO            000062c0   00000040  00000040  00000000  RWIX
  ECANB_MBOX            00006300   00000100  00000100  00000000  RWIX
  EPWM1                 00006800   00000022  00000022  00000000  RWIX
  EPWM2                 00006840   00000022  00000022  00000000  RWIX
  EPWM3                 00006880   00000022  00000022  00000000  RWIX
  EPWM4                 000068c0   00000022  00000022  00000000  RWIX
  EPWM5                 00006900   00000022  00000022  00000000  RWIX
  EPWM6                 00006940   00000022  00000022  00000000  RWIX
  ECAP1                 00006a00   00000020  00000020  00000000  RWIX
  ECAP2                 00006a20   00000020  00000020  00000000  RWIX
  ECAP3                 00006a40   00000020  00000020  00000000  RWIX
  ECAP4                 00006a60   00000020  00000020  00000000  RWIX
  ECAP5                 00006a80   00000020  00000020  00000000  RWIX
  ECAP6                 00006aa0   00000020  00000020  00000000  RWIX
  EQEP1                 00006b00   00000040  00000040  00000000  RWIX
  EQEP2                 00006b40   00000040  00000040  00000000  RWIX
  GPIOCTRL              00006f80   00000040  0000002e  00000012  RWIX
  GPIODAT               00006fc0   00000020  00000020  00000000  RWIX
  GPIOINT               00006fe0   00000020  0000000a  00000016  RWIX
  SYSTEM                00007010   00000020  00000020  00000000  RWIX
  SPIA                  00007040   00000010  00000010  00000000  RWIX
  SCIA                  00007050   00000010  00000010  00000000  RWIX
  XINTRUPT              00007070   00000010  00000010  00000000  RWIX
  ADC                   00007100   00000020  0000001e  00000002  RWIX
  SCIB                  00007750   00000010  00000010  00000000  RWIX
  SCIC                  00007770   00000010  00000010  00000000  RWIX
  I2CA                  00007900   00000040  00000022  0000001e  RWIX
  RAML4                 0000c000   00001500  0000021a  000012e6  RWIX
  RAML5                 0000d500   00000800  000003a8  00000458  RWIX
  RAML6                 0000e300   00000700  00000000  00000700  RWIX
  RAML7                 0000f000   00001000  00000000  00001000  RWIX
  ZONE7B                0020fc00   00000400  00000000  00000400  RWIX
  CSM_PWL               0033fff8   00000008  00000008  00000000  RWIX


SECTION ALLOCATION MAP

 output                                  attributes/
section   page    origin      length       input sections
--------  ----  ----------  ----------   ----------------
codestart 
*          0    00000000    00000002     
                  00000000    00000002     DSP2833x_CodeStartBranch.obj (codestart)

.cinit     0    00008000    00000057     
                  00008000    0000001f     FuncDrive.obj (.cinit)
                  0000801f    0000001e     ProtectnDrive.obj (.cinit)
                  0000803d    0000000a     rts2800_fpu32.lib : _lock.obj (.cinit)
                  00008047    0000000a                       : exit.obj (.cinit)
                  00008051    00000004     SysSrvc.obj (.cinit)
                  00008055    00000002     --HOLE-- [fill = 0]

.text      0    00008700    0000146c     
                  00008700    000003a8     DSP2833x_SysCtrl.obj (.text)
                  00008aa8    00000323     FuncDrive.obj (.text)
                  00008dcb    00000316     DSP2833x_DefaultIsr.obj (.text:retain)
                  000090e1    0000028b     BaseDrive.obj (.text)
                  0000936c    000001b0     MainCpuAdc.obj (.text)
                  0000951c    000001ac     MainCpuEpwm.obj (.text)
                  000096c8    00000102     ProtectnDrive.obj (.text)
                  000097ca    0000008f     SysSrvc.obj (.text)
                  00009859    00000088     rts2800_fpu32.lib : fs_div.obj (.text)
                  000098e1    0000007b     Main_CPU_CpuTimers.obj (.text)
                  0000995c    00000055     MainInit.obj (.text)
                  000099b1    00000050     MainCPU-Main(1).obj (.text:retain)
                  00009a01    00000048     MainCpuSpi.obj (.text)
                  00009a49    00000046     rts2800_fpu32.lib : boot.obj (.text)
                  00009a8f    0000002a                       : l_div.obj (.text)
                  00009ab9    00000028     DSP2833x_PieCtrl.obj (.text)
                  00009ae1    00000020     DSP2833x_PieVect.obj (.text)
                  00009b01    0000001b     rts2800_fpu32.lib : args_main.obj (.text)
                  00009b1c    00000019                       : exit.obj (.text)
                  00009b35    00000014     MainSetting.obj (.text)
                  00009b49    00000012     MainCPU-Main(1).obj (.text)
                  00009b5b    00000009     rts2800_fpu32.lib : _lock.obj (.text)
                  00009b64    00000008     DSP2833x_CodeStartBranch.obj (.text)

.pinit     0    00008000    00000000     UNINITIALIZED

.stack     1    00000380    00000300     UNINITIALIZED
                  00000380    00000300     --HOLE--

DevEmuRegsFile 
*          1    00000880    000000d0     UNINITIALIZED
                  00000880    000000d0     DSP2833x_GlobalVariableDefs.obj (DevEmuRegsFile)

FlashRegsFile 
*          1    00000a80    00000008     UNINITIALIZED
                  00000a80    00000008     DSP2833x_GlobalVariableDefs.obj (FlashRegsFile)

CsmRegsFile 
*          1    00000ae0    00000010     UNINITIALIZED
                  00000ae0    00000010     DSP2833x_GlobalVariableDefs.obj (CsmRegsFile)

AdcMirrorFile 
*          1    00000b00    00000010     UNINITIALIZED
                  00000b00    00000010     DSP2833x_GlobalVariableDefs.obj (AdcMirrorFile)

XintfRegsFile 
*          1    00000b20    0000001e     UNINITIALIZED
                  00000b20    0000001e     DSP2833x_GlobalVariableDefs.obj (XintfRegsFile)

CpuTimer0RegsFile 
*          1    00000c00    00000008     UNINITIALIZED
                  00000c00    00000008     DSP2833x_GlobalVariableDefs.obj (CpuTimer0RegsFile)

CpuTimer1RegsFile 
*          1    00000c08    00000008     UNINITIALIZED
                  00000c08    00000008     DSP2833x_GlobalVariableDefs.obj (CpuTimer1RegsFile)

CpuTimer2RegsFile 
*          1    00000c10    00000008     UNINITIALIZED
                  00000c10    00000008     DSP2833x_GlobalVariableDefs.obj (CpuTimer2RegsFile)

PieCtrlRegsFile 
*          1    00000ce0    0000001a     UNINITIALIZED
                  00000ce0    0000001a     DSP2833x_GlobalVariableDefs.obj (PieCtrlRegsFile)

ECanaMOTSRegsFile 
*          1    00006080    00000040     UNINITIALIZED
                  00006080    00000040     DSP2833x_GlobalVariableDefs.obj (ECanaMOTSRegsFile)

ECanaMOTORegsFile 
*          1    000060c0    00000040     UNINITIALIZED
                  000060c0    00000040     DSP2833x_GlobalVariableDefs.obj (ECanaMOTORegsFile)

ECanbMOTSRegsFile 
*          1    00006280    00000040     UNINITIALIZED
                  00006280    00000040     DSP2833x_GlobalVariableDefs.obj (ECanbMOTSRegsFile)

ECanbMOTORegsFile 
*          1    000062c0    00000040     UNINITIALIZED
                  000062c0    00000040     DSP2833x_GlobalVariableDefs.obj (ECanbMOTORegsFile)

.ebss      1    0000c000    0000021a     UNINITIALIZED
                  0000c000    000001d2     MainCPU-Main(1).obj (.ebss)
                  0000c1d2    00000018     Main_CPU_CpuTimers.obj (.ebss)
                  0000c1ea    00000010     FuncDrive.obj (.ebss)
                  0000c1fa    00000004     rts2800_fpu32.lib : _lock.obj (.ebss)
                  0000c1fe    00000001     MainModbus.obj (.ebss)
                  0000c1ff    00000001     SysSrvc.obj (.ebss)
                  0000c200    0000000c     ProtectnDrive.obj (.ebss)
                  0000c20c    0000000a     BaseDrive.obj (.ebss)
                  0000c216    00000004     rts2800_fpu32.lib : exit.obj (.ebss)

.econst    1    0000d500    000003a8     
                  0000d500    00000162     Smpl_table.obj (.econst:_SQRT175)
                  0000d662    00000100     DSP2833x_PieVect.obj (.econst:_PieVectTableInit)
                  0000d762    000000b6     Smpl_table.obj (.econst:_Tabl_sin_90)
                  0000d818    00000018     Smpl_table.obj (.econst:_TABL_UU1)
                  0000d830    00000018     Smpl_table.obj (.econst:_TABL_UU)
                  0000d848    00000018     Smpl_table.obj (.econst:_TABL_UV1)
                  0000d860    00000018     Smpl_table.obj (.econst:_TABL_UV)
                  0000d878    00000018     Smpl_table.obj (.econst:_TABL_UW1)
                  0000d890    00000018     Smpl_table.obj (.econst:_TABL_UW)

.reset     0    003fffc0    00000002     DSECT
                  003fffc0    00000002     rts2800_fpu32.lib : boot.obj (.reset)

csm_rsvd   0    0033ff80    00000000     DSECT

csmpasswds 
*          0    0033fff8    00000000     DSECT

.adc_cal   0    00380080    00000007     NOLOAD SECTION
                  00380080    00000007     DSP2833x_ADC_cal.obj (.adc_cal)

PieVectTableFile 
*          1    00000d00    00000100     UNINITIALIZED
                  00000d00    00000100     DSP2833x_GlobalVariableDefs.obj (PieVectTableFile)

DmaRegsFile 
*          1    00001000    000000e0     UNINITIALIZED
                  00001000    000000e0     DSP2833x_GlobalVariableDefs.obj (DmaRegsFile)

McbspaRegsFile 
*          1    00005000    00000025     UNINITIALIZED
                  00005000    00000025     DSP2833x_GlobalVariableDefs.obj (McbspaRegsFile)

McbspbRegsFile 
*          1    00005040    00000025     UNINITIALIZED
                  00005040    00000025     DSP2833x_GlobalVariableDefs.obj (McbspbRegsFile)

ECanaRegsFile 
*          1    00006000    00000034     UNINITIALIZED
                  00006000    00000034     DSP2833x_GlobalVariableDefs.obj (ECanaRegsFile)

ECanaLAMRegsFile 
*          1    00006040    00000040     UNINITIALIZED
                  00006040    00000040     DSP2833x_GlobalVariableDefs.obj (ECanaLAMRegsFile)

ECanaMboxesFile 
*          1    00006100    00000100     UNINITIALIZED
                  00006100    00000100     DSP2833x_GlobalVariableDefs.obj (ECanaMboxesFile)

ECanbRegsFile 
*          1    00006200    00000034     UNINITIALIZED
                  00006200    00000034     DSP2833x_GlobalVariableDefs.obj (ECanbRegsFile)

ECanbLAMRegsFile 
*          1    00006240    00000040     UNINITIALIZED
                  00006240    00000040     DSP2833x_GlobalVariableDefs.obj (ECanbLAMRegsFile)

ECanbMboxesFile 
*          1    00006300    00000100     UNINITIALIZED
                  00006300    00000100     DSP2833x_GlobalVariableDefs.obj (ECanbMboxesFile)

EPwm1RegsFile 
*          1    00006800    00000022     UNINITIALIZED
                  00006800    00000022     DSP2833x_GlobalVariableDefs.obj (EPwm1RegsFile)

EPwm2RegsFile 
*          1    00006840    00000022     UNINITIALIZED
                  00006840    00000022     DSP2833x_GlobalVariableDefs.obj (EPwm2RegsFile)

EPwm3RegsFile 
*          1    00006880    00000022     UNINITIALIZED
                  00006880    00000022     DSP2833x_GlobalVariableDefs.obj (EPwm3RegsFile)

EPwm4RegsFile 
*          1    000068c0    00000022     UNINITIALIZED
                  000068c0    00000022     DSP2833x_GlobalVariableDefs.obj (EPwm4RegsFile)

EPwm5RegsFile 
*          1    00006900    00000022     UNINITIALIZED
                  00006900    00000022     DSP2833x_GlobalVariableDefs.obj (EPwm5RegsFile)

EPwm6RegsFile 
*          1    00006940    00000022     UNINITIALIZED
                  00006940    00000022     DSP2833x_GlobalVariableDefs.obj (EPwm6RegsFile)

ECap1RegsFile 
*          1    00006a00    00000020     UNINITIALIZED
                  00006a00    00000020     DSP2833x_GlobalVariableDefs.obj (ECap1RegsFile)

ECap2RegsFile 
*          1    00006a20    00000020     UNINITIALIZED
                  00006a20    00000020     DSP2833x_GlobalVariableDefs.obj (ECap2RegsFile)

ECap3RegsFile 
*          1    00006a40    00000020     UNINITIALIZED
                  00006a40    00000020     DSP2833x_GlobalVariableDefs.obj (ECap3RegsFile)

ECap4RegsFile 
*          1    00006a60    00000020     UNINITIALIZED
                  00006a60    00000020     DSP2833x_GlobalVariableDefs.obj (ECap4RegsFile)

ECap5RegsFile 
*          1    00006a80    00000020     UNINITIALIZED
                  00006a80    00000020     DSP2833x_GlobalVariableDefs.obj (ECap5RegsFile)

ECap6RegsFile 
*          1    00006aa0    00000020     UNINITIALIZED
                  00006aa0    00000020     DSP2833x_GlobalVariableDefs.obj (ECap6RegsFile)

EQep1RegsFile 
*          1    00006b00    00000040     UNINITIALIZED
                  00006b00    00000040     DSP2833x_GlobalVariableDefs.obj (EQep1RegsFile)

EQep2RegsFile 
*          1    00006b40    00000040     UNINITIALIZED
                  00006b40    00000040     DSP2833x_GlobalVariableDefs.obj (EQep2RegsFile)

GpioCtrlRegsFile 
*          1    00006f80    0000002e     UNINITIALIZED
                  00006f80    0000002e     DSP2833x_GlobalVariableDefs.obj (GpioCtrlRegsFile)

GpioDataRegsFile 
*          1    00006fc0    00000020     UNINITIALIZED
                  00006fc0    00000020     DSP2833x_GlobalVariableDefs.obj (GpioDataRegsFile)

GpioIntRegsFile 
*          1    00006fe0    0000000a     UNINITIALIZED
                  00006fe0    0000000a     DSP2833x_GlobalVariableDefs.obj (GpioIntRegsFile)

SysCtrlRegsFile 
*          1    00007010    00000020     UNINITIALIZED
                  00007010    00000020     DSP2833x_GlobalVariableDefs.obj (SysCtrlRegsFile)

SpiaRegsFile 
*          1    00007040    00000010     UNINITIALIZED
                  00007040    00000010     DSP2833x_GlobalVariableDefs.obj (SpiaRegsFile)

SciaRegsFile 
*          1    00007050    00000010     UNINITIALIZED
                  00007050    00000010     DSP2833x_GlobalVariableDefs.obj (SciaRegsFile)

XIntruptRegsFile 
*          1    00007070    00000010     UNINITIALIZED
                  00007070    00000010     DSP2833x_GlobalVariableDefs.obj (XIntruptRegsFile)

AdcRegsFile 
*          1    00007100    0000001e     UNINITIALIZED
                  00007100    0000001e     DSP2833x_GlobalVariableDefs.obj (AdcRegsFile)

ScibRegsFile 
*          1    00007750    00000010     UNINITIALIZED
                  00007750    00000010     DSP2833x_GlobalVariableDefs.obj (ScibRegsFile)

ScicRegsFile 
*          1    00007770    00000010     UNINITIALIZED
                  00007770    00000010     DSP2833x_GlobalVariableDefs.obj (ScicRegsFile)

I2caRegsFile 
*          1    00007900    00000022     UNINITIALIZED
                  00007900    00000022     DSP2833x_GlobalVariableDefs.obj (I2caRegsFile)

CsmPwlFile 
*          1    0033fff8    00000008     UNINITIALIZED
                  0033fff8    00000008     DSP2833x_GlobalVariableDefs.obj (CsmPwlFile)

MODULE SUMMARY

       Module                            code   initialized data   uninitialized data
       ------                            ----   ----------------   ------------------
    C:\Work\sespel\tractor_drive\RAM\
       DSP2833x_GlobalVariableDefs.obj   0      0                  2678              
       DSP2833x_SysCtrl.obj              936    0                  0                 
       FuncDrive.obj                     803    31                 16                
       DSP2833x_DefaultIsr.obj           790    0                  0                 
       Smpl_table.obj                    0      680                0                 
       BaseDrive.obj                     651    0                  10                
       MainCPU-Main(1).obj               98     0                  466               
       MainCpuAdc.obj                    432    0                  0                 
       MainCpuEpwm.obj                   428    0                  0                 
       ProtectnDrive.obj                 258    30                 12                
       DSP2833x_PieVect.obj              32     256                0                 
       SysSrvc.obj                       143    4                  1                 
       Main_CPU_CpuTimers.obj            123    0                  24                
       MainInit.obj                      85     0                  0                 
       MainCpuSpi.obj                    72     0                  0                 
       DSP2833x_PieCtrl.obj              40     0                  0                 
       MainSetting.obj                   20     0                  0                 
       DSP2833x_CodeStartBranch.obj      10     0                  0                 
       DSP2833x_ADC_cal.obj              7      0                  0                 
       MainModbus.obj                    0      0                  1                 
    +--+---------------------------------+------+------------------+--------------------+
       Total:                            4928   1001               3208              
                                                                                     
    C:/Work/sespel/tractor_drive/lib/rts2800_fpu32.lib
       fs_div.obj                        136    0                  0                 
       boot.obj                          70     0                  0                 
       l_div.obj                         42     0                  0                 
       exit.obj                          25     10                 4                 
       args_main.obj                     27     0                  0                 
       _lock.obj                         9      10                 4                 
    +--+---------------------------------+------+------------------+--------------------+
       Total:                            309    20                 8                 
                                                                                     
       Stack:                            0      0                  768               
    +--+---------------------------------+------+------------------+--------------------+
       Grand Total:                      5237   1021               3984              


GLOBAL DATA SYMBOLS: SORTED BY DATA PAGE

address     data page           name
--------    ----------------    ----
00000380       e (00000380)     __stack

00000880      22 (00000880)     _DevEmuRegs

00000a80      2a (00000a80)     _FlashRegs

00000ae0      2b (00000ac0)     _CsmRegs

00000b00      2c (00000b00)     _AdcMirror
00000b20      2c (00000b00)     _XintfRegs

00000c00      30 (00000c00)     _CpuTimer0Regs
00000c08      30 (00000c00)     _CpuTimer1Regs
00000c10      30 (00000c00)     _CpuTimer2Regs

00000ce0      33 (00000cc0)     _PieCtrlRegs

00000d00      34 (00000d00)     _PieVectTable

00001000      40 (00001000)     _DmaRegs

00005000     140 (00005000)     _McbspaRegs

00005040     141 (00005040)     _McbspbRegs

00006000     180 (00006000)     _ECanaRegs

00006040     181 (00006040)     _ECanaLAMRegs

00006080     182 (00006080)     _ECanaMOTSRegs

000060c0     183 (000060c0)     _ECanaMOTORegs

00006100     184 (00006100)     _ECanaMboxes

00006200     188 (00006200)     _ECanbRegs

00006240     189 (00006240)     _ECanbLAMRegs

00006280     18a (00006280)     _ECanbMOTSRegs

000062c0     18b (000062c0)     _ECanbMOTORegs

00006300     18c (00006300)     _ECanbMboxes

00006800     1a0 (00006800)     _EPwm1Regs

00006840     1a1 (00006840)     _EPwm2Regs

00006880     1a2 (00006880)     _EPwm3Regs

000068c0     1a3 (000068c0)     _EPwm4Regs

00006900     1a4 (00006900)     _EPwm5Regs

00006940     1a5 (00006940)     _EPwm6Regs

00006a00     1a8 (00006a00)     _ECap1Regs
00006a20     1a8 (00006a00)     _ECap2Regs

00006a40     1a9 (00006a40)     _ECap3Regs
00006a60     1a9 (00006a40)     _ECap4Regs

00006a80     1aa (00006a80)     _ECap5Regs
00006aa0     1aa (00006a80)     _ECap6Regs

00006b00     1ac (00006b00)     _EQep1Regs

00006b40     1ad (00006b40)     _EQep2Regs

00006f80     1be (00006f80)     _GpioCtrlRegs

00006fc0     1bf (00006fc0)     _GpioDataRegs
00006fe0     1bf (00006fc0)     _GpioIntRegs

00007010     1c0 (00007000)     _SysCtrlRegs

00007040     1c1 (00007040)     _SpiaRegs
00007050     1c1 (00007040)     _SciaRegs
00007070     1c1 (00007040)     _XIntruptRegs

00007100     1c4 (00007100)     _AdcRegs

00007750     1dd (00007740)     _ScibRegs
00007770     1dd (00007740)     _ScicRegs

00007900     1e4 (00007900)     _I2caRegs

0000c000     300 (0000c000)     _cnt_vdhl
0000c002     300 (0000c000)     _pMBmemory
0000c004     300 (0000c000)     _flags_drive
0000c008     300 (0000c000)     _brwsr
0000c00e     300 (0000c000)     _rpd_ctrl_regs

0000c040     301 (0000c040)     _data_pmsm

0000c0c0     303 (0000c0c0)     _mb_servc

0000c1d2     307 (0000c1c0)     _CpuTimer1
0000c1da     307 (0000c1c0)     _CpuTimer2
0000c1e2     307 (0000c1c0)     _CpuTimer0
0000c1ea     307 (0000c1c0)     _pCalcSinCos
0000c1f2     307 (0000c1c0)     _CalcSinCos
0000c1fa     307 (0000c1c0)     __unlock
0000c1fc     307 (0000c1c0)     __lock
0000c1fe     307 (0000c1c0)     _usCRC16

0000c200     308 (0000c200)     _pMinUDCMotorPrtctn
0000c202     308 (0000c200)     _pPressFaultMotorPrtctn
0000c204     308 (0000c200)     _pMaxUDCMotorPrtctn
0000c206     308 (0000c200)     _pTimeIMotorPrtctn
0000c208     308 (0000c200)     _pBreakPhasePrtctn
0000c20a     308 (0000c200)     _pMaxMotorIPrtctn
0000c216     308 (0000c200)     __cleanup_ptr
0000c218     308 (0000c200)     __dtors_ptr

0000d500     354 (0000d500)     _SQRT175

0000d662     359 (0000d640)     _PieVectTableInit

0000d762     35d (0000d740)     _Tabl_sin_90

0000d818     360 (0000d800)     _TABL_UU1
0000d830     360 (0000d800)     _TABL_UU

0000d848     361 (0000d840)     _TABL_UV1
0000d860     361 (0000d840)     _TABL_UV
0000d878     361 (0000d840)     _TABL_UW1

0000d890     362 (0000d880)     _TABL_UW

0033fff8    cfff (0033ffc0)     _CsmPwl


GLOBAL SYMBOLS: SORTED ALPHABETICALLY BY Name 

page  address   name                                      
----  -------   ----                                      
0     00008700  .text                                     
0     00009b1c  C$$EXIT                                   
0     00009859  FS$$DIV                                   
0     00009a8f  L$$DIV                                    
0     00009a9e  L$$MOD                                    
0     00009aac  UL$$DIV                                   
0     00009ab3  UL$$MOD                                   
0     00008eb1  _ADCINT_ISR                               
0     00380080  _ADC_cal                                  
0     0000936c  _AdcInitDrive                             
1     00000b00  _AdcMirror                                
1     00007100  _AdcRegs                                  
0     00008c51  _ApprdFltr                                
0     00009b52  _Base_Cycle                               
0     00009734  _BreakPhasePrtctn                         
0     00008d01  _Calc2To3Cos                              
0     00008ce5  _Calc3To2                                 
0     00009b39  _CalcFastVarblsSttng                      
0     00008d30  _CalcLengthVect2In                        
1     0000c1f2  _CalcSinCos                               
0     00008aad  _CalcSinCos_0_90                          
0     00008b62  _CalcSinCos_180_270                       
0     00008bc5  _CalcSinCos_270_360                       
0     00008b06  _CalcSinCos_90_180                        
0     00009b35  _CalcVarblsSttng                          
0     00008d70  _CalculateConditionPMS                    
0     000092f7  _CntrlDrive                               
0     00009922  _ConfigCpuTimer                           
1     0000c1e2  _CpuTimer0                                
1     00000c00  _CpuTimer0Regs                            
1     0000c1d2  _CpuTimer1                                
1     00000c08  _CpuTimer1Regs                            
1     0000c1da  _CpuTimer2                                
1     00000c10  _CpuTimer2Regs                            
1     0033fff8  _CsmPwl                                   
1     00000ae0  _CsmRegs                                  
0     00008ddf  _DATALOG_ISR                              
0     00008fd3  _DINTCH1_ISR                              
0     00008fdd  _DINTCH2_ISR                              
0     00008fe7  _DINTCH3_ISR                              
0     00008ff1  _DINTCH4_ISR                              
0     00008ffb  _DINTCH5_ISR                              
0     00009005  _DINTCH6_ISR                              
1     00000880  _DevEmuRegs                               
0     00008726  _DisableDog                               
1     00001000  _DmaRegs                                  
0     0000905f  _ECAN0INTA_ISR                            
0     00009073  _ECAN0INTB_ISR                            
0     00009069  _ECAN1INTA_ISR                            
0     0000907d  _ECAN1INTB_ISR                            
0     00008f47  _ECAP1_INT_ISR                            
0     00008f51  _ECAP2_INT_ISR                            
0     00008f5b  _ECAP3_INT_ISR                            
0     00008f65  _ECAP4_INT_ISR                            
0     00008f6f  _ECAP5_INT_ISR                            
0     00008f79  _ECAP6_INT_ISR                            
1     00006040  _ECanaLAMRegs                             
1     000060c0  _ECanaMOTORegs                            
1     00006080  _ECanaMOTSRegs                            
1     00006100  _ECanaMboxes                              
1     00006000  _ECanaRegs                                
1     00006240  _ECanbLAMRegs                             
1     000062c0  _ECanbMOTORegs                            
1     00006280  _ECanbMOTSRegs                            
1     00006300  _ECanbMboxes                              
1     00006200  _ECanbRegs                                
1     00006a00  _ECap1Regs                                
1     00006a20  _ECap2Regs                                
1     00006a40  _ECap3Regs                                
1     00006a60  _ECap4Regs                                
1     00006a80  _ECap5Regs                                
1     00006aa0  _ECap6Regs                                
0     00008df3  _EMUINT_ISR                               
0     00008f0b  _EPWM1_INT_ISR                            
0     00008ecf  _EPWM1_TZINT_ISR                          
0     00008f15  _EPWM2_INT_ISR                            
0     00008ed9  _EPWM2_TZINT_ISR                          
0     00008f1f  _EPWM3_INT_ISR                            
0     00008ee3  _EPWM3_TZINT_ISR                          
0     00008f29  _EPWM4_INT_ISR                            
0     00008eed  _EPWM4_TZINT_ISR                          
0     00008f33  _EPWM5_INT_ISR                            
0     00008ef7  _EPWM5_TZINT_ISR                          
0     00008f3d  _EPWM6_INT_ISR                            
0     00008f01  _EPWM6_TZINT_ISR                          
1     00006800  _EPwm1Regs                                
1     00006840  _EPwm2Regs                                
1     00006880  _EPwm3Regs                                
1     000068c0  _EPwm4Regs                                
1     00006900  _EPwm5Regs                                
1     00006940  _EPwm6Regs                                
0     00008f83  _EQEP1_INT_ISR                            
0     00008f8d  _EQEP2_INT_ISR                            
1     00006b00  _EQep1Regs                                
1     00006b40  _EQep2Regs                                
0     00009ad8  _EnableInterrupts                         
1     00000a80  _FlashRegs                                
0     00009825  _FltrMas6Var                              
0     000087a4  _GpioConf                                 
1     00006f80  _GpioCtrlRegs                             
1     00006fc0  _GpioDataRegs                             
1     00006fe0  _GpioIntRegs                              
0     00009353  _HandlerExternalButtons                   
0     000093d2  _HandlrADC                                
0     000097e9  _HandlrBttn                               
0     00009638  _Handlr_ePwm                              
0     0000900f  _I2CINT1A_ISR                             
0     00009019  _I2CINT2A_ISR                             
1     00007900  _I2caRegs                                 
0     00008e07  _ILLEGAL_ISR                              
0     00008dcb  _INT13_ISR                                
0     00008dd5  _INT14_ISR                                
0     000098e1  _InitCpuTimers                            
0     0000951c  _InitEPwm_1_2_3_4_5_6_Timers              
0     0000870b  _InitFlash                                
0     0000876b  _InitPeripheralClocks                     
0     00009ab9  _InitPieCtrl                              
0     00009ae1  _InitPieVectTable                         
0     0000872e  _InitPll                                  
0     00009a01  _InitSPIA                                 
0     00008700  _InitSysCtrl                              
0     000090c3  _LUF_ISR                                  
0     000090b9  _LVF_ISR                                  
0     00009806  _LimitVar                                 
0     00008fbf  _MRINTA_ISR                               
0     00008fab  _MRINTB_ISR                               
0     00008fc9  _MXINTA_ISR                               
0     00008fb5  _MXINTB_ISR                               
0     0000995c  _MainInit                                 
0     000096c8  _MaxMotorIPrtctn                          
0     00009792  _MaxUDCMotorPrtctn                        
1     00005000  _McbspaRegs                               
1     00005040  _McbspbRegs                               
0     000097a9  _MinUDCMotorPrtctn                        
0     00008dfd  _NMI_ISR                                  
0     00008c8f  _PID_Regltr                               
0     000090cd  _PIE_RESERVED                             
0     00008c6e  _PI_Regltr                                
0     000090e1  _PMSMotorFuncInit                         
0     0000912f  _PMSMotorFuncReset                        
0     00009168  _PMSMotorFuncScal                         
0     000092f2  _PMSMotorFuncSensorless                   
0     0000916d  _PMSMotorFuncTechSpec                     
0     00009233  _PMSMotorFuncTechSpecWithoutIntenstCntrllr
1     00000ce0  _PieCtrlRegs                              
1     00000d00  _PieVectTable                             
1     0000d662  _PieVectTableInit                         
0     000097c0  _PressFaultMotorPrtctn                    
0     00008de9  _RTOSINT_ISR                              
0     00009a29  _RXRotorPostnSPI                          
0     00009037  _SCIRXINTA_ISR                            
0     0000904b  _SCIRXINTB_ISR                            
0     00009023  _SCIRXINTC_ISR                            
0     00009041  _SCITXINTA_ISR                            
0     00009055  _SCITXINTB_ISR                            
0     0000902d  _SCITXINTC_ISR                            
0     00008e89  _SEQ1INT_ISR                              
0     00008e93  _SEQ2INT_ISR                              
0     00008f97  _SPIRXINTA_ISR                            
0     00008fa1  _SPITXINTA_ISR                            
1     0000d500  _SQRT175                                  
1     00007050  _SciaRegs                                 
1     00007750  _ScibRegs                                 
1     00007770  _ScicRegs                                 
0     00008c26  _SpeedRef                                 
1     00007040  _SpiaRegs                                 
0     00008aa8  _Stop                                     
1     00007010  _SysCtrlRegs                              
1     0000d830  _TABL_UU                                  
1     0000d818  _TABL_UU1                                 
1     0000d860  _TABL_UV                                  
1     0000d848  _TABL_UV1                                 
1     0000d890  _TABL_UW                                  
1     0000d878  _TABL_UW1                                 
0     00008ebb  _TINT0_ISR                                
1     0000d762  _Tabl_sin_90                              
0     000097ca  _TimeDelaySys                             
0     00009703  _TimeIMotorPrtctn                         
0     00008e6b  _USER10_ISR                               
0     00008e75  _USER11_ISR                               
0     00008e7f  _USER12_ISR                               
0     00008e11  _USER1_ISR                                
0     00008e1b  _USER2_ISR                                
0     00008e25  _USER3_ISR                                
0     00008e2f  _USER4_ISR                                
0     00008e39  _USER5_ISR                                
0     00008e43  _USER6_ISR                                
0     00008e4d  _USER7_ISR                                
0     00008e57  _USER8_ISR                                
0     00008e61  _USER9_ISR                                
0     00008ec5  _WAKEINT_ISR                              
0     00008e9d  _XINT1_ISR                                
0     00008ea7  _XINT2_ISR                                
0     00009087  _XINT3_ISR                                
0     00009091  _XINT4_ISR                                
0     0000909b  _XINT5_ISR                                
0     000090a5  _XINT6_ISR                                
0     000090af  _XINT7_ISR                                
1     00007070  _XIntruptRegs                             
1     00000b20  _XintfRegs                                
1     00000680  __STACK_END                               
abs   00000300  __STACK_SIZE                              
abs   00000001  __TI_args_main                            
abs   ffffffff  ___TI_pprof_out_hndl                      
abs   ffffffff  ___TI_prof_data_size                      
abs   ffffffff  ___TI_prof_data_start                     
abs   ffffffff  ___binit__                                
abs   ffffffff  ___c_args__                               
0     00008000  ___cinit__                                
0     00009b6c  ___etext__                                
abs   ffffffff  ___pinit__                                
0     00008700  ___text__                                 
0     00009b01  __args_main                               
1     0000c216  __cleanup_ptr                             
1     0000c218  __dtors_ptr                               
1     0000c1fc  __lock                                    
0     00009b63  __nop                                     
0     00009b5f  __register_lock                           
0     00009b5b  __register_unlock                         
1     00000380  __stack                                   
1     0000c1fa  __unlock                                  
0     00009b1c  _abort                                    
1     0000c008  _brwsr                                    
0     00009a49  _c_int00                                  
1     0000c000  _cnt_vdhl                                 
0     000099b1  _cpu_timer0_isr                           
1     0000c040  _data_pmsm                                
0     00009b1e  _exit                                     
1     0000c004  _flags_drive                              
0     00009b49  _main                                     
1     0000c0c0  _mb_servc                                 
1     0000c208  _pBreakPhasePrtctn                        
1     0000c1ea  _pCalcSinCos                              
1     0000c002  _pMBmemory                                
1     0000c20a  _pMaxMotorIPrtctn                         
1     0000c204  _pMaxUDCMotorPrtctn                       
1     0000c200  _pMinUDCMotorPrtctn                       
1     0000c202  _pPressFaultMotorPrtctn                   
1     0000c206  _pTimeIMotorPrtctn                        
1     0000c00e  _rpd_ctrl_regs                            
0     000090d7  _rsvd_ISR                                 
1     0000c1fe  _usCRC16                                  
abs   ffffffff  binit                                     
0     00008000  cinit                                     
0     00000000  code_start                                
0     00009b6c  etext                                     
abs   ffffffff  pinit                                     


GLOBAL SYMBOLS: SORTED BY Symbol Address 

page  address   name                                      
----  -------   ----                                      
0     00000000  code_start                                
0     00008000  ___cinit__                                
0     00008000  cinit                                     
0     00008700  .text                                     
0     00008700  _InitSysCtrl                              
0     00008700  ___text__                                 
0     0000870b  _InitFlash                                
0     00008726  _DisableDog                               
0     0000872e  _InitPll                                  
0     0000876b  _InitPeripheralClocks                     
0     000087a4  _GpioConf                                 
0     00008aa8  _Stop                                     
0     00008aad  _CalcSinCos_0_90                          
0     00008b06  _CalcSinCos_90_180                        
0     00008b62  _CalcSinCos_180_270                       
0     00008bc5  _CalcSinCos_270_360                       
0     00008c26  _SpeedRef                                 
0     00008c51  _ApprdFltr                                
0     00008c6e  _PI_Regltr                                
0     00008c8f  _PID_Regltr                               
0     00008ce5  _Calc3To2                                 
0     00008d01  _Calc2To3Cos                              
0     00008d30  _CalcLengthVect2In                        
0     00008d70  _CalculateConditionPMS                    
0     00008dcb  _INT13_ISR                                
0     00008dd5  _INT14_ISR                                
0     00008ddf  _DATALOG_ISR                              
0     00008de9  _RTOSINT_ISR                              
0     00008df3  _EMUINT_ISR                               
0     00008dfd  _NMI_ISR                                  
0     00008e07  _ILLEGAL_ISR                              
0     00008e11  _USER1_ISR                                
0     00008e1b  _USER2_ISR                                
0     00008e25  _USER3_ISR                                
0     00008e2f  _USER4_ISR                                
0     00008e39  _USER5_ISR                                
0     00008e43  _USER6_ISR                                
0     00008e4d  _USER7_ISR                                
0     00008e57  _USER8_ISR                                
0     00008e61  _USER9_ISR                                
0     00008e6b  _USER10_ISR                               
0     00008e75  _USER11_ISR                               
0     00008e7f  _USER12_ISR                               
0     00008e89  _SEQ1INT_ISR                              
0     00008e93  _SEQ2INT_ISR                              
0     00008e9d  _XINT1_ISR                                
0     00008ea7  _XINT2_ISR                                
0     00008eb1  _ADCINT_ISR                               
0     00008ebb  _TINT0_ISR                                
0     00008ec5  _WAKEINT_ISR                              
0     00008ecf  _EPWM1_TZINT_ISR                          
0     00008ed9  _EPWM2_TZINT_ISR                          
0     00008ee3  _EPWM3_TZINT_ISR                          
0     00008eed  _EPWM4_TZINT_ISR                          
0     00008ef7  _EPWM5_TZINT_ISR                          
0     00008f01  _EPWM6_TZINT_ISR                          
0     00008f0b  _EPWM1_INT_ISR                            
0     00008f15  _EPWM2_INT_ISR                            
0     00008f1f  _EPWM3_INT_ISR                            
0     00008f29  _EPWM4_INT_ISR                            
0     00008f33  _EPWM5_INT_ISR                            
0     00008f3d  _EPWM6_INT_ISR                            
0     00008f47  _ECAP1_INT_ISR                            
0     00008f51  _ECAP2_INT_ISR                            
0     00008f5b  _ECAP3_INT_ISR                            
0     00008f65  _ECAP4_INT_ISR                            
0     00008f6f  _ECAP5_INT_ISR                            
0     00008f79  _ECAP6_INT_ISR                            
0     00008f83  _EQEP1_INT_ISR                            
0     00008f8d  _EQEP2_INT_ISR                            
0     00008f97  _SPIRXINTA_ISR                            
0     00008fa1  _SPITXINTA_ISR                            
0     00008fab  _MRINTB_ISR                               
0     00008fb5  _MXINTB_ISR                               
0     00008fbf  _MRINTA_ISR                               
0     00008fc9  _MXINTA_ISR                               
0     00008fd3  _DINTCH1_ISR                              
0     00008fdd  _DINTCH2_ISR                              
0     00008fe7  _DINTCH3_ISR                              
0     00008ff1  _DINTCH4_ISR                              
0     00008ffb  _DINTCH5_ISR                              
0     00009005  _DINTCH6_ISR                              
0     0000900f  _I2CINT1A_ISR                             
0     00009019  _I2CINT2A_ISR                             
0     00009023  _SCIRXINTC_ISR                            
0     0000902d  _SCITXINTC_ISR                            
0     00009037  _SCIRXINTA_ISR                            
0     00009041  _SCITXINTA_ISR                            
0     0000904b  _SCIRXINTB_ISR                            
0     00009055  _SCITXINTB_ISR                            
0     0000905f  _ECAN0INTA_ISR                            
0     00009069  _ECAN1INTA_ISR                            
0     00009073  _ECAN0INTB_ISR                            
0     0000907d  _ECAN1INTB_ISR                            
0     00009087  _XINT3_ISR                                
0     00009091  _XINT4_ISR                                
0     0000909b  _XINT5_ISR                                
0     000090a5  _XINT6_ISR                                
0     000090af  _XINT7_ISR                                
0     000090b9  _LVF_ISR                                  
0     000090c3  _LUF_ISR                                  
0     000090cd  _PIE_RESERVED                             
0     000090d7  _rsvd_ISR                                 
0     000090e1  _PMSMotorFuncInit                         
0     0000912f  _PMSMotorFuncReset                        
0     00009168  _PMSMotorFuncScal                         
0     0000916d  _PMSMotorFuncTechSpec                     
0     00009233  _PMSMotorFuncTechSpecWithoutIntenstCntrllr
0     000092f2  _PMSMotorFuncSensorless                   
0     000092f7  _CntrlDrive                               
0     00009353  _HandlerExternalButtons                   
0     0000936c  _AdcInitDrive                             
0     000093d2  _HandlrADC                                
0     0000951c  _InitEPwm_1_2_3_4_5_6_Timers              
0     00009638  _Handlr_ePwm                              
0     000096c8  _MaxMotorIPrtctn                          
0     00009703  _TimeIMotorPrtctn                         
0     00009734  _BreakPhasePrtctn                         
0     00009792  _MaxUDCMotorPrtctn                        
0     000097a9  _MinUDCMotorPrtctn                        
0     000097c0  _PressFaultMotorPrtctn                    
0     000097ca  _TimeDelaySys                             
0     000097e9  _HandlrBttn                               
0     00009806  _LimitVar                                 
0     00009825  _FltrMas6Var                              
0     00009859  FS$$DIV                                   
0     000098e1  _InitCpuTimers                            
0     00009922  _ConfigCpuTimer                           
0     0000995c  _MainInit                                 
0     000099b1  _cpu_timer0_isr                           
0     00009a01  _InitSPIA                                 
0     00009a29  _RXRotorPostnSPI                          
0     00009a49  _c_int00                                  
0     00009a8f  L$$DIV                                    
0     00009a9e  L$$MOD                                    
0     00009aac  UL$$DIV                                   
0     00009ab3  UL$$MOD                                   
0     00009ab9  _InitPieCtrl                              
0     00009ad8  _EnableInterrupts                         
0     00009ae1  _InitPieVectTable                         
0     00009b01  __args_main                               
0     00009b1c  C$$EXIT                                   
0     00009b1c  _abort                                    
0     00009b1e  _exit                                     
0     00009b35  _CalcVarblsSttng                          
0     00009b39  _CalcFastVarblsSttng                      
0     00009b49  _main                                     
0     00009b52  _Base_Cycle                               
0     00009b5b  __register_unlock                         
0     00009b5f  __register_lock                           
0     00009b63  __nop                                     
0     00009b6c  ___etext__                                
0     00009b6c  etext                                     
0     00380080  _ADC_cal                                  
1     00000380  __stack                                   
1     00000680  __STACK_END                               
1     00000880  _DevEmuRegs                               
1     00000a80  _FlashRegs                                
1     00000ae0  _CsmRegs                                  
1     00000b00  _AdcMirror                                
1     00000b20  _XintfRegs                                
1     00000c00  _CpuTimer0Regs                            
1     00000c08  _CpuTimer1Regs                            
1     00000c10  _CpuTimer2Regs                            
1     00000ce0  _PieCtrlRegs                              
1     00000d00  _PieVectTable                             
1     00001000  _DmaRegs                                  
1     00005000  _McbspaRegs                               
1     00005040  _McbspbRegs                               
1     00006000  _ECanaRegs                                
1     00006040  _ECanaLAMRegs                             
1     00006080  _ECanaMOTSRegs                            
1     000060c0  _ECanaMOTORegs                            
1     00006100  _ECanaMboxes                              
1     00006200  _ECanbRegs                                
1     00006240  _ECanbLAMRegs                             
1     00006280  _ECanbMOTSRegs                            
1     000062c0  _ECanbMOTORegs                            
1     00006300  _ECanbMboxes                              
1     00006800  _EPwm1Regs                                
1     00006840  _EPwm2Regs                                
1     00006880  _EPwm3Regs                                
1     000068c0  _EPwm4Regs                                
1     00006900  _EPwm5Regs                                
1     00006940  _EPwm6Regs                                
1     00006a00  _ECap1Regs                                
1     00006a20  _ECap2Regs                                
1     00006a40  _ECap3Regs                                
1     00006a60  _ECap4Regs                                
1     00006a80  _ECap5Regs                                
1     00006aa0  _ECap6Regs                                
1     00006b00  _EQep1Regs                                
1     00006b40  _EQep2Regs                                
1     00006f80  _GpioCtrlRegs                             
1     00006fc0  _GpioDataRegs                             
1     00006fe0  _GpioIntRegs                              
1     00007010  _SysCtrlRegs                              
1     00007040  _SpiaRegs                                 
1     00007050  _SciaRegs                                 
1     00007070  _XIntruptRegs                             
1     00007100  _AdcRegs                                  
1     00007750  _ScibRegs                                 
1     00007770  _ScicRegs                                 
1     00007900  _I2caRegs                                 
1     0000c000  _cnt_vdhl                                 
1     0000c002  _pMBmemory                                
1     0000c004  _flags_drive                              
1     0000c008  _brwsr                                    
1     0000c00e  _rpd_ctrl_regs                            
1     0000c040  _data_pmsm                                
1     0000c0c0  _mb_servc                                 
1     0000c1d2  _CpuTimer1                                
1     0000c1da  _CpuTimer2                                
1     0000c1e2  _CpuTimer0                                
1     0000c1ea  _pCalcSinCos                              
1     0000c1f2  _CalcSinCos                               
1     0000c1fa  __unlock                                  
1     0000c1fc  __lock                                    
1     0000c1fe  _usCRC16                                  
1     0000c200  _pMinUDCMotorPrtctn                       
1     0000c202  _pPressFaultMotorPrtctn                   
1     0000c204  _pMaxUDCMotorPrtctn                       
1     0000c206  _pTimeIMotorPrtctn                        
1     0000c208  _pBreakPhasePrtctn                        
1     0000c20a  _pMaxMotorIPrtctn                         
1     0000c216  __cleanup_ptr                             
1     0000c218  __dtors_ptr                               
1     0000d500  _SQRT175                                  
1     0000d662  _PieVectTableInit                         
1     0000d762  _Tabl_sin_90                              
1     0000d818  _TABL_UU1                                 
1     0000d830  _TABL_UU                                  
1     0000d848  _TABL_UV1                                 
1     0000d860  _TABL_UV                                  
1     0000d878  _TABL_UW1                                 
1     0000d890  _TABL_UW                                  
1     0033fff8  _CsmPwl                                   
abs   00000001  __TI_args_main                            
abs   00000300  __STACK_SIZE                              
abs   ffffffff  ___TI_pprof_out_hndl                      
abs   ffffffff  ___TI_prof_data_size                      
abs   ffffffff  ___TI_prof_data_start                     
abs   ffffffff  ___binit__                                
abs   ffffffff  ___c_args__                               
abs   ffffffff  ___pinit__                                
abs   ffffffff  binit                                     
abs   ffffffff  pinit                                     

[247 symbols]
