******************************************************************************
  TMS320C2000 Evaluation Linker PC v5.2.1                      
******************************************************************************
>> Linked Mon Sep 10 19:01:53 2012

OUTPUT FILE NAME:   <./F28335_ram_temp/main_CPU_(real).out>
ENTRY POINT SYMBOL: "_c_int00"  address: 0000a0f1


MEMORY CONFIGURATION

         name            origin    length      used     unused   attr    fill
----------------------  --------  ---------  --------  --------  ----  --------
PAGE 0:
  BEGIN                 00000000   00000002  00000002  00000000  RWIX
  RAMM0                 00000050   000003b0  00000000  000003b0  RWIX
  RAML0                 00008000   00001000  00000292  00000d6e  RWIX
  RAML1L2L3             00009000   00003000  000011f9  00001e07  RWIX
  ZONE7A                00200000   0000fc00  00000000  0000fc00  RWIX
  CSM_RSVD              0033ff80   00000076  00000000  00000076  RWIX
  CSM_PWL               0033fff8   00000008  00000000  00000008  RWIX
  ADC_CAL               00380080   00000009  00000007  00000002  RWIX
  IQTABLES              003fe000   00000b50  00000000  00000b50  RWIX
  IQTABLES2             003feb50   0000008c  00000000  0000008c  RWIX
  FPUTABLES             003febdc   000006a0  00000000  000006a0  RWIX
  BOOTROM               003ff27c   00000d44  00000000  00000d44  RWIX
  RESET                 003fffc0   00000002  00000000  00000002  RWIX

PAGE 1:
  BOOT_RSVD             00000002   0000004e  00000000  0000004e  RWIX
  RAMM1                 00000400   00000400  00000380  00000080  RWIX
  DEV_EMU               00000880   00000180  000000d0  000000b0  RWIX
  FLASH_REGS            00000a80   00000060  00000008  00000058  RWIX
  CSM                   00000ae0   00000010  00000010  00000000  RWIX
  ADC_MIRROR            00000b00   00000010  00000010  00000000  RWIX
  XINTF                 00000b20   00000020  0000001e  00000002  RWIX
  CPU_TIMER0            00000c00   00000008  00000008  00000000  RWIX
  CPU_TIMER1            00000c08   00000008  00000008  00000000  RWIX
  CPU_TIMER2            00000c10   00000008  00000008  00000000  RWIX
  PIE_CTRL              00000ce0   00000020  0000001a  00000006  RWIX
  PIE_VECT              00000d00   00000100  00000100  00000000  RWIX
  DMA                   00001000   00000200  000000e0  00000120  RWIX
  MCBSPA                00005000   00000040  00000025  0000001b  RWIX
  MCBSPB                00005040   00000040  00000025  0000001b  RWIX
  ECANA                 00006000   00000040  00000034  0000000c  RWIX
  ECANA_LAM             00006040   00000040  00000040  00000000  RWIX
  ECANA_MOTS            00006080   00000040  00000040  00000000  RWIX
  ECANA_MOTO            000060c0   00000040  00000040  00000000  RWIX
  ECANA_MBOX            00006100   00000100  00000100  00000000  RWIX
  ECANB                 00006200   00000040  00000034  0000000c  RWIX
  ECANB_LAM             00006240   00000040  00000040  00000000  RWIX
  ECANB_MOTS            00006280   00000040  00000040  00000000  RWIX
  ECANB_MOTO            000062c0   00000040  00000040  00000000  RWIX
  ECANB_MBOX            00006300   00000100  00000100  00000000  RWIX
  EPWM1                 00006800   00000022  00000022  00000000  RWIX
  EPWM2                 00006840   00000022  00000022  00000000  RWIX
  EPWM3                 00006880   00000022  00000022  00000000  RWIX
  EPWM4                 000068c0   00000022  00000022  00000000  RWIX
  EPWM5                 00006900   00000022  00000022  00000000  RWIX
  EPWM6                 00006940   00000022  00000022  00000000  RWIX
  ECAP1                 00006a00   00000020  00000020  00000000  RWIX
  ECAP2                 00006a20   00000020  00000020  00000000  RWIX
  ECAP3                 00006a40   00000020  00000020  00000000  RWIX
  ECAP4                 00006a60   00000020  00000020  00000000  RWIX
  ECAP5                 00006a80   00000020  00000020  00000000  RWIX
  ECAP6                 00006aa0   00000020  00000020  00000000  RWIX
  EQEP1                 00006b00   00000040  00000040  00000000  RWIX
  EQEP2                 00006b40   00000040  00000040  00000000  RWIX
  GPIOCTRL              00006f80   00000040  0000002e  00000012  RWIX
  GPIODAT               00006fc0   00000020  00000020  00000000  RWIX
  GPIOINT               00006fe0   00000020  0000000a  00000016  RWIX
  SYSTEM                00007010   00000020  00000020  00000000  RWIX
  SPIA                  00007040   00000010  00000010  00000000  RWIX
  SCIA                  00007050   00000010  00000010  00000000  RWIX
  XINTRUPT              00007070   00000010  00000010  00000000  RWIX
  ADC                   00007100   00000020  0000001e  00000002  RWIX
  SCIB                  00007750   00000010  00000010  00000000  RWIX
  SCIC                  00007770   00000010  00000010  00000000  RWIX
  I2CA                  00007900   00000040  00000022  0000001e  RWIX
  RAML4                 0000c000   00000750  000005fb  00000155  RWIX
  RAML5                 0000c750   00001500  00000167  00001399  RWIX
  RAML6                 0000e250   00000750  00000000  00000750  RWIX
  RAML7                 0000f000   00001000  00000000  00001000  RWIX
  ZONE7B                0020fc00   00000400  00000000  00000400  RWIX
  CSM_PWL               0033fff8   00000008  00000008  00000000  RWIX


SECTION ALLOCATION MAP

 output                                  attributes/
section   page    origin      length       input sections
--------  ----  ----------  ----------   ----------------
codestart 
*          0    00000000    00000002     
                  00000000    00000002     DSP2833x_CodeStartBranch.obj (codestart)

.pinit     0    00008000    00000000     UNINITIALIZED

.cinit     0    00008000    00000292     
                  00008000    00000276     MainCPU-Main.obj (.cinit)
                  00008276    0000000a     rts2800_fpu32.lib : _lock.obj (.cinit)
                  00008280    0000000a                       : exit.obj (.cinit)
                  0000828a    00000006     Main_CPU_SCI.obj (.cinit)
                  00008290    00000002     --HOLE-- [fill = 0]

.text      0    00009000    000011f9     
                  00009000    0000082d     MainCPU-Main.obj (.text)
                  0000982d    00000365     DSP2833x_DefaultIsr.obj (.text)
                  00009b92    0000024b     DSP2833x_SysCtrl.obj (.text)
                  00009ddd    000000cf     Main_CPU_SCI.obj (.text)
                  00009eac    000000a0     Main_CPU_EPWM.obj (.text)
                  00009f4c    00000082     AD7732.obj (.text)
                  00009fce    00000075     MAX7301.obj (.text)
                  0000a043    0000005c     FuncDrive.obj (.text)
                  0000a09f    00000052     Main_CPU_SPI.obj (.text)
                  0000a0f1    00000046     rts2800_fpu32.lib : boot.obj (.text)
                  0000a137    00000038     Main_CPU_CpuTimers.obj (.text)
                  0000a16f    00000028     DSP2833x_PieCtrl.obj (.text)
                  0000a197    0000001b     rts2800_fpu32.lib : args_main.obj (.text)
                  0000a1b2    00000019                       : exit.obj (.text)
                  0000a1cb    00000016     DSP2833x_PieVect.obj (.text)
                  0000a1e1    00000009     rts2800_fpu32.lib : _lock.obj (.text)
                  0000a1ea    00000008     DSP2833x_CodeStartBranch.obj (.text)
                  0000a1f2    00000007     rts2800_fpu32.lib : memset.obj (.text)

csm_rsvd   0    0033ff80    00000000     DSECT

csmpasswds 
*          0    0033fff8    00000000     DSECT

.adc_cal   0    00380080    00000007     NOLOAD SECTION
                  00380080    00000007     DSP2833x_ADC_cal.obj (.adc_cal)

.reset     0    003fffc0    00000002     DSECT
                  003fffc0    00000002     rts2800_fpu32.lib : boot.obj (.reset)

.stack     1    00000400    00000380     UNINITIALIZED
                  00000400    00000380     --HOLE--

DevEmuRegsFile 
*          1    00000880    000000d0     UNINITIALIZED
                  00000880    000000d0     DSP2833x_GlobalVariableDefs.obj (DevEmuRegsFile)

FlashRegsFile 
*          1    00000a80    00000008     UNINITIALIZED
                  00000a80    00000008     DSP2833x_GlobalVariableDefs.obj (FlashRegsFile)

CsmRegsFile 
*          1    00000ae0    00000010     UNINITIALIZED
                  00000ae0    00000010     DSP2833x_GlobalVariableDefs.obj (CsmRegsFile)

AdcMirrorFile 
*          1    00000b00    00000010     UNINITIALIZED
                  00000b00    00000010     DSP2833x_GlobalVariableDefs.obj (AdcMirrorFile)

XintfRegsFile 
*          1    00000b20    0000001e     UNINITIALIZED
                  00000b20    0000001e     DSP2833x_GlobalVariableDefs.obj (XintfRegsFile)

CpuTimer0RegsFile 
*          1    00000c00    00000008     UNINITIALIZED
                  00000c00    00000008     DSP2833x_GlobalVariableDefs.obj (CpuTimer0RegsFile)

CpuTimer1RegsFile 
*          1    00000c08    00000008     UNINITIALIZED
                  00000c08    00000008     DSP2833x_GlobalVariableDefs.obj (CpuTimer1RegsFile)

CpuTimer2RegsFile 
*          1    00000c10    00000008     UNINITIALIZED
                  00000c10    00000008     DSP2833x_GlobalVariableDefs.obj (CpuTimer2RegsFile)

PieCtrlRegsFile 
*          1    00000ce0    0000001a     UNINITIALIZED
                  00000ce0    0000001a     DSP2833x_GlobalVariableDefs.obj (PieCtrlRegsFile)

PieVectTableFile 
*          1    00000d00    00000100     UNINITIALIZED
                  00000d00    00000100     DSP2833x_GlobalVariableDefs.obj (PieVectTableFile)

DmaRegsFile 
*          1    00001000    000000e0     UNINITIALIZED
                  00001000    000000e0     DSP2833x_GlobalVariableDefs.obj (DmaRegsFile)

McbspaRegsFile 
*          1    00005000    00000025     UNINITIALIZED
                  00005000    00000025     DSP2833x_GlobalVariableDefs.obj (McbspaRegsFile)

McbspbRegsFile 
*          1    00005040    00000025     UNINITIALIZED
                  00005040    00000025     DSP2833x_GlobalVariableDefs.obj (McbspbRegsFile)

ECanaRegsFile 
*          1    00006000    00000034     UNINITIALIZED
                  00006000    00000034     DSP2833x_GlobalVariableDefs.obj (ECanaRegsFile)

ECanaLAMRegsFile 
*          1    00006040    00000040     UNINITIALIZED
                  00006040    00000040     DSP2833x_GlobalVariableDefs.obj (ECanaLAMRegsFile)

ECanaMOTSRegsFile 
*          1    00006080    00000040     UNINITIALIZED
                  00006080    00000040     DSP2833x_GlobalVariableDefs.obj (ECanaMOTSRegsFile)

ECanaMOTORegsFile 
*          1    000060c0    00000040     UNINITIALIZED
                  000060c0    00000040     DSP2833x_GlobalVariableDefs.obj (ECanaMOTORegsFile)

ECanaMboxesFile 
*          1    00006100    00000100     UNINITIALIZED
                  00006100    00000100     DSP2833x_GlobalVariableDefs.obj (ECanaMboxesFile)

ECanbRegsFile 
*          1    00006200    00000034     UNINITIALIZED
                  00006200    00000034     DSP2833x_GlobalVariableDefs.obj (ECanbRegsFile)

ECanbLAMRegsFile 
*          1    00006240    00000040     UNINITIALIZED
                  00006240    00000040     DSP2833x_GlobalVariableDefs.obj (ECanbLAMRegsFile)

ECanbMOTSRegsFile 
*          1    00006280    00000040     UNINITIALIZED
                  00006280    00000040     DSP2833x_GlobalVariableDefs.obj (ECanbMOTSRegsFile)

ECanbMOTORegsFile 
*          1    000062c0    00000040     UNINITIALIZED
                  000062c0    00000040     DSP2833x_GlobalVariableDefs.obj (ECanbMOTORegsFile)

ECanbMboxesFile 
*          1    00006300    00000100     UNINITIALIZED
                  00006300    00000100     DSP2833x_GlobalVariableDefs.obj (ECanbMboxesFile)

EPwm1RegsFile 
*          1    00006800    00000022     UNINITIALIZED
                  00006800    00000022     DSP2833x_GlobalVariableDefs.obj (EPwm1RegsFile)

EPwm2RegsFile 
*          1    00006840    00000022     UNINITIALIZED
                  00006840    00000022     DSP2833x_GlobalVariableDefs.obj (EPwm2RegsFile)

EPwm3RegsFile 
*          1    00006880    00000022     UNINITIALIZED
                  00006880    00000022     DSP2833x_GlobalVariableDefs.obj (EPwm3RegsFile)

EPwm4RegsFile 
*          1    000068c0    00000022     UNINITIALIZED
                  000068c0    00000022     DSP2833x_GlobalVariableDefs.obj (EPwm4RegsFile)

EPwm5RegsFile 
*          1    00006900    00000022     UNINITIALIZED
                  00006900    00000022     DSP2833x_GlobalVariableDefs.obj (EPwm5RegsFile)

EPwm6RegsFile 
*          1    00006940    00000022     UNINITIALIZED
                  00006940    00000022     DSP2833x_GlobalVariableDefs.obj (EPwm6RegsFile)

ECap1RegsFile 
*          1    00006a00    00000020     UNINITIALIZED
                  00006a00    00000020     DSP2833x_GlobalVariableDefs.obj (ECap1RegsFile)

ECap2RegsFile 
*          1    00006a20    00000020     UNINITIALIZED
                  00006a20    00000020     DSP2833x_GlobalVariableDefs.obj (ECap2RegsFile)

ECap3RegsFile 
*          1    00006a40    00000020     UNINITIALIZED
                  00006a40    00000020     DSP2833x_GlobalVariableDefs.obj (ECap3RegsFile)

ECap4RegsFile 
*          1    00006a60    00000020     UNINITIALIZED
                  00006a60    00000020     DSP2833x_GlobalVariableDefs.obj (ECap4RegsFile)

ECap5RegsFile 
*          1    00006a80    00000020     UNINITIALIZED
                  00006a80    00000020     DSP2833x_GlobalVariableDefs.obj (ECap5RegsFile)

ECap6RegsFile 
*          1    00006aa0    00000020     UNINITIALIZED
                  00006aa0    00000020     DSP2833x_GlobalVariableDefs.obj (ECap6RegsFile)

EQep1RegsFile 
*          1    00006b00    00000040     UNINITIALIZED
                  00006b00    00000040     DSP2833x_GlobalVariableDefs.obj (EQep1RegsFile)

EQep2RegsFile 
*          1    00006b40    00000040     UNINITIALIZED
                  00006b40    00000040     DSP2833x_GlobalVariableDefs.obj (EQep2RegsFile)

GpioCtrlRegsFile 
*          1    00006f80    0000002e     UNINITIALIZED
                  00006f80    0000002e     DSP2833x_GlobalVariableDefs.obj (GpioCtrlRegsFile)

GpioDataRegsFile 
*          1    00006fc0    00000020     UNINITIALIZED
                  00006fc0    00000020     DSP2833x_GlobalVariableDefs.obj (GpioDataRegsFile)

GpioIntRegsFile 
*          1    00006fe0    0000000a     UNINITIALIZED
                  00006fe0    0000000a     DSP2833x_GlobalVariableDefs.obj (GpioIntRegsFile)

SysCtrlRegsFile 
*          1    00007010    00000020     UNINITIALIZED
                  00007010    00000020     DSP2833x_GlobalVariableDefs.obj (SysCtrlRegsFile)

SpiaRegsFile 
*          1    00007040    00000010     UNINITIALIZED
                  00007040    00000010     DSP2833x_GlobalVariableDefs.obj (SpiaRegsFile)

SciaRegsFile 
*          1    00007050    00000010     UNINITIALIZED
                  00007050    00000010     DSP2833x_GlobalVariableDefs.obj (SciaRegsFile)

XIntruptRegsFile 
*          1    00007070    00000010     UNINITIALIZED
                  00007070    00000010     DSP2833x_GlobalVariableDefs.obj (XIntruptRegsFile)

AdcRegsFile 
*          1    00007100    0000001e     UNINITIALIZED
                  00007100    0000001e     DSP2833x_GlobalVariableDefs.obj (AdcRegsFile)

ScibRegsFile 
*          1    00007750    00000010     UNINITIALIZED
                  00007750    00000010     DSP2833x_GlobalVariableDefs.obj (ScibRegsFile)

ScicRegsFile 
*          1    00007770    00000010     UNINITIALIZED
                  00007770    00000010     DSP2833x_GlobalVariableDefs.obj (ScicRegsFile)

I2caRegsFile 
*          1    00007900    00000022     UNINITIALIZED
                  00007900    00000022     DSP2833x_GlobalVariableDefs.obj (I2caRegsFile)

.ebss      1    0000c000    000005fb     UNINITIALIZED
                  0000c000    000005f0     MainCPU-Main.obj (.ebss)
                  0000c5f0    00000004     rts2800_fpu32.lib : _lock.obj (.ebss)
                  0000c5f4    00000004                       : exit.obj (.ebss)
                  0000c5f8    00000003     Main_CPU_SCI.obj (.ebss)

.econst    1    0000c750    00000167     
                  0000c750    00000100     DSP2833x_PieVect.obj (.econst)
                  0000c850    0000005b     MainCPU-Main.obj (.econst:_Smpl_sin)
                  0000c8ab    00000001     --HOLE-- [fill = 0]
                  0000c8ac    00000006     MainCPU-Main.obj (.econst)
                  0000c8b2    00000005     AD7732.obj (.econst:_$P$T0$1)

CsmPwlFile 
*          1    0033fff8    00000008     UNINITIALIZED
                  0033fff8    00000008     DSP2833x_GlobalVariableDefs.obj (CsmPwlFile)


GLOBAL SYMBOLS: SORTED ALPHABETICALLY BY Name 

address    name
--------   ----
00009000   .text
0000a1b2   C$$EXIT
0000c02c   _AD7732_1
0000c02a   _AD7732_2
0000992a   _ADCINT_ISR
00380080   _ADC_cal
0000a043   _AdcInitPrivod
00000b00   _AdcMirror
00007100   _AdcRegs
0000c088   _An_Val
0000c0e0   _CORRECTION_POWER_GRID_STRUCT
000094a1   _Cells_Check
0000a15b   _ConfigCpuTimer
00000c00   _CpuTimer0Regs
00000c08   _CpuTimer1Regs
00000c10   _CpuTimer2Regs
0033fff8   _CsmPwl
00000ae0   _CsmRegs
0000c03b   _CurNum_Smpl
00009843   _DATALOG_ISR
00009a69   _DINTCH1_ISR
00009a74   _DINTCH2_ISR
00009a7f   _DINTCH3_ISR
00009a8a   _DINTCH4_ISR
00009a95   _DINTCH5_ISR
00009aa0   _DINTCH6_ISR
0000c019   _Datain
0000c00f   _Datain_ER
0000c058   _Determinant_Sinus
00000880   _DevEmuRegs
00009bb8   _DisableDog
00001000   _DmaRegs
0000c25c   _Driving_I
0000c380   _Driving_drive
00009b03   _ECAN0INTA_ISR
00009b19   _ECAN0INTB_ISR
00009b0e   _ECAN1INTA_ISR
00009b24   _ECAN1INTB_ISR
000099cf   _ECAP1_INT_ISR
000099da   _ECAP2_INT_ISR
000099e5   _ECAP3_INT_ISR
000099f0   _ECAP4_INT_ISR
000099fb   _ECAP5_INT_ISR
00009a06   _ECAP6_INT_ISR
00006040   _ECanaLAMRegs
000060c0   _ECanaMOTORegs
00006080   _ECanaMOTSRegs
00006100   _ECanaMboxes
00006000   _ECanaRegs
00006240   _ECanbLAMRegs
000062c0   _ECanbMOTORegs
00006280   _ECanbMOTSRegs
00006300   _ECanbMboxes
00006200   _ECanbRegs
00006a00   _ECap1Regs
00006a20   _ECap2Regs
00006a40   _ECap3Regs
00006a60   _ECap4Regs
00006a80   _ECap5Regs
00006aa0   _ECap6Regs
00009859   _EMUINT_ISR
0000998d   _EPWM1_INT_ISR
0000994b   _EPWM1_TZINT_ISR
00009998   _EPWM2_INT_ISR
00009956   _EPWM2_TZINT_ISR
000099a3   _EPWM3_INT_ISR
00009961   _EPWM3_TZINT_ISR
000099ae   _EPWM4_INT_ISR
0000996c   _EPWM4_TZINT_ISR
000099b9   _EPWM5_INT_ISR
00009977   _EPWM5_TZINT_ISR
000099c4   _EPWM6_INT_ISR
00009982   _EPWM6_TZINT_ISR
00006800   _EPwm1Regs
00006840   _EPwm2Regs
00006880   _EPwm3Regs
000068c0   _EPwm4Regs
00006900   _EPwm5Regs
00006940   _EPwm6Regs
00009a11   _EQEP1_INT_ISR
00009a1c   _EQEP2_INT_ISR
00006b00   _EQep1Regs
00006b40   _EQep2Regs
0000a18e   _EnableInterrupts
0000a0d3   _Exch_data_SPI
0000c050   _Exp1_regs
0000c080   _Exp2_regs
0000c2c0   _FILTER_I_AND_U_DRIVE_STRUCT
0000c300   _FilterTokaMatrix
0000c1a8   _FilterTokaMatrixSQRTlong
0000c1d4   _FilterTokaMatrixSQRTlongHundred
0000c194   _FilterTokaMatrixSQRTlongTen
0000c1c0   _FilterTokaMatrixSQRTlongThousand
0000c168   _FilterTokaMatrixSQRTlong_10000_Thousand
0000c180   _FilterTokaMatrixSQRTlong_1000_Thousand
0000c140   _FilterTokaMatrixSQRTlong_100_Thousand
0000c154   _FilterTokaMatrixSQRTlong_10_Thousand
0000c1e8   _FilterTokaMatrixZad
0000c340   _FilterUMatrix
0000c006   _Flags_drive
00000a80   _FlashRegs
0000c04a   _FuncSinSignal
000096f0   _Get_RX_SCI
00009c2d   _GpioConf
00006f80   _GpioCtrlRegs
00006fc0   _GpioDataRegs
00006fe0   _GpioIntRegs
00009aab   _I2CINT1A_ISR
00009ab6   _I2CINT2A_ISR
00007900   _I2caRegs
0000986f   _ILLEGAL_ISR
0000982d   _INT13_ISR
00009838   _INT14_ISR
00009f4c   _InitAD7732
0000a137   _InitCpuTimers
00009eac   _InitEPwm_4_6Timers
00009b9d   _InitFlash
00009fce   _InitMAX7301
00009bf4   _InitPeripheralClocks
0000a16f   _InitPieCtrl
0000a1cb   _InitPieVectTable
00009bc0   _InitPll
00009ddd   _InitSCIA
00009e07   _InitSCIB
00009e31   _InitSCIC
0000a09f   _InitSPIA
00009b92   _InitSysCtrl
00009568   _Init_Data
0000c028   _KoefThirdGarmEXAMPLE
00009b71   _LUF_ISR
00009b66   _LVF_ISR
00009a53   _MRINTA_ISR
00009a3d   _MRINTB_ISR
0000c007   _MSmode
00009a5e   _MXINTA_ISR
00009a48   _MXINTB_ISR
00005000   _McbspaRegs
00005040   _McbspbRegs
00009864   _NMI_ISR
0000c013   _N_var
0000c01d   _On_off_Count
0000c01b   _On_off_Count_zero
00009b7c   _PIE_RESERVED
0000c200   _PROTECT_CURRENT_DRIVE_STRUCT
00000ce0   _PieCtrlRegs
00000d00   _PieVectTable
0000c750   _PieVectTableInit
0000c8ae   _Prd1
0000c8b0   _Prd2
0000c014   _Prmt_Work
0000984e   _RTOSINT_ISR
0000c11e   _RXd_mstr
0000c10f   _RXd_slv
00009ad7   _SCIRXINTA_ISR
00009aed   _SCIRXINTB_ISR
00009ac1   _SCIRXINTC_ISR
00009ae2   _SCITXINTA_ISR
00009af8   _SCITXINTB_ISR
00009acc   _SCITXINTC_ISR
000098fe   _SEQ1INT_ISR
00009909   _SEQ2INT_ISR
00009a27   _SPIRXINTA_ISR
00009a32   _SPITXINTA_ISR
0000c010   _SPI_cur_dev
0000c046   _SPI_list
00007050   _SciaRegs
00007750   _ScibRegs
00007770   _ScicRegs
0000c12d   _Sensorless_drive
0000c043   _Sin
0000c032   _Smpl_F
0000c850   _Smpl_sin
00007040   _SpiaRegs
0000967c   _Stup_SPI_exch
00007010   _SysCtrlRegs
00009935   _TINT0_ISR
00009e78   _TakeRXFifoData
0000c035   _Theta_diskr_Z
00009e5b   _TransfData
000098dd   _USER10_ISR
000098e8   _USER11_ISR
000098f3   _USER12_ISR
0000987a   _USER1_ISR
00009885   _USER2_ISR
00009890   _USER3_ISR
0000989b   _USER4_ISR
000098a6   _USER5_ISR
000098b1   _USER6_ISR
000098bc   _USER7_ISR
000098c7   _USER8_ISR
000098d2   _USER9_ISR
00009940   _WAKEINT_ISR
00009914   _XINT1_ISR
0000991f   _XINT2_ISR
00009b2f   _XINT3_ISR
00009b3a   _XINT4_ISR
00009b45   _XINT5_ISR
00009b50   _XINT6_ISR
00009b5b   _XINT7_ISR
00007070   _XIntruptRegs
00000b20   _XintfRegs
00000780   __STACK_END
00000380   __STACK_SIZE
00000001   __TI_args_main
ffffffff   ___binit__
ffffffff   ___c_args__
00008000   ___cinit__
0000a1f9   ___etext__
ffffffff   ___pinit__
00009000   ___text__
0000a197   __args_main
0000c5f4   __cleanup_ptr
0000c5f6   __dtors_ptr
0000c5f2   __lock
0000a1e9   __nop
0000a1e5   __register_lock
0000a1e1   __register_unlock
00000400   __stack
0000c5f0   __unlock
0000a1b2   _abort
0000c000   _all_init_err
0000c003   _all_init_err_slv
0000a0f1   _c_int00
0000c400   _cell
0000c00e   _cell_ok
00009156   _cpu_int13_isr
0000916b   _epwm4_timer_isr
0000928a   _epwm6_timer_isr
0000c00c   _err_frames
0000c00d   _err_line
0000a1b4   _exit
0000c015   _frame_cnt
0000c026   _ind_1pos
0000c024   _ind_2pos
0000c030   _ind_3pos
0000c02e   _ind_4pos
0000c040   _ind_data_out
0000c280   _ind_str
00009000   _main
0000a1f2   _memset
0000c0a8   _new_datain
0000c0b1   _new_datain_slv
0000c009   _nmb_of_askprm
0000c011   _numb_frames
0000c016   _numb_frames_slv
0000c8ac   _numb_mes
0000c0d4   _par_nmb_list
0000c0ca   _retr_cell_mstr
0000c0c0   _retr_mstr_cell
00009b87   _rsvd_ISR
0000c500   _slv_cell
0000c022   _spi_cnt
0000c021   _spi_frame
0000c060   _spi_store
0000c240   _store
0000c038   _store_Smpl_F
0000c070   _store_indx
0000c218   _store_slv
0000c0a0   _store_slv_indx
0000c012   _sync_ok
0000c00a   _tot_cell_ready
0000c017   _tot_cell_ready_slv
0000c001   _tot_sgnl_err
0000c004   _tot_sgnl_err_slv
0000c068   _trans_frame
0000c018   _transbyte
0000c078   _tx
0000c098   _tx_4slv
0000c090   _tx_frame
0000c01e   _var_value
ffffffff   binit
00008000   cinit
00000000   code_start
0000a1f9   etext
ffffffff   pinit


GLOBAL SYMBOLS: SORTED BY Symbol Address 

address    name
--------   ----
00000000   code_start
00000001   __TI_args_main
00000380   __STACK_SIZE
00000400   __stack
00000780   __STACK_END
00000880   _DevEmuRegs
00000a80   _FlashRegs
00000ae0   _CsmRegs
00000b00   _AdcMirror
00000b20   _XintfRegs
00000c00   _CpuTimer0Regs
00000c08   _CpuTimer1Regs
00000c10   _CpuTimer2Regs
00000ce0   _PieCtrlRegs
00000d00   _PieVectTable
00001000   _DmaRegs
00005000   _McbspaRegs
00005040   _McbspbRegs
00006000   _ECanaRegs
00006040   _ECanaLAMRegs
00006080   _ECanaMOTSRegs
000060c0   _ECanaMOTORegs
00006100   _ECanaMboxes
00006200   _ECanbRegs
00006240   _ECanbLAMRegs
00006280   _ECanbMOTSRegs
000062c0   _ECanbMOTORegs
00006300   _ECanbMboxes
00006800   _EPwm1Regs
00006840   _EPwm2Regs
00006880   _EPwm3Regs
000068c0   _EPwm4Regs
00006900   _EPwm5Regs
00006940   _EPwm6Regs
00006a00   _ECap1Regs
00006a20   _ECap2Regs
00006a40   _ECap3Regs
00006a60   _ECap4Regs
00006a80   _ECap5Regs
00006aa0   _ECap6Regs
00006b00   _EQep1Regs
00006b40   _EQep2Regs
00006f80   _GpioCtrlRegs
00006fc0   _GpioDataRegs
00006fe0   _GpioIntRegs
00007010   _SysCtrlRegs
00007040   _SpiaRegs
00007050   _SciaRegs
00007070   _XIntruptRegs
00007100   _AdcRegs
00007750   _ScibRegs
00007770   _ScicRegs
00007900   _I2caRegs
00008000   ___cinit__
00008000   cinit
00009000   .text
00009000   ___text__
00009000   _main
00009156   _cpu_int13_isr
0000916b   _epwm4_timer_isr
0000928a   _epwm6_timer_isr
000094a1   _Cells_Check
00009568   _Init_Data
0000967c   _Stup_SPI_exch
000096f0   _Get_RX_SCI
0000982d   _INT13_ISR
00009838   _INT14_ISR
00009843   _DATALOG_ISR
0000984e   _RTOSINT_ISR
00009859   _EMUINT_ISR
00009864   _NMI_ISR
0000986f   _ILLEGAL_ISR
0000987a   _USER1_ISR
00009885   _USER2_ISR
00009890   _USER3_ISR
0000989b   _USER4_ISR
000098a6   _USER5_ISR
000098b1   _USER6_ISR
000098bc   _USER7_ISR
000098c7   _USER8_ISR
000098d2   _USER9_ISR
000098dd   _USER10_ISR
000098e8   _USER11_ISR
000098f3   _USER12_ISR
000098fe   _SEQ1INT_ISR
00009909   _SEQ2INT_ISR
00009914   _XINT1_ISR
0000991f   _XINT2_ISR
0000992a   _ADCINT_ISR
00009935   _TINT0_ISR
00009940   _WAKEINT_ISR
0000994b   _EPWM1_TZINT_ISR
00009956   _EPWM2_TZINT_ISR
00009961   _EPWM3_TZINT_ISR
0000996c   _EPWM4_TZINT_ISR
00009977   _EPWM5_TZINT_ISR
00009982   _EPWM6_TZINT_ISR
0000998d   _EPWM1_INT_ISR
00009998   _EPWM2_INT_ISR
000099a3   _EPWM3_INT_ISR
000099ae   _EPWM4_INT_ISR
000099b9   _EPWM5_INT_ISR
000099c4   _EPWM6_INT_ISR
000099cf   _ECAP1_INT_ISR
000099da   _ECAP2_INT_ISR
000099e5   _ECAP3_INT_ISR
000099f0   _ECAP4_INT_ISR
000099fb   _ECAP5_INT_ISR
00009a06   _ECAP6_INT_ISR
00009a11   _EQEP1_INT_ISR
00009a1c   _EQEP2_INT_ISR
00009a27   _SPIRXINTA_ISR
00009a32   _SPITXINTA_ISR
00009a3d   _MRINTB_ISR
00009a48   _MXINTB_ISR
00009a53   _MRINTA_ISR
00009a5e   _MXINTA_ISR
00009a69   _DINTCH1_ISR
00009a74   _DINTCH2_ISR
00009a7f   _DINTCH3_ISR
00009a8a   _DINTCH4_ISR
00009a95   _DINTCH5_ISR
00009aa0   _DINTCH6_ISR
00009aab   _I2CINT1A_ISR
00009ab6   _I2CINT2A_ISR
00009ac1   _SCIRXINTC_ISR
00009acc   _SCITXINTC_ISR
00009ad7   _SCIRXINTA_ISR
00009ae2   _SCITXINTA_ISR
00009aed   _SCIRXINTB_ISR
00009af8   _SCITXINTB_ISR
00009b03   _ECAN0INTA_ISR
00009b0e   _ECAN1INTA_ISR
00009b19   _ECAN0INTB_ISR
00009b24   _ECAN1INTB_ISR
00009b2f   _XINT3_ISR
00009b3a   _XINT4_ISR
00009b45   _XINT5_ISR
00009b50   _XINT6_ISR
00009b5b   _XINT7_ISR
00009b66   _LVF_ISR
00009b71   _LUF_ISR
00009b7c   _PIE_RESERVED
00009b87   _rsvd_ISR
00009b92   _InitSysCtrl
00009b9d   _InitFlash
00009bb8   _DisableDog
00009bc0   _InitPll
00009bf4   _InitPeripheralClocks
00009c2d   _GpioConf
00009ddd   _InitSCIA
00009e07   _InitSCIB
00009e31   _InitSCIC
00009e5b   _TransfData
00009e78   _TakeRXFifoData
00009eac   _InitEPwm_4_6Timers
00009f4c   _InitAD7732
00009fce   _InitMAX7301
0000a043   _AdcInitPrivod
0000a09f   _InitSPIA
0000a0d3   _Exch_data_SPI
0000a0f1   _c_int00
0000a137   _InitCpuTimers
0000a15b   _ConfigCpuTimer
0000a16f   _InitPieCtrl
0000a18e   _EnableInterrupts
0000a197   __args_main
0000a1b2   C$$EXIT
0000a1b2   _abort
0000a1b4   _exit
0000a1cb   _InitPieVectTable
0000a1e1   __register_unlock
0000a1e5   __register_lock
0000a1e9   __nop
0000a1f2   _memset
0000a1f9   ___etext__
0000a1f9   etext
0000c000   _all_init_err
0000c001   _tot_sgnl_err
0000c003   _all_init_err_slv
0000c004   _tot_sgnl_err_slv
0000c006   _Flags_drive
0000c007   _MSmode
0000c009   _nmb_of_askprm
0000c00a   _tot_cell_ready
0000c00c   _err_frames
0000c00d   _err_line
0000c00e   _cell_ok
0000c00f   _Datain_ER
0000c010   _SPI_cur_dev
0000c011   _numb_frames
0000c012   _sync_ok
0000c013   _N_var
0000c014   _Prmt_Work
0000c015   _frame_cnt
0000c016   _numb_frames_slv
0000c017   _tot_cell_ready_slv
0000c018   _transbyte
0000c019   _Datain
0000c01b   _On_off_Count_zero
0000c01d   _On_off_Count
0000c01e   _var_value
0000c021   _spi_frame
0000c022   _spi_cnt
0000c024   _ind_2pos
0000c026   _ind_1pos
0000c028   _KoefThirdGarmEXAMPLE
0000c02a   _AD7732_2
0000c02c   _AD7732_1
0000c02e   _ind_4pos
0000c030   _ind_3pos
0000c032   _Smpl_F
0000c035   _Theta_diskr_Z
0000c038   _store_Smpl_F
0000c03b   _CurNum_Smpl
0000c040   _ind_data_out
0000c043   _Sin
0000c046   _SPI_list
0000c04a   _FuncSinSignal
0000c050   _Exp1_regs
0000c058   _Determinant_Sinus
0000c060   _spi_store
0000c068   _trans_frame
0000c070   _store_indx
0000c078   _tx
0000c080   _Exp2_regs
0000c088   _An_Val
0000c090   _tx_frame
0000c098   _tx_4slv
0000c0a0   _store_slv_indx
0000c0a8   _new_datain
0000c0b1   _new_datain_slv
0000c0c0   _retr_mstr_cell
0000c0ca   _retr_cell_mstr
0000c0d4   _par_nmb_list
0000c0e0   _CORRECTION_POWER_GRID_STRUCT
0000c10f   _RXd_slv
0000c11e   _RXd_mstr
0000c12d   _Sensorless_drive
0000c140   _FilterTokaMatrixSQRTlong_100_Thousand
0000c154   _FilterTokaMatrixSQRTlong_10_Thousand
0000c168   _FilterTokaMatrixSQRTlong_10000_Thousand
0000c180   _FilterTokaMatrixSQRTlong_1000_Thousand
0000c194   _FilterTokaMatrixSQRTlongTen
0000c1a8   _FilterTokaMatrixSQRTlong
0000c1c0   _FilterTokaMatrixSQRTlongThousand
0000c1d4   _FilterTokaMatrixSQRTlongHundred
0000c1e8   _FilterTokaMatrixZad
0000c200   _PROTECT_CURRENT_DRIVE_STRUCT
0000c218   _store_slv
0000c240   _store
0000c25c   _Driving_I
0000c280   _ind_str
0000c2c0   _FILTER_I_AND_U_DRIVE_STRUCT
0000c300   _FilterTokaMatrix
0000c340   _FilterUMatrix
0000c380   _Driving_drive
0000c400   _cell
0000c500   _slv_cell
0000c5f0   __unlock
0000c5f2   __lock
0000c5f4   __cleanup_ptr
0000c5f6   __dtors_ptr
0000c750   _PieVectTableInit
0000c850   _Smpl_sin
0000c8ac   _numb_mes
0000c8ae   _Prd1
0000c8b0   _Prd2
0033fff8   _CsmPwl
00380080   _ADC_cal
ffffffff   ___binit__
ffffffff   ___c_args__
ffffffff   ___pinit__
ffffffff   binit
ffffffff   pinit

[275 symbols]
