******************************************************************************
             TMS320C2000 Linker PC v18.1.2                     
******************************************************************************
>> Linked Fri Jun  7 02:50:41 2024

OUTPUT FILE NAME:   <C:/Users/Lenovo/programs/TMS320F28335/tractor_drive/main_CPU_(real)/../FLASH/MainCPU.out>
ENTRY POINT SYMBOL: "_c_int00"  address: 00009610


MEMORY CONFIGURATION

         name            origin    length      used     unused   attr    fill
----------------------  --------  ---------  --------  --------  ----  --------
PAGE 0:
  ZONE0                 00004000   00001000  00000000  00001000  RWIX
  RAM_L0L1L2L3          00008000   00004000  00001cb4  0000234c  RWIX
  ZONE6                 00100000   00100000  00000000  00100000  RWIX
  ZONE7A                00200000   0000fc00  00000000  0000fc00  RWIX
  FLASHH                00300000   00008000  00000000  00008000  RWIX
  FLASHG                00308000   00008000  00000000  00008000  RWIX
  FLASHF                00310000   00008000  00000000  00008000  RWIX
  FLASHE                00318000   00008000  00000000  00008000  RWIX
  FLASHD                00320000   00008000  00000000  00008000  RWIX
  FLASHC                00328000   00008000  00000000  00008000  RWIX
  FLASHA                00338000   00007f80  00001cf8  00006288  RWIX
  CSM_RSVD              0033ff80   00000076  00000000  00000076  RWIX
  BEGIN_FLASH           0033fff6   00000002  00000002  00000000  RWIX
  CSM_PWL               0033fff8   00000008  00000000  00000008  RWIX
  ADC_CAL               00380080   00000009  00000007  00000002  RWIX
  OTP                   00380400   00000400  00000000  00000400  RWIX
  IQTABLES              003fe000   00000b50  00000000  00000b50  RWIX
  IQTABLES2             003feb50   0000008c  00000000  0000008c  RWIX
  FPUTABLES             003febdc   000006a0  00000000  000006a0  RWIX
  ROM                   003ff27c   00000d44  00000000  00000d44  RWIX
  RESET                 003fffc0   00000002  00000000  00000002  RWIX
  VECTORS               003fffc2   0000003e  00000000  0000003e  RWIX

PAGE 1:
  RAMM0                 00000000   00000400  00000380  00000080  RWIX
  BOOT_RSVD             00000400   00000080  00000000  00000080  RWIX
  RAMM1                 00000480   00000380  00000000  00000380  RWIX
  DEV_EMU               00000880   00000180  000000d0  000000b0  RWIX
  FLASH_REGS            00000a80   00000060  00000008  00000058  RWIX
  CSM                   00000ae0   00000010  00000010  00000000  RWIX
  ADC_MIRROR            00000b00   00000010  00000010  00000000  RWIX
  XINTF                 00000b20   00000020  0000001e  00000002  RWIX
  CPU_TIMER0            00000c00   00000008  00000008  00000000  RWIX
  CPU_TIMER1            00000c08   00000008  00000008  00000000  RWIX
  CPU_TIMER2            00000c10   00000008  00000008  00000000  RWIX
  PIE_CTRL              00000ce0   00000020  0000001a  00000006  RWIX
  PIE_VECT              00000d00   00000100  00000100  00000000  RWIX
  DMA                   00001000   00000200  000000e0  00000120  RWIX
  MCBSPA                00005000   00000040  00000025  0000001b  RWIX
  MCBSPB                00005040   00000040  00000025  0000001b  RWIX
  ECANA                 00006000   00000040  00000034  0000000c  RWIX
  ECANA_LAM             00006040   00000040  00000040  00000000  RWIX
  ECANA_MOTS            00006080   00000040  00000040  00000000  RWIX
  ECANA_MOTO            000060c0   00000040  00000040  00000000  RWIX
  ECANA_MBOX            00006100   00000100  00000100  00000000  RWIX
  ECANB                 00006200   00000040  00000034  0000000c  RWIX
  ECANB_LAM             00006240   00000040  00000040  00000000  RWIX
  ECANB_MOTS            00006280   00000040  00000040  00000000  RWIX
  ECANB_MOTO            000062c0   00000040  00000040  00000000  RWIX
  ECANB_MBOX            00006300   00000100  00000100  00000000  RWIX
  EPWM1                 00006800   00000022  00000022  00000000  RWIX
  EPWM2                 00006840   00000022  00000022  00000000  RWIX
  EPWM3                 00006880   00000022  00000022  00000000  RWIX
  EPWM4                 000068c0   00000022  00000022  00000000  RWIX
  EPWM5                 00006900   00000022  00000022  00000000  RWIX
  EPWM6                 00006940   00000022  00000022  00000000  RWIX
  ECAP1                 00006a00   00000020  00000020  00000000  RWIX
  ECAP2                 00006a20   00000020  00000020  00000000  RWIX
  ECAP3                 00006a40   00000020  00000020  00000000  RWIX
  ECAP4                 00006a60   00000020  00000020  00000000  RWIX
  ECAP5                 00006a80   00000020  00000020  00000000  RWIX
  ECAP6                 00006aa0   00000020  00000020  00000000  RWIX
  EQEP1                 00006b00   00000040  00000040  00000000  RWIX
  EQEP2                 00006b40   00000040  00000040  00000000  RWIX
  GPIOCTRL              00006f80   00000040  0000002e  00000012  RWIX
  GPIODAT               00006fc0   00000020  00000020  00000000  RWIX
  GPIOINT               00006fe0   00000020  0000000a  00000016  RWIX
  SYSTEM                00007010   00000020  00000020  00000000  RWIX
  SPIA                  00007040   00000010  00000010  00000000  RWIX
  SCIA                  00007050   00000010  00000010  00000000  RWIX
  XINTRUPT              00007070   00000010  00000010  00000000  RWIX
  ADC                   00007100   00000020  0000001e  00000002  RWIX
  SCIB                  00007750   00000010  00000010  00000000  RWIX
  SCIC                  00007770   00000010  00000010  00000000  RWIX
  I2CA                  00007900   00000040  00000022  0000001e  RWIX
  RAML4                 0000c000   00001500  0000025a  000012a6  RWIX
  RAML5                 0000d500   00000500  00000000  00000500  RWIX
  RAML6                 0000e000   00001000  00000000  00001000  RWIX
  RAML7                 0000f000   00001000  00000000  00001000  RWIX
  ZONE7B                0020fc00   00000400  00000000  00000400  RWIX
  CSM_PWL               0033fff8   00000008  00000008  00000000  RWIX


SECTION ALLOCATION MAP

 output                                  attributes/
section   page    origin      length       input sections
--------  ----  ----------  ----------   ----------------
copysections 
*          0    00339cb5    0000003c     
                  00339cb5    0000003c     DSP28xxx_SectionCopy_nonBIOS.obj (copysections)

wddisable 
*          0    00339cf1    00000008     
                  00339cf1    00000008     DSP28xxx_CodeStartBranch_for_flash.obj (wddisable)

codestart 
*          0    0033fff6    00000002     
                  0033fff6    00000002     DSP28xxx_CodeStartBranch_for_flash.obj (codestart)

.adc_cal   0    00380080    00000007     NOLOAD SECTION
                  00380080    00000007     DSP2833x_ADC_cal.obj (.adc_cal)

.reset     0    003fffc0    00000002     DSECT
                  003fffc0    00000002     rts2800_fpu32.lib : boot.obj (.reset)

vectors    0    003fffc2    00000000     DSECT

.const     0    00008000    00000000     UNINITIALIZED

.pinit     0    00008000    00000000     UNINITIALIZED

.switch    0    00008000    00000000     UNINITIALIZED

.text      0    00338000    00001735     RUN ADDR = 00008000
                  00338000    00000404     FuncDrive.obj (.text)
                  00338404    000003aa     DSP2833x_SysCtrl.obj (.text)
                  003387ae    0000031e     BaseDrive.obj (.text)
                  00338acc    000002f8     DSP2833x_DefaultIsr.obj (.text:retain)
                  00338dc4    0000022e     MainCpuAdc.obj (.text)
                  00338ff2    0000021a     MainCpuEpwm.obj (.text)
                  0033920c    00000102     ProtectnDrive.obj (.text)
                  0033930e    000000ba     MainCPU-Main(1).obj (.text:retain)
                  003393c8    0000008f     SysSrvc.obj (.text)
                  00339457    00000088     rts2800_fpu32.lib : fs_div.obj (.text)
                  003394df    0000007b     Main_CPU_CpuTimers.obj (.text)
                  0033955a    0000006e     MainInit.obj (.text)
                  003395c8    00000048     MainCPU-Main(1).obj (.text)
                  00339610    00000046     rts2800_fpu32.lib : boot.obj (.text)
                  00339656    0000002a                       : l_div.obj (.text)
                  00339680    00000028     DSP2833x_PieCtrl.obj (.text)
                  003396a8    00000028     MainCpuSpi.obj (.text)
                  003396d0    00000020     DSP2833x_PieVect.obj (.text)
                  003396f0    0000001b     rts2800_fpu32.lib : args_main.obj (.text)
                  0033970b    00000019                       : exit.obj (.text)
                  00339724    00000009                       : _lock.obj (.text)
                  0033972d    00000008     MainSetting.obj (.text)

.econst    0    00339736    00000512     RUN ADDR = 00009736
                  00339736    000002c0     Smpl_table.obj (.econst:_SQRT350)
                  003399f6    00000100     DSP2833x_PieVect.obj (.econst:_PieVectTableInit)
                  00339af6    000000b6     Smpl_table.obj (.econst:_Tabl_sin_90)
                  00339bac    00000018     Smpl_table.obj (.econst:_TABL_UU1)
                  00339bc4    00000018     Smpl_table.obj (.econst:_TABL_UU)
                  00339bdc    00000018     Smpl_table.obj (.econst:_TABL_UV1)
                  00339bf4    00000018     Smpl_table.obj (.econst:_TABL_UV)
                  00339c0c    00000018     Smpl_table.obj (.econst:_TABL_UW1)
                  00339c24    00000018     Smpl_table.obj (.econst:_TABL_UW)
                  00339c3c    0000000c     Smpl_table.obj (.econst:_TABL_CONDITION_FROM_SENSOR_HALL)

.stack     1    00000000    00000380     UNINITIALIZED
                  00000000    00000380     --HOLE--

.ebss      1    0000c000    0000025a     UNINITIALIZED
                  0000c000    00000212     MainCPU-Main(1).obj (.ebss)
                  0000c212    00000018     Main_CPU_CpuTimers.obj (.ebss)
                  0000c22a    00000010     FuncDrive.obj (.ebss)
                  0000c23a    00000004     rts2800_fpu32.lib : _lock.obj (.ebss)
                  0000c23e    00000001     MainModbus.obj (.ebss)
                  0000c23f    00000001     SysSrvc.obj (.ebss)
                  0000c240    0000000c     ProtectnDrive.obj (.ebss)
                  0000c24c    0000000a     BaseDrive.obj (.ebss)
                  0000c256    00000004     rts2800_fpu32.lib : exit.obj (.ebss)

.cinit     0    00339c48    0000006d     RUN ADDR = 00009c48
                  00339c48    0000001f     FuncDrive.obj (.cinit)
                  00339c67    0000001e     ProtectnDrive.obj (.cinit)
                  00339c85    00000012     BaseDrive.obj (.cinit)
                  00339c97    0000000a     rts2800_fpu32.lib : _lock.obj (.cinit)
                  00339ca1    0000000a                       : exit.obj (.cinit)
                  00339cab    00000004     MainCPU-Main(1).obj (.cinit)
                  00339caf    00000004     SysSrvc.obj (.cinit)
                  00339cb3    00000002     --HOLE-- [fill = 0]

DevEmuRegsFile 
*          1    00000880    000000d0     UNINITIALIZED
                  00000880    000000d0     DSP2833x_GlobalVariableDefs.obj (DevEmuRegsFile)

FlashRegsFile 
*          1    00000a80    00000008     UNINITIALIZED
                  00000a80    00000008     DSP2833x_GlobalVariableDefs.obj (FlashRegsFile)

CsmRegsFile 
*          1    00000ae0    00000010     UNINITIALIZED
                  00000ae0    00000010     DSP2833x_GlobalVariableDefs.obj (CsmRegsFile)

AdcMirrorFile 
*          1    00000b00    00000010     UNINITIALIZED
                  00000b00    00000010     DSP2833x_GlobalVariableDefs.obj (AdcMirrorFile)

XintfRegsFile 
*          1    00000b20    0000001e     UNINITIALIZED
                  00000b20    0000001e     DSP2833x_GlobalVariableDefs.obj (XintfRegsFile)

CpuTimer0RegsFile 
*          1    00000c00    00000008     UNINITIALIZED
                  00000c00    00000008     DSP2833x_GlobalVariableDefs.obj (CpuTimer0RegsFile)

CpuTimer1RegsFile 
*          1    00000c08    00000008     UNINITIALIZED
                  00000c08    00000008     DSP2833x_GlobalVariableDefs.obj (CpuTimer1RegsFile)

CpuTimer2RegsFile 
*          1    00000c10    00000008     UNINITIALIZED
                  00000c10    00000008     DSP2833x_GlobalVariableDefs.obj (CpuTimer2RegsFile)

PieCtrlRegsFile 
*          1    00000ce0    0000001a     UNINITIALIZED
                  00000ce0    0000001a     DSP2833x_GlobalVariableDefs.obj (PieCtrlRegsFile)

PieVectTableFile 
*          1    00000d00    00000100     UNINITIALIZED
                  00000d00    00000100     DSP2833x_GlobalVariableDefs.obj (PieVectTableFile)

DmaRegsFile 
*          1    00001000    000000e0     UNINITIALIZED
                  00001000    000000e0     DSP2833x_GlobalVariableDefs.obj (DmaRegsFile)

McbspaRegsFile 
*          1    00005000    00000025     UNINITIALIZED
                  00005000    00000025     DSP2833x_GlobalVariableDefs.obj (McbspaRegsFile)

McbspbRegsFile 
*          1    00005040    00000025     UNINITIALIZED
                  00005040    00000025     DSP2833x_GlobalVariableDefs.obj (McbspbRegsFile)

ECanaRegsFile 
*          1    00006000    00000034     UNINITIALIZED
                  00006000    00000034     DSP2833x_GlobalVariableDefs.obj (ECanaRegsFile)

ECanaLAMRegsFile 
*          1    00006040    00000040     UNINITIALIZED
                  00006040    00000040     DSP2833x_GlobalVariableDefs.obj (ECanaLAMRegsFile)

ECanaMOTSRegsFile 
*          1    00006080    00000040     UNINITIALIZED
                  00006080    00000040     DSP2833x_GlobalVariableDefs.obj (ECanaMOTSRegsFile)

ECanaMOTORegsFile 
*          1    000060c0    00000040     UNINITIALIZED
                  000060c0    00000040     DSP2833x_GlobalVariableDefs.obj (ECanaMOTORegsFile)

ECanaMboxesFile 
*          1    00006100    00000100     UNINITIALIZED
                  00006100    00000100     DSP2833x_GlobalVariableDefs.obj (ECanaMboxesFile)

ECanbRegsFile 
*          1    00006200    00000034     UNINITIALIZED
                  00006200    00000034     DSP2833x_GlobalVariableDefs.obj (ECanbRegsFile)

ECanbLAMRegsFile 
*          1    00006240    00000040     UNINITIALIZED
                  00006240    00000040     DSP2833x_GlobalVariableDefs.obj (ECanbLAMRegsFile)

ECanbMOTSRegsFile 
*          1    00006280    00000040     UNINITIALIZED
                  00006280    00000040     DSP2833x_GlobalVariableDefs.obj (ECanbMOTSRegsFile)

ECanbMOTORegsFile 
*          1    000062c0    00000040     UNINITIALIZED
                  000062c0    00000040     DSP2833x_GlobalVariableDefs.obj (ECanbMOTORegsFile)

ECanbMboxesFile 
*          1    00006300    00000100     UNINITIALIZED
                  00006300    00000100     DSP2833x_GlobalVariableDefs.obj (ECanbMboxesFile)

EPwm1RegsFile 
*          1    00006800    00000022     UNINITIALIZED
                  00006800    00000022     DSP2833x_GlobalVariableDefs.obj (EPwm1RegsFile)

EPwm2RegsFile 
*          1    00006840    00000022     UNINITIALIZED
                  00006840    00000022     DSP2833x_GlobalVariableDefs.obj (EPwm2RegsFile)

EPwm3RegsFile 
*          1    00006880    00000022     UNINITIALIZED
                  00006880    00000022     DSP2833x_GlobalVariableDefs.obj (EPwm3RegsFile)

EPwm4RegsFile 
*          1    000068c0    00000022     UNINITIALIZED
                  000068c0    00000022     DSP2833x_GlobalVariableDefs.obj (EPwm4RegsFile)

EPwm5RegsFile 
*          1    00006900    00000022     UNINITIALIZED
                  00006900    00000022     DSP2833x_GlobalVariableDefs.obj (EPwm5RegsFile)

EPwm6RegsFile 
*          1    00006940    00000022     UNINITIALIZED
                  00006940    00000022     DSP2833x_GlobalVariableDefs.obj (EPwm6RegsFile)

ECap1RegsFile 
*          1    00006a00    00000020     UNINITIALIZED
                  00006a00    00000020     DSP2833x_GlobalVariableDefs.obj (ECap1RegsFile)

ECap2RegsFile 
*          1    00006a20    00000020     UNINITIALIZED
                  00006a20    00000020     DSP2833x_GlobalVariableDefs.obj (ECap2RegsFile)

ECap3RegsFile 
*          1    00006a40    00000020     UNINITIALIZED
                  00006a40    00000020     DSP2833x_GlobalVariableDefs.obj (ECap3RegsFile)

ECap4RegsFile 
*          1    00006a60    00000020     UNINITIALIZED
                  00006a60    00000020     DSP2833x_GlobalVariableDefs.obj (ECap4RegsFile)

ECap5RegsFile 
*          1    00006a80    00000020     UNINITIALIZED
                  00006a80    00000020     DSP2833x_GlobalVariableDefs.obj (ECap5RegsFile)

ECap6RegsFile 
*          1    00006aa0    00000020     UNINITIALIZED
                  00006aa0    00000020     DSP2833x_GlobalVariableDefs.obj (ECap6RegsFile)

EQep1RegsFile 
*          1    00006b00    00000040     UNINITIALIZED
                  00006b00    00000040     DSP2833x_GlobalVariableDefs.obj (EQep1RegsFile)

EQep2RegsFile 
*          1    00006b40    00000040     UNINITIALIZED
                  00006b40    00000040     DSP2833x_GlobalVariableDefs.obj (EQep2RegsFile)

GpioCtrlRegsFile 
*          1    00006f80    0000002e     UNINITIALIZED
                  00006f80    0000002e     DSP2833x_GlobalVariableDefs.obj (GpioCtrlRegsFile)

GpioDataRegsFile 
*          1    00006fc0    00000020     UNINITIALIZED
                  00006fc0    00000020     DSP2833x_GlobalVariableDefs.obj (GpioDataRegsFile)

GpioIntRegsFile 
*          1    00006fe0    0000000a     UNINITIALIZED
                  00006fe0    0000000a     DSP2833x_GlobalVariableDefs.obj (GpioIntRegsFile)

SysCtrlRegsFile 
*          1    00007010    00000020     UNINITIALIZED
                  00007010    00000020     DSP2833x_GlobalVariableDefs.obj (SysCtrlRegsFile)

SpiaRegsFile 
*          1    00007040    00000010     UNINITIALIZED
                  00007040    00000010     DSP2833x_GlobalVariableDefs.obj (SpiaRegsFile)

SciaRegsFile 
*          1    00007050    00000010     UNINITIALIZED
                  00007050    00000010     DSP2833x_GlobalVariableDefs.obj (SciaRegsFile)

XIntruptRegsFile 
*          1    00007070    00000010     UNINITIALIZED
                  00007070    00000010     DSP2833x_GlobalVariableDefs.obj (XIntruptRegsFile)

AdcRegsFile 
*          1    00007100    0000001e     UNINITIALIZED
                  00007100    0000001e     DSP2833x_GlobalVariableDefs.obj (AdcRegsFile)

ScibRegsFile 
*          1    00007750    00000010     UNINITIALIZED
                  00007750    00000010     DSP2833x_GlobalVariableDefs.obj (ScibRegsFile)

ScicRegsFile 
*          1    00007770    00000010     UNINITIALIZED
                  00007770    00000010     DSP2833x_GlobalVariableDefs.obj (ScicRegsFile)

I2caRegsFile 
*          1    00007900    00000022     UNINITIALIZED
                  00007900    00000022     DSP2833x_GlobalVariableDefs.obj (I2caRegsFile)

CsmPwlFile 
*          1    0033fff8    00000008     UNINITIALIZED
                  0033fff8    00000008     DSP2833x_GlobalVariableDefs.obj (CsmPwlFile)

MODULE SUMMARY

       Module                                   code    initialized data   uninitialized data
       ------                                   ----    ----------------   ------------------
    .\
       MainCPU-Main(1).obj                      516     8                  530               
    +--+----------------------------------------+-------+------------------+--------------------+
       Total:                                   516     8                  530               
                                                                                             
    .\source\
       DSP2833x_GlobalVariableDefs.obj          0       0                  2678              
       FuncDrive.obj                            2056    62                 16                
       Smpl_table.obj                           0       2084               0                 
       DSP2833x_SysCtrl.obj                     1876    0                  0                 
       BaseDrive.obj                            1596    36                 10                
       DSP2833x_DefaultIsr.obj                  1520    0                  0                 
       MainCpuAdc.obj                           1116    0                  0                 
       MainCpuEpwm.obj                          1076    0                  0                 
       ProtectnDrive.obj                        516     60                 12                
       DSP2833x_PieVect.obj                     64      512                0                 
       SysSrvc.obj                              286     8                  1                 
       Main_CPU_CpuTimers.obj                   246     0                  24                
       MainInit.obj                             220     0                  0                 
       DSP2833x_PieCtrl.obj                     80      0                  0                 
       MainCpuSpi.obj                           80      0                  0                 
       DSP28xxx_SectionCopy_nonBIOS.obj         60      0                  0                 
       MainSetting.obj                          16      0                  0                 
       DSP28xxx_CodeStartBranch_for_flash.obj   10      0                  0                 
       DSP2833x_ADC_cal.obj                     7       0                  0                 
       MainModbus.obj                           0       0                  1                 
    +--+----------------------------------------+-------+------------------+--------------------+
       Total:                                   10825   2762               2742              
                                                                                             
    C:/Users/Lenovo/programs/TMS320F28335/tractor_drive/lib/rts2800_fpu32.lib
       fs_div.obj                               272     0                  0                 
       boot.obj                                 140     0                  0                 
       l_div.obj                                84      0                  0                 
       exit.obj                                 50      20                 4                 
       args_main.obj                            54      0                  0                 
       _lock.obj                                18      20                 4                 
    +--+----------------------------------------+-------+------------------+--------------------+
       Total:                                   618     40                 8                 
                                                                                             
       Stack:                                   0       0                  896               
    +--+----------------------------------------+-------+------------------+--------------------+
       Grand Total:                             11959   2810               4176              


GLOBAL DATA SYMBOLS: SORTED BY DATA PAGE

address     data page           name
--------    ----------------    ----
00000000       0 (00000000)     __stack

00000880      22 (00000880)     _DevEmuRegs

00000a80      2a (00000a80)     _FlashRegs

00000ae0      2b (00000ac0)     _CsmRegs

00000b00      2c (00000b00)     _AdcMirror
00000b20      2c (00000b00)     _XintfRegs

00000c00      30 (00000c00)     _CpuTimer0Regs
00000c08      30 (00000c00)     _CpuTimer1Regs
00000c10      30 (00000c00)     _CpuTimer2Regs

00000ce0      33 (00000cc0)     _PieCtrlRegs

00000d00      34 (00000d00)     _PieVectTable

00001000      40 (00001000)     _DmaRegs

00005000     140 (00005000)     _McbspaRegs

00005040     141 (00005040)     _McbspbRegs

00006000     180 (00006000)     _ECanaRegs

00006040     181 (00006040)     _ECanaLAMRegs

00006080     182 (00006080)     _ECanaMOTSRegs

000060c0     183 (000060c0)     _ECanaMOTORegs

00006100     184 (00006100)     _ECanaMboxes

00006200     188 (00006200)     _ECanbRegs

00006240     189 (00006240)     _ECanbLAMRegs

00006280     18a (00006280)     _ECanbMOTSRegs

000062c0     18b (000062c0)     _ECanbMOTORegs

00006300     18c (00006300)     _ECanbMboxes

00006800     1a0 (00006800)     _EPwm1Regs

00006840     1a1 (00006840)     _EPwm2Regs

00006880     1a2 (00006880)     _EPwm3Regs

000068c0     1a3 (000068c0)     _EPwm4Regs

00006900     1a4 (00006900)     _EPwm5Regs

00006940     1a5 (00006940)     _EPwm6Regs

00006a00     1a8 (00006a00)     _ECap1Regs
00006a20     1a8 (00006a00)     _ECap2Regs

00006a40     1a9 (00006a40)     _ECap3Regs
00006a60     1a9 (00006a40)     _ECap4Regs

00006a80     1aa (00006a80)     _ECap5Regs
00006aa0     1aa (00006a80)     _ECap6Regs

00006b00     1ac (00006b00)     _EQep1Regs

00006b40     1ad (00006b40)     _EQep2Regs

00006f80     1be (00006f80)     _GpioCtrlRegs

00006fc0     1bf (00006fc0)     _GpioDataRegs
00006fe0     1bf (00006fc0)     _GpioIntRegs

00007010     1c0 (00007000)     _SysCtrlRegs

00007040     1c1 (00007040)     _SpiaRegs
00007050     1c1 (00007040)     _SciaRegs
00007070     1c1 (00007040)     _XIntruptRegs

00007100     1c4 (00007100)     _AdcRegs

00007750     1dd (00007740)     _ScibRegs
00007770     1dd (00007740)     _ScicRegs

00007900     1e4 (00007900)     _I2caRegs

00009736     25c (00009700)     _SQRT350

000099f6     267 (000099c0)     _PieVectTableInit

00009af6     26b (00009ac0)     _Tabl_sin_90

00009bac     26e (00009b80)     _TABL_UU1

00009bc4     26f (00009bc0)     _TABL_UU
00009bdc     26f (00009bc0)     _TABL_UV1
00009bf4     26f (00009bc0)     _TABL_UV

00009c0c     270 (00009c00)     _TABL_UW1
00009c24     270 (00009c00)     _TABL_UW
00009c3c     270 (00009c00)     _TABL_CONDITION_FROM_SENSOR_HALL

0000c001     300 (0000c000)     _cnt_vdhl
0000c002     300 (0000c000)     _pMBmemory
0000c004     300 (0000c000)     _flags_drive
0000c008     300 (0000c000)     _brwsr
0000c00e     300 (0000c000)     _rpd_ctrl_regs

0000c040     301 (0000c040)     _data_pmsm

0000c100     304 (0000c100)     _mb_servc

0000c212     308 (0000c200)     _CpuTimer1
0000c21a     308 (0000c200)     _CpuTimer2
0000c222     308 (0000c200)     _CpuTimer0
0000c230     308 (0000c200)     _pCalcSinCos
0000c232     308 (0000c200)     _CalcSinCos
0000c23a     308 (0000c200)     __unlock
0000c23c     308 (0000c200)     __lock
0000c23e     308 (0000c200)     _usCRC16

0000c240     309 (0000c240)     _pMinUDCMotorPrtctn
0000c242     309 (0000c240)     _pPressFaultMotorPrtctn
0000c244     309 (0000c240)     _pMaxUDCMotorPrtctn
0000c246     309 (0000c240)     _pTimeIMotorPrtctn
0000c248     309 (0000c240)     _pBreakPhasePrtctn
0000c24a     309 (0000c240)     _pMaxMotorIPrtctn
0000c256     309 (0000c240)     __cleanup_ptr
0000c258     309 (0000c240)     __dtors_ptr

0033fff8    cfff (0033ffc0)     _CsmPwl


GLOBAL SYMBOLS: SORTED ALPHABETICALLY BY Name 

page  address   name                                      
----  -------   ----                                      
0     00008000  .text                                     
0     0000970b  C$$EXIT                                   
0     00009457  FS$$DIV                                   
0     00009656  L$$DIV                                    
0     00009665  L$$MOD                                    
0     00009673  UL$$DIV                                   
0     0000967a  UL$$MOD                                   
0     00008ba8  _ADCINT_ISR                               
0     00380080  _ADC_cal                                  
0     00008dc4  _AdcInitDrive                             
1     00000b00  _AdcMirror                                
1     00007100  _AdcRegs                                  
0     000081a9  _ApprdFltr                                
0     000095d1  _Base_Cycle                               
0     00009278  _BreakPhasePrtctn                         
0     00008259  _Calc2To3Cos                              
0     0000823d  _Calc3To2                                 
0     00009731  _CalcFastVarblsSttng                      
0     00008288  _CalcLengthVect2In                        
1     0000c232  _CalcSinCos                               
0     00008005  _CalcSinCos_0_90                          
0     000080ba  _CalcSinCos_180_270                       
0     0000811d  _CalcSinCos_270_360                       
0     0000805e  _CalcSinCos_90_180                        
0     0000972d  _CalcVarblsSttng                          
0     000083af  _CalculateConditionPMSBackward            
0     0000835a  _CalculateConditionPMSForward             
0     000082c8  _CalculateScalarCurrentFrom6Phase         
0     00008900  _CntrlDrive                               
0     00009520  _ConfigCpuTimer                           
1     0000c222  _CpuTimer0                                
1     00000c00  _CpuTimer0Regs                            
1     0000c212  _CpuTimer1                                
1     00000c08  _CpuTimer1Regs                            
1     0000c21a  _CpuTimer2                                
1     00000c10  _CpuTimer2Regs                            
1     0033fff8  _CsmPwl                                   
1     00000ae0  _CsmRegs                                  
0     00008ad6  _DATALOG_ISR                              
0     00008cc0  _DINTCH1_ISR                              
0     00008cca  _DINTCH2_ISR                              
0     00008cd4  _DINTCH3_ISR                              
0     00008cde  _DINTCH4_ISR                              
0     00008ce8  _DINTCH5_ISR                              
0     00008cf2  _DINTCH6_ISR                              
1     00000880  _DevEmuRegs                               
0     0000842a  _DisableDog                               
1     00001000  _DmaRegs                                  
0     00008d4c  _ECAN0INTA_ISR                            
0     00008d60  _ECAN0INTB_ISR                            
0     00008d56  _ECAN1INTA_ISR                            
0     00008d6a  _ECAN1INTB_ISR                            
0     00008c34  _ECAP1_INT_ISR                            
0     00008c3e  _ECAP2_INT_ISR                            
0     00008c48  _ECAP3_INT_ISR                            
0     00008c52  _ECAP4_INT_ISR                            
0     00008c5c  _ECAP5_INT_ISR                            
0     00008c66  _ECAP6_INT_ISR                            
1     00006040  _ECanaLAMRegs                             
1     000060c0  _ECanaMOTORegs                            
1     00006080  _ECanaMOTSRegs                            
1     00006100  _ECanaMboxes                              
1     00006000  _ECanaRegs                                
1     00006240  _ECanbLAMRegs                             
1     000062c0  _ECanbMOTORegs                            
1     00006280  _ECanbMOTSRegs                            
1     00006300  _ECanbMboxes                              
1     00006200  _ECanbRegs                                
1     00006a00  _ECap1Regs                                
1     00006a20  _ECap2Regs                                
1     00006a40  _ECap3Regs                                
1     00006a60  _ECap4Regs                                
1     00006a80  _ECap5Regs                                
1     00006aa0  _ECap6Regs                                
0     00008aea  _EMUINT_ISR                               
0     00008bf8  _EPWM1_INT_ISR                            
0     00008bbc  _EPWM1_TZINT_ISR                          
0     00008c02  _EPWM2_INT_ISR                            
0     00008bc6  _EPWM2_TZINT_ISR                          
0     00008c0c  _EPWM3_INT_ISR                            
0     00008bd0  _EPWM3_TZINT_ISR                          
0     00008c16  _EPWM4_INT_ISR                            
0     00008bda  _EPWM4_TZINT_ISR                          
0     00008c20  _EPWM5_INT_ISR                            
0     00008be4  _EPWM5_TZINT_ISR                          
0     00008c2a  _EPWM6_INT_ISR                            
0     00008bee  _EPWM6_TZINT_ISR                          
1     00006800  _EPwm1Regs                                
1     00006840  _EPwm2Regs                                
1     00006880  _EPwm3Regs                                
1     000068c0  _EPwm4Regs                                
1     00006900  _EPwm5Regs                                
1     00006940  _EPwm6Regs                                
0     00008c70  _EQEP1_INT_ISR                            
0     00008c7a  _EQEP2_INT_ISR                            
1     00006b00  _EQep1Regs                                
1     00006b40  _EQep2Regs                                
0     0000969f  _EnableInterrupts                         
1     00000a80  _FlashRegs                                
0     00009423  _FltrMas6Var                              
0     000084a8  _GpioConf                                 
1     00006f80  _GpioCtrlRegs                             
1     00006fc0  _GpioDataRegs                             
1     00006fe0  _GpioIntRegs                              
0     00008a6f  _HandlerExternalButtons                   
0     00008a83  _HandlerFreezeProtection                  
0     00008aa5  _HandlerSwitchDO1                         
0     00008a99  _HandlerSwitchProcessing                  
0     00008e26  _HandlrAdc                                
0     000093e7  _HandlrBttn                               
0     00008f35  _HandlrCurrentAdc                         
0     00008e77  _HandlrFastAdc                            
0     00008e84  _HandlrVoltageAdc                         
0     0000910e  _Handlr_ePwm                              
0     00008cfc  _I2CINT1A_ISR                             
0     00008d06  _I2CINT2A_ISR                             
1     00007900  _I2caRegs                                 
0     00008afe  _ILLEGAL_ISR                              
0     00008acc  _INT13_ISR                                
0     0000936f  _INT14_ISR                                
0     000094df  _InitCpuTimers                            
0     00008ff2  _InitEPwm_1_2_3_4_5_6_Timers              
0     0000840f  _InitFlash                                
0     0000846f  _InitPeripheralClocks                     
0     00009680  _InitPieCtrl                              
0     000096d0  _InitPieVectTable                         
0     00008432  _InitPll                                  
0     000096a8  _InitSPIA                                 
0     00008404  _InitSysCtrl                              
0     00008da6  _LUF_ISR                                  
0     00008d9c  _LVF_ISR                                  
0     00009404  _LimitVar                                 
0     00008cac  _MRINTA_ISR                               
0     00008c98  _MRINTB_ISR                               
0     00008cb6  _MXINTA_ISR                               
0     00008ca2  _MXINTB_ISR                               
0     0000955a  _MainInit                                 
0     0000920c  _MaxMotorIPrtctn                          
0     000092d6  _MaxUDCMotorPrtctn                        
1     00005000  _McbspaRegs                               
1     00005040  _McbspbRegs                               
0     000092ed  _MinUDCMotorPrtctn                        
0     00008af4  _NMI_ISR                                  
0     000081e7  _PID_Regltr                               
0     00008db0  _PIE_RESERVED                             
0     000087ae  _PMSMotorFuncInit                         
0     00008813  _PMSMotorFuncReset                        
0     00008866  _PMSMotorFuncScal                         
0     000088fb  _PMSMotorFuncSensorless                   
0     0000886b  _PMSMotorFuncTechSpec                     
0     000088c7  _PMSMotorFuncTechSpecWithoutIntenstCntrllr
0     000081c6  _PiRegltr                                 
1     00000ce0  _PieCtrlRegs                              
1     00000d00  _PieVectTable                             
0     000099f6  _PieVectTableInit                         
0     00009304  _PressFaultMotorPrtctn                    
0     00008ae0  _RTOSINT_ISR                              
0     00008d24  _SCIRXINTA_ISR                            
0     00008d38  _SCIRXINTB_ISR                            
0     00008d10  _SCIRXINTC_ISR                            
0     00008d2e  _SCITXINTA_ISR                            
0     00008d42  _SCITXINTB_ISR                            
0     00008d1a  _SCITXINTC_ISR                            
0     00008b80  _SEQ1INT_ISR                              
0     00008b8a  _SEQ2INT_ISR                              
0     00008c84  _SPIRXINTA_ISR                            
0     00008c8e  _SPITXINTA_ISR                            
0     00009736  _SQRT350                                  
1     00007050  _SciaRegs                                 
1     00007750  _ScibRegs                                 
1     00007770  _ScicRegs                                 
0     000091ce  _Set_Pwm_Complimentary_State              
0     000091f3  _Set_Pwm_Low_State                        
0     0000817e  _SpeedRef                                 
1     00007040  _SpiaRegs                                 
0     00008000  _Stop                                     
1     00007010  _SysCtrlRegs                              
0     00009c3c  _TABL_CONDITION_FROM_SENSOR_HALL          
0     00009bc4  _TABL_UU                                  
0     00009bac  _TABL_UU1                                 
0     00009bf4  _TABL_UV                                  
0     00009bdc  _TABL_UV1                                 
0     00009c24  _TABL_UW                                  
0     00009c0c  _TABL_UW1                                 
0     0000930e  _TINT0_ISR                                
0     00009af6  _Tabl_sin_90                              
0     000093c8  _TimeDelaySys                             
0     00009247  _TimeIMotorPrtctn                         
0     00008b62  _USER10_ISR                               
0     00008b6c  _USER11_ISR                               
0     00008b76  _USER12_ISR                               
0     00008b08  _USER1_ISR                                
0     00008b12  _USER2_ISR                                
0     00008b1c  _USER3_ISR                                
0     00008b26  _USER4_ISR                                
0     00008b30  _USER5_ISR                                
0     00008b3a  _USER6_ISR                                
0     00008b44  _USER7_ISR                                
0     00008b4e  _USER8_ISR                                
0     00008b58  _USER9_ISR                                
0     00008bb2  _WAKEINT_ISR                              
0     00008b94  _XINT1_ISR                                
0     00008b9e  _XINT2_ISR                                
0     000093bb  _XINT3_ISR                                
0     00008d74  _XINT4_ISR                                
0     00008d7e  _XINT5_ISR                                
0     00008d88  _XINT6_ISR                                
0     00008d92  _XINT7_ISR                                
1     00007070  _XIntruptRegs                             
1     00000b20  _XintfRegs                                
1     00000380  __STACK_END                               
abs   00000380  __STACK_SIZE                              
abs   00000001  __TI_args_main                            
abs   ffffffff  ___TI_pprof_out_hndl                      
abs   ffffffff  ___TI_prof_data_size                      
abs   ffffffff  ___TI_prof_data_start                     
abs   ffffffff  ___binit__                                
abs   ffffffff  ___c_args__                               
0     00009c48  ___cinit__                                
0     00009735  ___etext__                                
abs   ffffffff  ___pinit__                                
0     00008000  ___text__                                 
0     000096f0  __args_main                               
1     0000c256  __cleanup_ptr                             
1     0000c258  __dtors_ptr                               
1     0000c23c  __lock                                    
0     0000972c  __nop                                     
0     00009728  __register_lock                           
0     00009724  __register_unlock                         
1     00000000  __stack                                   
1     0000c23a  __unlock                                  
0     0000970b  _abort                                    
1     0000c008  _brwsr                                    
0     00009610  _c_int00                                  
0     00339c48  _cinit_loadstart                          
0     00009c48  _cinit_runstart                           
abs   0000006d  _cinit_size                               
1     0000c001  _cnt_vdhl                                 
0     00008000  _const_loadstart                          
0     00008000  _const_runstart                           
abs   00000000  _const_size                               
1     0000c040  _data_pmsm                                
0     00339736  _econst_loadstart                         
0     00009736  _econst_runstart                          
abs   00000512  _econst_size                              
0     0000970d  _exit                                     
1     0000c004  _flags_drive                              
0     000095c8  _main                                     
1     0000c100  _mb_servc                                 
1     0000c248  _pBreakPhasePrtctn                        
1     0000c230  _pCalcSinCos                              
1     0000c002  _pMBmemory                                
1     0000c24a  _pMaxMotorIPrtctn                         
1     0000c244  _pMaxUDCMotorPrtctn                       
1     0000c240  _pMinUDCMotorPrtctn                       
1     0000c242  _pPressFaultMotorPrtctn                   
1     0000c246  _pTimeIMotorPrtctn                        
0     00008000  _pinit_loadstart                          
0     00008000  _pinit_runstart                           
abs   00000000  _pinit_size                               
1     0000c00e  _rpd_ctrl_regs                            
0     00008dba  _rsvd_ISR                                 
0     00008000  _switch_loadstart                         
0     00008000  _switch_runstart                          
abs   00000000  _switch_size                              
0     00338000  _text_loadstart                           
0     00008000  _text_runstart                            
abs   00001735  _text_size                                
1     0000c23e  _usCRC16                                  
abs   ffffffff  binit                                     
0     00009c48  cinit                                     
0     0033fff6  code_start                                
0     00339cb5  copy_sections                             
0     00009735  etext                                     
abs   ffffffff  pinit                                     


GLOBAL SYMBOLS: SORTED BY Symbol Address 

page  address   name                                      
----  -------   ----                                      
0     00008000  .text                                     
0     00008000  _Stop                                     
0     00008000  ___text__                                 
0     00008000  _const_loadstart                          
0     00008000  _const_runstart                           
0     00008000  _pinit_loadstart                          
0     00008000  _pinit_runstart                           
0     00008000  _switch_loadstart                         
0     00008000  _switch_runstart                          
0     00008000  _text_runstart                            
0     00008005  _CalcSinCos_0_90                          
0     0000805e  _CalcSinCos_90_180                        
0     000080ba  _CalcSinCos_180_270                       
0     0000811d  _CalcSinCos_270_360                       
0     0000817e  _SpeedRef                                 
0     000081a9  _ApprdFltr                                
0     000081c6  _PiRegltr                                 
0     000081e7  _PID_Regltr                               
0     0000823d  _Calc3To2                                 
0     00008259  _Calc2To3Cos                              
0     00008288  _CalcLengthVect2In                        
0     000082c8  _CalculateScalarCurrentFrom6Phase         
0     0000835a  _CalculateConditionPMSForward             
0     000083af  _CalculateConditionPMSBackward            
0     00008404  _InitSysCtrl                              
0     0000840f  _InitFlash                                
0     0000842a  _DisableDog                               
0     00008432  _InitPll                                  
0     0000846f  _InitPeripheralClocks                     
0     000084a8  _GpioConf                                 
0     000087ae  _PMSMotorFuncInit                         
0     00008813  _PMSMotorFuncReset                        
0     00008866  _PMSMotorFuncScal                         
0     0000886b  _PMSMotorFuncTechSpec                     
0     000088c7  _PMSMotorFuncTechSpecWithoutIntenstCntrllr
0     000088fb  _PMSMotorFuncSensorless                   
0     00008900  _CntrlDrive                               
0     00008a6f  _HandlerExternalButtons                   
0     00008a83  _HandlerFreezeProtection                  
0     00008a99  _HandlerSwitchProcessing                  
0     00008aa5  _HandlerSwitchDO1                         
0     00008acc  _INT13_ISR                                
0     00008ad6  _DATALOG_ISR                              
0     00008ae0  _RTOSINT_ISR                              
0     00008aea  _EMUINT_ISR                               
0     00008af4  _NMI_ISR                                  
0     00008afe  _ILLEGAL_ISR                              
0     00008b08  _USER1_ISR                                
0     00008b12  _USER2_ISR                                
0     00008b1c  _USER3_ISR                                
0     00008b26  _USER4_ISR                                
0     00008b30  _USER5_ISR                                
0     00008b3a  _USER6_ISR                                
0     00008b44  _USER7_ISR                                
0     00008b4e  _USER8_ISR                                
0     00008b58  _USER9_ISR                                
0     00008b62  _USER10_ISR                               
0     00008b6c  _USER11_ISR                               
0     00008b76  _USER12_ISR                               
0     00008b80  _SEQ1INT_ISR                              
0     00008b8a  _SEQ2INT_ISR                              
0     00008b94  _XINT1_ISR                                
0     00008b9e  _XINT2_ISR                                
0     00008ba8  _ADCINT_ISR                               
0     00008bb2  _WAKEINT_ISR                              
0     00008bbc  _EPWM1_TZINT_ISR                          
0     00008bc6  _EPWM2_TZINT_ISR                          
0     00008bd0  _EPWM3_TZINT_ISR                          
0     00008bda  _EPWM4_TZINT_ISR                          
0     00008be4  _EPWM5_TZINT_ISR                          
0     00008bee  _EPWM6_TZINT_ISR                          
0     00008bf8  _EPWM1_INT_ISR                            
0     00008c02  _EPWM2_INT_ISR                            
0     00008c0c  _EPWM3_INT_ISR                            
0     00008c16  _EPWM4_INT_ISR                            
0     00008c20  _EPWM5_INT_ISR                            
0     00008c2a  _EPWM6_INT_ISR                            
0     00008c34  _ECAP1_INT_ISR                            
0     00008c3e  _ECAP2_INT_ISR                            
0     00008c48  _ECAP3_INT_ISR                            
0     00008c52  _ECAP4_INT_ISR                            
0     00008c5c  _ECAP5_INT_ISR                            
0     00008c66  _ECAP6_INT_ISR                            
0     00008c70  _EQEP1_INT_ISR                            
0     00008c7a  _EQEP2_INT_ISR                            
0     00008c84  _SPIRXINTA_ISR                            
0     00008c8e  _SPITXINTA_ISR                            
0     00008c98  _MRINTB_ISR                               
0     00008ca2  _MXINTB_ISR                               
0     00008cac  _MRINTA_ISR                               
0     00008cb6  _MXINTA_ISR                               
0     00008cc0  _DINTCH1_ISR                              
0     00008cca  _DINTCH2_ISR                              
0     00008cd4  _DINTCH3_ISR                              
0     00008cde  _DINTCH4_ISR                              
0     00008ce8  _DINTCH5_ISR                              
0     00008cf2  _DINTCH6_ISR                              
0     00008cfc  _I2CINT1A_ISR                             
0     00008d06  _I2CINT2A_ISR                             
0     00008d10  _SCIRXINTC_ISR                            
0     00008d1a  _SCITXINTC_ISR                            
0     00008d24  _SCIRXINTA_ISR                            
0     00008d2e  _SCITXINTA_ISR                            
0     00008d38  _SCIRXINTB_ISR                            
0     00008d42  _SCITXINTB_ISR                            
0     00008d4c  _ECAN0INTA_ISR                            
0     00008d56  _ECAN1INTA_ISR                            
0     00008d60  _ECAN0INTB_ISR                            
0     00008d6a  _ECAN1INTB_ISR                            
0     00008d74  _XINT4_ISR                                
0     00008d7e  _XINT5_ISR                                
0     00008d88  _XINT6_ISR                                
0     00008d92  _XINT7_ISR                                
0     00008d9c  _LVF_ISR                                  
0     00008da6  _LUF_ISR                                  
0     00008db0  _PIE_RESERVED                             
0     00008dba  _rsvd_ISR                                 
0     00008dc4  _AdcInitDrive                             
0     00008e26  _HandlrAdc                                
0     00008e77  _HandlrFastAdc                            
0     00008e84  _HandlrVoltageAdc                         
0     00008f35  _HandlrCurrentAdc                         
0     00008ff2  _InitEPwm_1_2_3_4_5_6_Timers              
0     0000910e  _Handlr_ePwm                              
0     000091ce  _Set_Pwm_Complimentary_State              
0     000091f3  _Set_Pwm_Low_State                        
0     0000920c  _MaxMotorIPrtctn                          
0     00009247  _TimeIMotorPrtctn                         
0     00009278  _BreakPhasePrtctn                         
0     000092d6  _MaxUDCMotorPrtctn                        
0     000092ed  _MinUDCMotorPrtctn                        
0     00009304  _PressFaultMotorPrtctn                    
0     0000930e  _TINT0_ISR                                
0     0000936f  _INT14_ISR                                
0     000093bb  _XINT3_ISR                                
0     000093c8  _TimeDelaySys                             
0     000093e7  _HandlrBttn                               
0     00009404  _LimitVar                                 
0     00009423  _FltrMas6Var                              
0     00009457  FS$$DIV                                   
0     000094df  _InitCpuTimers                            
0     00009520  _ConfigCpuTimer                           
0     0000955a  _MainInit                                 
0     000095c8  _main                                     
0     000095d1  _Base_Cycle                               
0     00009610  _c_int00                                  
0     00009656  L$$DIV                                    
0     00009665  L$$MOD                                    
0     00009673  UL$$DIV                                   
0     0000967a  UL$$MOD                                   
0     00009680  _InitPieCtrl                              
0     0000969f  _EnableInterrupts                         
0     000096a8  _InitSPIA                                 
0     000096d0  _InitPieVectTable                         
0     000096f0  __args_main                               
0     0000970b  C$$EXIT                                   
0     0000970b  _abort                                    
0     0000970d  _exit                                     
0     00009724  __register_unlock                         
0     00009728  __register_lock                           
0     0000972c  __nop                                     
0     0000972d  _CalcVarblsSttng                          
0     00009731  _CalcFastVarblsSttng                      
0     00009735  ___etext__                                
0     00009735  etext                                     
0     00009736  _SQRT350                                  
0     00009736  _econst_runstart                          
0     000099f6  _PieVectTableInit                         
0     00009af6  _Tabl_sin_90                              
0     00009bac  _TABL_UU1                                 
0     00009bc4  _TABL_UU                                  
0     00009bdc  _TABL_UV1                                 
0     00009bf4  _TABL_UV                                  
0     00009c0c  _TABL_UW1                                 
0     00009c24  _TABL_UW                                  
0     00009c3c  _TABL_CONDITION_FROM_SENSOR_HALL          
0     00009c48  ___cinit__                                
0     00009c48  _cinit_runstart                           
0     00009c48  cinit                                     
0     00338000  _text_loadstart                           
0     00339736  _econst_loadstart                         
0     00339c48  _cinit_loadstart                          
0     00339cb5  copy_sections                             
0     0033fff6  code_start                                
0     00380080  _ADC_cal                                  
1     00000000  __stack                                   
1     00000380  __STACK_END                               
1     00000880  _DevEmuRegs                               
1     00000a80  _FlashRegs                                
1     00000ae0  _CsmRegs                                  
1     00000b00  _AdcMirror                                
1     00000b20  _XintfRegs                                
1     00000c00  _CpuTimer0Regs                            
1     00000c08  _CpuTimer1Regs                            
1     00000c10  _CpuTimer2Regs                            
1     00000ce0  _PieCtrlRegs                              
1     00000d00  _PieVectTable                             
1     00001000  _DmaRegs                                  
1     00005000  _McbspaRegs                               
1     00005040  _McbspbRegs                               
1     00006000  _ECanaRegs                                
1     00006040  _ECanaLAMRegs                             
1     00006080  _ECanaMOTSRegs                            
1     000060c0  _ECanaMOTORegs                            
1     00006100  _ECanaMboxes                              
1     00006200  _ECanbRegs                                
1     00006240  _ECanbLAMRegs                             
1     00006280  _ECanbMOTSRegs                            
1     000062c0  _ECanbMOTORegs                            
1     00006300  _ECanbMboxes                              
1     00006800  _EPwm1Regs                                
1     00006840  _EPwm2Regs                                
1     00006880  _EPwm3Regs                                
1     000068c0  _EPwm4Regs                                
1     00006900  _EPwm5Regs                                
1     00006940  _EPwm6Regs                                
1     00006a00  _ECap1Regs                                
1     00006a20  _ECap2Regs                                
1     00006a40  _ECap3Regs                                
1     00006a60  _ECap4Regs                                
1     00006a80  _ECap5Regs                                
1     00006aa0  _ECap6Regs                                
1     00006b00  _EQep1Regs                                
1     00006b40  _EQep2Regs                                
1     00006f80  _GpioCtrlRegs                             
1     00006fc0  _GpioDataRegs                             
1     00006fe0  _GpioIntRegs                              
1     00007010  _SysCtrlRegs                              
1     00007040  _SpiaRegs                                 
1     00007050  _SciaRegs                                 
1     00007070  _XIntruptRegs                             
1     00007100  _AdcRegs                                  
1     00007750  _ScibRegs                                 
1     00007770  _ScicRegs                                 
1     00007900  _I2caRegs                                 
1     0000c001  _cnt_vdhl                                 
1     0000c002  _pMBmemory                                
1     0000c004  _flags_drive                              
1     0000c008  _brwsr                                    
1     0000c00e  _rpd_ctrl_regs                            
1     0000c040  _data_pmsm                                
1     0000c100  _mb_servc                                 
1     0000c212  _CpuTimer1                                
1     0000c21a  _CpuTimer2                                
1     0000c222  _CpuTimer0                                
1     0000c230  _pCalcSinCos                              
1     0000c232  _CalcSinCos                               
1     0000c23a  __unlock                                  
1     0000c23c  __lock                                    
1     0000c23e  _usCRC16                                  
1     0000c240  _pMinUDCMotorPrtctn                       
1     0000c242  _pPressFaultMotorPrtctn                   
1     0000c244  _pMaxUDCMotorPrtctn                       
1     0000c246  _pTimeIMotorPrtctn                        
1     0000c248  _pBreakPhasePrtctn                        
1     0000c24a  _pMaxMotorIPrtctn                         
1     0000c256  __cleanup_ptr                             
1     0000c258  __dtors_ptr                               
1     0033fff8  _CsmPwl                                   
abs   00000000  _const_size                               
abs   00000000  _pinit_size                               
abs   00000000  _switch_size                              
abs   00000001  __TI_args_main                            
abs   0000006d  _cinit_size                               
abs   00000380  __STACK_SIZE                              
abs   00000512  _econst_size                              
abs   00001735  _text_size                                
abs   ffffffff  ___TI_pprof_out_hndl                      
abs   ffffffff  ___TI_prof_data_size                      
abs   ffffffff  ___TI_prof_data_start                     
abs   ffffffff  ___binit__                                
abs   ffffffff  ___c_args__                               
abs   ffffffff  ___pinit__                                
abs   ffffffff  binit                                     
abs   ffffffff  pinit                                     

[275 symbols]
